Archive member included to satisfy reference by file (symbol)

.\CortexM3\ARM_GCC_541\Debug\Proy3_1.a(ADC.o)
                              .\CortexM3\ARM_GCC_541\Debug\main.o (ADC_Start)
.\CortexM3\ARM_GCC_541\Debug\Proy3_1.a(ADC_INT.o)
                              .\CortexM3\ARM_GCC_541\Debug\Proy3_1.a(ADC.o) (ADC_ISR)
.\CortexM3\ARM_GCC_541\Debug\Proy3_1.a(DAC.o)
                              .\CortexM3\ARM_GCC_541\Debug\main.o (DAC_SetValue)
.\CortexM3\ARM_GCC_541\Debug\Proy3_1.a(LCD.o)
                              .\CortexM3\ARM_GCC_541\Debug\main.o (LCD_PrintString)
.\CortexM3\ARM_GCC_541\Debug\Proy3_1.a(ADC_theACLK.o)
                              .\CortexM3\ARM_GCC_541\Debug\Proy3_1.a(ADC.o) (ADC_theACLK_SetModeRegister)
.\CortexM3\ARM_GCC_541\Debug\Proy3_1.a(CyLib.o)
                              .\CortexM3\ARM_GCC_541\Debug\Cm3Start.o (CyHalt)
.\CortexM3\ARM_GCC_541\Debug\Proy3_1.a(cyPm.o)
                              .\CortexM3\ARM_GCC_541\Debug\Proy3_1.a(CyLib.o) (CyPmReadStatus)
.\CortexM3\ARM_GCC_541\Debug\Proy3_1.a(LEDS.o)
                              .\CortexM3\ARM_GCC_541\Debug\main.o (LEDS_Write)
.\CortexM3\ARM_GCC_541\Debug\Proy3_1.a(ISR.o)
                              .\CortexM3\ARM_GCC_541\Debug\main.o (ISR_StartEx)
.\CortexM3\ARM_GCC_541\Debug\Proy3_1.a(Timer.o)
                              .\CortexM3\ARM_GCC_541\Debug\main.o (Timer_Start)
.\CortexM3\ARM_GCC_541\Debug\Proy3_1.a(SW.o)
                              .\CortexM3\ARM_GCC_541\Debug\main.o (SW_ClearInterrupt)
.\CortexM3\ARM_GCC_541\Debug\Proy3_1.a(ISR_1.o)
                              .\CortexM3\ARM_GCC_541\Debug\main.o (ISR_1_StartEx)
.\CortexM3\ARM_GCC_541\Debug\Proy3_1.a(PWM_1.o)
                              .\CortexM3\ARM_GCC_541\Debug\main.o (PWM_1_WriteCompare)
.\CortexM3\ARM_GCC_541\Debug\Proy3_1.a(VD.o)
                              .\CortexM3\ARM_GCC_541\Debug\main.o (VD_SetValue)
.\CortexM3\ARM_GCC_541\Debug\Proy3_1.a(CyBootAsmGnu.o)
                              .\CortexM3\ARM_GCC_541\Debug\Proy3_1.a(CyLib.o) (CyDelayCycles)
.\CortexM3\ARM_GCC_541\Debug\Proy3_1.a(CyFlash.o)
                              .\CortexM3\ARM_GCC_541\Debug\Proy3_1.a(cyPm.o) (CyFlash_SetWaitCycles)
.\CortexM3\ARM_GCC_541\Debug\Proy3_1.a(CySpc.o)
                              .\CortexM3\ARM_GCC_541\Debug\Proy3_1.a(CyFlash.o) (CySpcStart)
c:/program files (x86)/cypress/psoc creator/4.2/psoc creator/import/gnu/arm/5.4.1/bin/../lib/gcc/arm-none-eabi/5.4.1/armv7-m\libgcc.a(_arm_addsubsf3.o)
                              .\CortexM3\ARM_GCC_541\Debug\main.o (__aeabi_fadd)
c:/program files (x86)/cypress/psoc creator/4.2/psoc creator/import/gnu/arm/5.4.1/bin/../lib/gcc/arm-none-eabi/5.4.1/armv7-m\libgcc.a(_arm_muldivsf3.o)
                              .\CortexM3\ARM_GCC_541\Debug\main.o (__aeabi_fmul)
c:/program files (x86)/cypress/psoc creator/4.2/psoc creator/import/gnu/arm/5.4.1/bin/../lib/gcc/arm-none-eabi/5.4.1/armv7-m\libgcc.a(_arm_fixunssfsi.o)
                              .\CortexM3\ARM_GCC_541\Debug\main.o (__aeabi_f2uiz)
c:/program files (x86)/cypress/psoc creator/4.2/psoc creator/import/gnu/arm/5.4.1/bin/../lib/gcc/arm-none-eabi/5.4.1/armv7-m\libgcc.a(_aeabi_ldivmod.o)
                              .\CortexM3\ARM_GCC_541\Debug\Proy3_1.a(ADC.o) (__aeabi_ldivmod)
c:/program files (x86)/cypress/psoc creator/4.2/psoc creator/import/gnu/arm/5.4.1/bin/../lib/gcc/arm-none-eabi/5.4.1/armv7-m\libgcc.a(_udivmoddi4.o)
                              c:/program files (x86)/cypress/psoc creator/4.2/psoc creator/import/gnu/arm/5.4.1/bin/../lib/gcc/arm-none-eabi/5.4.1/armv7-m\libgcc.a(_aeabi_ldivmod.o) (__udivmoddi4)
c:/program files (x86)/cypress/psoc creator/4.2/psoc creator/import/gnu/arm/5.4.1/bin/../lib/gcc/arm-none-eabi/5.4.1/armv7-m\libgcc.a(_dvmd_tls.o)
                              c:/program files (x86)/cypress/psoc creator/4.2/psoc creator/import/gnu/arm/5.4.1/bin/../lib/gcc/arm-none-eabi/5.4.1/armv7-m\libgcc.a(_aeabi_ldivmod.o) (__aeabi_ldiv0)
c:/program files (x86)/cypress/psoc creator/4.2/psoc creator/import/gnu/arm/5.4.1/bin/../lib/gcc/arm-none-eabi/5.4.1/../../../../arm-none-eabi/lib/armv7-m\libg_nano.a(lib_a-errno.o)
                              .\CortexM3\ARM_GCC_541\Debug\Cm3Start.o (__errno)
c:/program files (x86)/cypress/psoc creator/4.2/psoc creator/import/gnu/arm/5.4.1/bin/../lib/gcc/arm-none-eabi/5.4.1/../../../../arm-none-eabi/lib/armv7-m\libg_nano.a(lib_a-exit.o)
                              c:/program files (x86)/cypress/psoc creator/4.2/psoc creator/import/gnu/arm/5.4.1/bin/../lib/gcc/arm-none-eabi/5.4.1/../../../../arm-none-eabi/lib/armv7-m/crt0.o (exit)
c:/program files (x86)/cypress/psoc creator/4.2/psoc creator/import/gnu/arm/5.4.1/bin/../lib/gcc/arm-none-eabi/5.4.1/../../../../arm-none-eabi/lib/armv7-m\libg_nano.a(lib_a-impure.o)
[...]
Memory Configuration

Name             Origin             Length             Attributes
rom              0x00000000         0x00040000         xr
ram              0x1fff8000         0x00010000         xrw
*default*        0x00000000         0xffffffff

Linker script and memory map

LOAD c:/program files (x86)/cypress/psoc creator/4.2/psoc creator/import/gnu/arm/5.4.1/bin/../lib/gcc/arm-none-eabi/5.4.1/armv7-m/crti.o
LOAD c:/program files (x86)/cypress/psoc creator/4.2/psoc creator/import/gnu/arm/5.4.1/bin/../lib/gcc/arm-none-eabi/5.4.1/armv7-m/crtbegin.o
LOAD c:/program files (x86)/cypress/psoc creator/4.2/psoc creator/import/gnu/arm/5.4.1/bin/../lib/gcc/arm-none-eabi/5.4.1/../../../../arm-none-eabi/lib/armv7-m/crt0.o
START GROUP
LOAD .\CortexM3\ARM_GCC_541\Debug\main.o
LOAD .\CortexM3\ARM_GCC_541\Debug\cyfitter_cfg.o
LOAD .\CortexM3\ARM_GCC_541\Debug\cymetadata.o
LOAD .\CortexM3\ARM_GCC_541\Debug\Cm3Start.o
LOAD .\CortexM3\ARM_GCC_541\Debug\Proy3_1.a
LOAD C:\Program Files (x86)\Cypress\PSoC Creator\4.2\PSoC Creator\psoc\content\cycomponentlibrary\CyComponentLibrary.cylib\CortexM3\ARM_GCC_541\Debug\CyComponentLibrary.a
LOAD c:/program files (x86)/cypress/psoc creator/4.2/psoc creator/import/gnu/arm/5.4.1/bin/../lib/gcc/arm-none-eabi/5.4.1/../../../../arm-none-eabi/lib/armv7-m\libm.a
END GROUP
START GROUP
LOAD c:/program files (x86)/cypress/psoc creator/4.2/psoc creator/import/gnu/arm/5.4.1/bin/../lib/gcc/arm-none-eabi/5.4.1/armv7-m\libgcc.a
LOAD c:/program files (x86)/cypress/psoc creator/4.2/psoc creator/import/gnu/arm/5.4.1/bin/../lib/gcc/arm-none-eabi/5.4.1/../../../../arm-none-eabi/lib/armv7-m\libg_nano.a
LOAD c:/program files (x86)/cypress/psoc creator/4.2/psoc creator/import/gnu/arm/5.4.1/bin/../lib/gcc/arm-none-eabi/5.4.1/../../../../arm-none-eabi/lib/armv7-m\libc_nano.a
END GROUP
START GROUP
LOAD c:/program files (x86)/cypress/psoc creator/4.2/psoc creator/import/gnu/arm/5.4.1/bin/../lib/gcc/arm-none-eabi/5.4.1/armv7-m\libgcc.a
LOAD c:/program files (x86)/cypress/psoc creator/4.2/psoc creator/import/gnu/arm/5.4.1/bin/../lib/gcc/arm-none-eabi/5.4.1/../../../../arm-none-eabi/lib/armv7-m\libc_nano.a
END GROUP
LOAD c:/program files (x86)/cypress/psoc creator/4.2/psoc creator/import/gnu/arm/5.4.1/bin/../lib/gcc/arm-none-eabi/5.4.1/armv7-m/crtend.o
LOAD c:/program files (x86)/cypress/psoc creator/4.2/psoc creator/import/gnu/arm/5.4.1/bin/../lib/gcc/arm-none-eabi/5.4.1/armv7-m/crtn.o
START GROUP
LOAD c:/program files (x86)/cypress/psoc creator/4.2/psoc creator/import/gnu/arm/5.4.1/bin/../lib/gcc/arm-none-eabi/5.4.1/armv7-m\libgcc.a
LOAD c:/program files (x86)/cypress/psoc creator/4.2/psoc creator/import/gnu/arm/5.4.1/bin/../lib/gcc/arm-none-eabi/5.4.1/../../../../arm-none-eabi/lib/armv7-m\libc.a
LOAD c:/program files (x86)/cypress/psoc creator/4.2/psoc creator/import/gnu/arm/5.4.1/bin/../lib/gcc/arm-none-eabi/5.4.1/../../../../arm-none-eabi/lib/armv7-m\libnosys.a
END GROUP
                0x00000000                CY_APPL_ORIGIN = 0x0
                0x00000100                CY_FLASH_ROW_SIZE = 0x100
                0x00000020                CY_ECC_ROW_SIZE = 0x20
                0x00000000                CY_EE_IN_BTLDR = 0x0
                0x00000000                CY_APPL_LOADABLE = 0x0
                0x00000800                CY_EE_SIZE = 0x800
                0x00000001                CY_APPL_NUM = 0x1
                0x00000001                CY_APPL_MAX = 0x1
                0x00000040                CY_METADATA_SIZE = 0x40
                0x00000000                CY_APPL_LOADABLE = 0x0
                0x00000000                CY_CHECKSUM_EXCLUDE_SIZE = ALIGN (0x0, CY_FLASH_ROW_SIZE)
                [!provide]                PROVIDE (__cy_heap_start, _end)
                0x00000001                PROVIDE (__cy_region_num, ((__cy_regions_end - __cy_regions) / 0x10))
                0x20008000                PROVIDE (__cy_stack, (ORIGIN (ram) + LENGTH (ram)))
                [!provide]                PROVIDE (__cy_heap_end, (__cy_stack - 0x800))

.cybootloader   0x00000000        0x0
 *(.cybootloader)
                0x00000000                appl1_start = CY_APPL_ORIGIN?CY_APPL_ORIGIN:ALIGN (CY_FLASH_ROW_SIZE)
                0x0001ff00                appl2_start = (appl1_start + ALIGN ((((LENGTH (rom) - appl1_start) - (0x2 * CY_FLASH_ROW_SIZE)) / 0x2), CY_FLASH_ROW_SIZE))
                0x00000000                appl_start = (CY_APPL_NUM == 0x1)?appl1_start:appl2_start
                0x00000000                ecc_offset = ((appl_start / CY_FLASH_ROW_SIZE) * CY_ECC_ROW_SIZE)
                0x00000000                ee_offset = (CY_APPL_LOADABLE && ! (CY_EE_IN_BTLDR))?((CY_EE_SIZE / CY_APPL_MAX) * (CY_APPL_NUM - 0x1)):0x0
                0x00000800                ee_size = (CY_APPL_LOADABLE && ! (CY_EE_IN_BTLDR))?(CY_EE_SIZE / CY_APPL_MAX):CY_EE_SIZE
                [!provide]                PROVIDE (CY_ECC_OFFSET, ecc_offset)

.text           0x00000000     0x270a
 CREATE_OBJECT_SYMBOLS
                0x00000000                PROVIDE (__cy_interrupt_vector, RomVectors)
 *(.romvectors)
 .romvectors    0x00000000       0x10 .\CortexM3\ARM_GCC_541\Debug\Cm3Start.o
                0x00000000                RomVectors
                0x00000001                ASSERT ((. != __cy_interrupt_vector), No interrupt vector)
                0x00000001                ASSERT (CY_APPL_ORIGIN?(SIZEOF (.cybootloader) <= CY_APPL_ORIGIN):0x1, Wrong image location)
                0x00000010                PROVIDE (__cy_reset, Reset)
 *(.text.Reset)
 .text.Reset    0x00000010       0x18 .\CortexM3\ARM_GCC_541\Debug\Cm3Start.o
                0x00000010                Reset
                0x00000001                ASSERT ((. != __cy_reset), No reset code)
 *(.dma_init)
                0x00000001                ASSERT ((((appl_start + .) <= 0x10000) || 0x1), DMA Init must be within the first 64k of flash)
 *(.text .text.* .gnu.linkonce.t.*)
 .text          0x00000028       0x5c c:/program files (x86)/cypress/psoc creator/4.2/psoc creator/import/gnu/arm/5.4.1/bin/../lib/gcc/arm-none-eabi/5.4.1/armv7-m/crtbegin.o
 .text.INT_SW   0x00000084       0x8c .\CortexM3\ARM_GCC_541\Debug\main.o
                0x00000084                INT_SW
 .text.llegaMuestra
                0x00000110     0x13a8 .\CortexM3\ARM_GCC_541\Debug\main.o
                0x00000110                llegaMuestra
 .text.main     0x000014b8       0x50 .\CortexM3\ARM_GCC_541\Debug\main.o
                0x000014b8                main
 .text.cfg_write_bytes32
                0x00001508       0x34 .\CortexM3\ARM_GCC_541\Debug\cyfitter_cfg.o
 .text.CYMEMZERO
                0x0000153c        0xc .\CortexM3\ARM_GCC_541\Debug\cyfitter_cfg.o
 .text.AnalogSetDefault
                0x00001548       0x94 .\CortexM3\ARM_GCC_541\Debug\cyfitter_cfg.o
 .text.CYCONFIGCPY
                0x000015dc        0x8 .\CortexM3\ARM_GCC_541\Debug\cyfitter_cfg.o
 .text.ClockSetup
                0x000015e4       0xb0 .\CortexM3\ARM_GCC_541\Debug\cyfitter_cfg.o
 .text.cyfitter_cfg
                0x00001694       0xf4 .\CortexM3\ARM_GCC_541\Debug\cyfitter_cfg.o
                0x00001694                cyfitter_cfg
 .text.IntDefaultHandler
                0x00001788       0x10 .\CortexM3\ARM_GCC_541\Debug\Cm3Start.o
                0x00001788                IntDefaultHandler
 .text.Start_c  0x00001798       0x4c .\CortexM3\ARM_GCC_541\Debug\Cm3Start.o
                0x00001798                Start_c
 .text.initialize_psoc
                0x000017e4       0x68 .\CortexM3\ARM_GCC_541\Debug\Cm3Start.o
                0x000017e4                initialize_psoc
 .text.ADC_CalcGain
                0x0000184c       0x64 .\CortexM3\ARM_GCC_541\Debug\Proy3_1.a(ADC.o)
 .text.ADC_Enable
                0x000018b0       0x94 .\CortexM3\ARM_GCC_541\Debug\Proy3_1.a(ADC.o)
                0x000018b0                ADC_Enable
 .text.ADC_SetResolution
                0x00001944       0x38 .\CortexM3\ARM_GCC_541\Debug\Proy3_1.a(ADC.o)
                0x00001944                ADC_SetResolution
 .text.ADC_Init
                0x0000197c       0x3c .\CortexM3\ARM_GCC_541\Debug\Proy3_1.a(ADC.o)
                0x0000197c                ADC_Init
 .text.ADC_Start
                0x000019b8       0x1c .\CortexM3\ARM_GCC_541\Debug\Proy3_1.a(ADC.o)
                0x000019b8                ADC_Start
 .text.ADC_StartConvert
                0x000019d4       0x18 .\CortexM3\ARM_GCC_541\Debug\Proy3_1.a(ADC.o)
                0x000019d4                ADC_StartConvert
 .text.ADC_IsEndConversion
                0x000019ec       0x24 .\CortexM3\ARM_GCC_541\Debug\Proy3_1.a(ADC.o)
                0x000019ec                ADC_IsEndConversion
 .text.ADC_GetResult16
                0x00001a10       0x18 .\CortexM3\ARM_GCC_541\Debug\Proy3_1.a(ADC.o)
                0x00001a10                ADC_GetResult16
 .text.ADC_ISR  0x00001a28        0x4 .\CortexM3\ARM_GCC_541\Debug\Proy3_1.a(ADC_INT.o)
                0x00001a28                ADC_ISR
 .text.DAC_Enable
                0x00001a2c       0x1c .\CortexM3\ARM_GCC_541\Debug\Proy3_1.a(DAC.o)
                0x00001a2c                DAC_Enable
 .text.DAC_SetSpeed
                0x00001a48       0x1c .\CortexM3\ARM_GCC_541\Debug\Proy3_1.a(DAC.o)
                0x00001a48                DAC_SetSpeed
 .text.DAC_SetValue
                0x00001a64        0xc .\CortexM3\ARM_GCC_541\Debug\Proy3_1.a(DAC.o)
                0x00001a64                DAC_SetValue
 .text.DAC_DacTrim
                0x00001a70       0x24 .\CortexM3\ARM_GCC_541\Debug\Proy3_1.a(DAC.o)
                0x00001a70                DAC_DacTrim
 .text.DAC_SetRange
                0x00001a94       0x20 .\CortexM3\ARM_GCC_541\Debug\Proy3_1.a(DAC.o)
                0x00001a94                DAC_SetRange
 .text.DAC_Init
                0x00001ab4       0x20 .\CortexM3\ARM_GCC_541\Debug\Proy3_1.a(DAC.o)
                0x00001ab4                DAC_Init
 .text.DAC_Start
                0x00001ad4       0x24 .\CortexM3\ARM_GCC_541\Debug\Proy3_1.a(DAC.o)
                0x00001ad4                DAC_Start
 .text.LCD_WrCntrlNib
                0x00001af8       0x34 .\CortexM3\ARM_GCC_541\Debug\Proy3_1.a(LCD.o)
 .text.LCD_WrDatNib
                0x00001b2c       0x44 .\CortexM3\ARM_GCC_541\Debug\Proy3_1.a(LCD.o)
 .text.LCD_IsReady
                0x00001b70       0xe4 .\CortexM3\ARM_GCC_541\Debug\Proy3_1.a(LCD.o)
                0x00001b70                LCD_IsReady
 .text.LCD_WriteData
                0x00001c54       0x18 .\CortexM3\ARM_GCC_541\Debug\Proy3_1.a(LCD.o)
                0x00001c54                LCD_WriteData
 .text.LCD_PrintString
                0x00001c6c       0x1c .\CortexM3\ARM_GCC_541\Debug\Proy3_1.a(LCD.o)
                0x00001c6c                LCD_PrintString
 .text.LCD_WriteControl
                0x00001c88       0x18 .\CortexM3\ARM_GCC_541\Debug\Proy3_1.a(LCD.o)
                0x00001c88                LCD_WriteControl
 .text.LCD_Init
                0x00001ca0       0x6c .\CortexM3\ARM_GCC_541\Debug\Proy3_1.a(LCD.o)
                0x00001ca0                LCD_Init
 .text.LCD_Enable
                0x00001d0c       0x14 .\CortexM3\ARM_GCC_541\Debug\Proy3_1.a(LCD.o)
                0x00001d0c                LCD_Enable
 .text.LCD_Start
                0x00001d20       0x1c .\CortexM3\ARM_GCC_541\Debug\Proy3_1.a(LCD.o)
                0x00001d20                LCD_Start
 .text.LCD_Position
                0x00001d3c       0x3c .\CortexM3\ARM_GCC_541\Debug\Proy3_1.a(LCD.o)
                0x00001d3c                LCD_Position
 .text.ADC_theACLK_SetModeRegister
                0x00001d78       0x14 .\CortexM3\ARM_GCC_541\Debug\Proy3_1.a(ADC_theACLK.o)
                0x00001d78                ADC_theACLK_SetModeRegister
 .text.CyHalt   0x00001d8c        0x4 .\CortexM3\ARM_GCC_541\Debug\Proy3_1.a(CyLib.o)
                0x00001d8c                CyHalt
 .text.CyDelay  0x00001d90       0x2c .\CortexM3\ARM_GCC_541\Debug\Proy3_1.a(CyLib.o)
                0x00001d90                CyDelay
 .text.CyDelayUs
                0x00001dbc       0x14 .\CortexM3\ARM_GCC_541\Debug\Proy3_1.a(CyLib.o)
                0x00001dbc                CyDelayUs
 .text.CyIntSetVector
                0x00001dd0       0x28 .\CortexM3\ARM_GCC_541\Debug\Proy3_1.a(CyLib.o)
                0x00001dd0                CyIntSetVector
 .text.CyIntSetPriority
                0x00001df8       0x30 .\CortexM3\ARM_GCC_541\Debug\Proy3_1.a(CyLib.o)
                0x00001df8                CyIntSetPriority
 .text.LEDS_Write
                0x00001e28       0x18 .\CortexM3\ARM_GCC_541\Debug\Proy3_1.a(LEDS.o)
                0x00001e28                LEDS_Write
 .text.LEDS_Read
                0x00001e40       0x10 .\CortexM3\ARM_GCC_541\Debug\Proy3_1.a(LEDS.o)
                0x00001e40                LEDS_Read
 .text.ISR_SetVector
                0x00001e50        0xc .\CortexM3\ARM_GCC_541\Debug\Proy3_1.a(ISR.o)
                0x00001e50                ISR_SetVector
 .text.ISR_SetPriority
                0x00001e5c       0x10 .\CortexM3\ARM_GCC_541\Debug\Proy3_1.a(ISR.o)
                0x00001e5c                ISR_SetPriority
 .text.ISR_Enable
                0x00001e6c        0xc .\CortexM3\ARM_GCC_541\Debug\Proy3_1.a(ISR.o)
                0x00001e6c                ISR_Enable
 .text.ISR_Disable
                0x00001e78        0xc .\CortexM3\ARM_GCC_541\Debug\Proy3_1.a(ISR.o)
                0x00001e78                ISR_Disable
 .text.ISR_StartEx
                0x00001e84       0x1c .\CortexM3\ARM_GCC_541\Debug\Proy3_1.a(ISR.o)
                0x00001e84                ISR_StartEx
 .text.Timer_Enable
                0x00001ea0       0x28 .\CortexM3\ARM_GCC_541\Debug\Proy3_1.a(Timer.o)
                0x00001ea0                Timer_Enable
 .text.Timer_SetInterruptMode
                0x00001ec8        0xc .\CortexM3\ARM_GCC_541\Debug\Proy3_1.a(Timer.o)
                0x00001ec8                Timer_SetInterruptMode
 .text.Timer_WritePeriod
                0x00001ed4        0xc .\CortexM3\ARM_GCC_541\Debug\Proy3_1.a(Timer.o)
                0x00001ed4                Timer_WritePeriod
 .text.Timer_WriteCounter
                0x00001ee0        0xc .\CortexM3\ARM_GCC_541\Debug\Proy3_1.a(Timer.o)
                0x00001ee0                Timer_WriteCounter
 .text.Timer_Init
                0x00001eec       0x64 .\CortexM3\ARM_GCC_541\Debug\Proy3_1.a(Timer.o)
                0x00001eec                Timer_Init
 .text.Timer_Start
                0x00001f50       0x1c .\CortexM3\ARM_GCC_541\Debug\Proy3_1.a(Timer.o)
                0x00001f50                Timer_Start
 .text.SW_ClearInterrupt
                0x00001f6c       0x10 .\CortexM3\ARM_GCC_541\Debug\Proy3_1.a(SW.o)
                0x00001f6c                SW_ClearInterrupt
 .text.ISR_1_SetVector
                0x00001f7c        0xc .\CortexM3\ARM_GCC_541\Debug\Proy3_1.a(ISR_1.o)
                0x00001f7c                ISR_1_SetVector
 .text.ISR_1_SetPriority
                0x00001f88       0x10 .\CortexM3\ARM_GCC_541\Debug\Proy3_1.a(ISR_1.o)
                0x00001f88                ISR_1_SetPriority
 .text.ISR_1_Enable
                0x00001f98        0xc .\CortexM3\ARM_GCC_541\Debug\Proy3_1.a(ISR_1.o)
                0x00001f98                ISR_1_Enable
 .text.ISR_1_Disable
                0x00001fa4        0xc .\CortexM3\ARM_GCC_541\Debug\Proy3_1.a(ISR_1.o)
                0x00001fa4                ISR_1_Disable
 .text.ISR_1_StartEx
                0x00001fb0       0x1c .\CortexM3\ARM_GCC_541\Debug\Proy3_1.a(ISR_1.o)
                0x00001fb0                ISR_1_StartEx
 .text.PWM_1_Enable
                0x00001fcc       0x10 .\CortexM3\ARM_GCC_541\Debug\Proy3_1.a(PWM_1.o)
                0x00001fcc                PWM_1_Enable
 .text.PWM_1_WriteCounter
                0x00001fdc        0xc .\CortexM3\ARM_GCC_541\Debug\Proy3_1.a(PWM_1.o)
                0x00001fdc                PWM_1_WriteCounter
 .text.PWM_1_WritePeriod
                0x00001fe8        0xc .\CortexM3\ARM_GCC_541\Debug\Proy3_1.a(PWM_1.o)
                0x00001fe8                PWM_1_WritePeriod
 .text.PWM_1_WriteCompare
                0x00001ff4        0xc .\CortexM3\ARM_GCC_541\Debug\Proy3_1.a(PWM_1.o)
                0x00001ff4                PWM_1_WriteCompare
 .text.PWM_1_SetInterruptMode
                0x00002000        0xc .\CortexM3\ARM_GCC_541\Debug\Proy3_1.a(PWM_1.o)
                0x00002000                PWM_1_SetInterruptMode
 .text.PWM_1_ReadStatusRegister
                0x0000200c        0xc .\CortexM3\ARM_GCC_541\Debug\Proy3_1.a(PWM_1.o)
                0x0000200c                PWM_1_ReadStatusRegister
 .text.PWM_1_ReadCapture
                0x00002018        0xc .\CortexM3\ARM_GCC_541\Debug\Proy3_1.a(PWM_1.o)
                0x00002018                PWM_1_ReadCapture
 .text.PWM_1_ClearFIFO
                0x00002024       0x14 .\CortexM3\ARM_GCC_541\Debug\Proy3_1.a(PWM_1.o)
                0x00002024                PWM_1_ClearFIFO
 .text.PWM_1_Init
                0x00002038       0x50 .\CortexM3\ARM_GCC_541\Debug\Proy3_1.a(PWM_1.o)
                0x00002038                PWM_1_Init
 .text.PWM_1_Start
                0x00002088       0x1c .\CortexM3\ARM_GCC_541\Debug\Proy3_1.a(PWM_1.o)
                0x00002088                PWM_1_Start
 .text.VD_Enable
                0x000020a4       0x1c .\CortexM3\ARM_GCC_541\Debug\Proy3_1.a(VD.o)
                0x000020a4                VD_Enable
 .text.VD_SetSpeed
                0x000020c0       0x1c .\CortexM3\ARM_GCC_541\Debug\Proy3_1.a(VD.o)
                0x000020c0                VD_SetSpeed
 .text.VD_SetValue
                0x000020dc        0xc .\CortexM3\ARM_GCC_541\Debug\Proy3_1.a(VD.o)
                0x000020dc                VD_SetValue
 .text.VD_DacTrim
                0x000020e8       0x24 .\CortexM3\ARM_GCC_541\Debug\Proy3_1.a(VD.o)
                0x000020e8                VD_DacTrim
 .text.VD_SetRange
                0x0000210c       0x20 .\CortexM3\ARM_GCC_541\Debug\Proy3_1.a(VD.o)
                0x0000210c                VD_SetRange
 .text.VD_Init  0x0000212c       0x20 .\CortexM3\ARM_GCC_541\Debug\Proy3_1.a(VD.o)
                0x0000212c                VD_Init
 .text.VD_Start
                0x0000214c       0x24 .\CortexM3\ARM_GCC_541\Debug\Proy3_1.a(VD.o)
                0x0000214c                VD_Start
 .text          0x00002170       0x20 .\CortexM3\ARM_GCC_541\Debug\Proy3_1.a(CyBootAsmGnu.o)
                0x00002170                CyDelayCycles
                0x00002180                CyEnterCriticalSection
                0x00002188                CyExitCriticalSection
 .text          0x00002190      0x21c c:/program files (x86)/cypress/psoc creator/4.2/psoc creator/import/gnu/arm/5.4.1/bin/../lib/gcc/arm-none-eabi/5.4.1/armv7-m\libgcc.a(_arm_addsubsf3.o)
                0x00002190                __aeabi_frsub
                0x00002198                __subsf3
                0x00002198                __aeabi_fsub
                0x0000219c                __aeabi_fadd
                0x0000219c                __addsf3
                0x000022fc                __aeabi_ui2f
                0x000022fc                __floatunsisf
                0x00002304                __aeabi_i2f
                0x00002304                __floatsisf
                0x00002320                __aeabi_ul2f
                0x00002320                __floatundisf
                0x00002330                __aeabi_l2f
                0x00002330                __floatdisf
 .text          0x000023ac      0x2a0 c:/program files (x86)/cypress/psoc creator/4.2/psoc creator/import/gnu/arm/5.4.1/bin/../lib/gcc/arm-none-eabi/5.4.1/armv7-m\libgcc.a(_arm_muldivsf3.o)
                0x000023ac                __mulsf3
                0x000023ac                __aeabi_fmul
                0x00002514                __aeabi_fdiv
                0x00002514                __divsf3
 .text          0x0000264c       0x40 c:/program files (x86)/cypress/psoc creator/4.2/psoc creator/import/gnu/arm/5.4.1/bin/../lib/gcc/arm-none-eabi/5.4.1/armv7-m\libgcc.a(_arm_fixunssfsi.o)
                0x0000264c                __fixunssfsi
                0x0000264c                __aeabi_f2uiz
 .text.__errno  0x0000268c        0xc c:/program files (x86)/cypress/psoc creator/4.2/psoc creator/import/gnu/arm/5.4.1/bin/../lib/gcc/arm-none-eabi/5.4.1/../../../../arm-none-eabi/lib/armv7-m\libg_nano.a(lib_a-errno.o)
                0x0000268c                __errno
 .text.__libc_init_array
                0x00002698       0x4c c:/program files (x86)/cypress/psoc creator/4.2/psoc creator/import/gnu/arm/5.4.1/bin/../lib/gcc/arm-none-eabi/5.4.1/../../../../arm-none-eabi/lib/armv7-m\libg_nano.a(lib_a-init.o)
                0x00002698                __libc_init_array
 .text.memcpy   0x000026e4       0x16 c:/program files (x86)/cypress/psoc creator/4.2/psoc creator/import/gnu/arm/5.4.1/bin/../lib/gcc/arm-none-eabi/5.4.1/../../../../arm-none-eabi/lib/armv7-m\libg_nano.a(lib_a-memcpy-stub.o)
                0x000026e4                memcpy
 .text.memset   0x000026fa       0x10 c:/program files (x86)/cypress/psoc creator/4.2/psoc creator/import/gnu/arm/5.4.1/bin/../lib/gcc/arm-none-eabi/5.4.1/../../../../arm-none-eabi/lib/armv7-m\libg_nano.a(lib_a-memset.o)
                0x000026fa                memset
 *(.plt)
 *(.gnu.warning)
 *(.glue_7t)
 .glue_7t       0x0000270a        0x0 linker stubs
 *(.glue_7)
 .glue_7        0x0000270a        0x0 linker stubs
 *(.vfp11_veneer)
 .vfp11_veneer  0x0000270a        0x0 linker stubs
 *(.bootloader)
 *(.ARM.extab* .gnu.linkonce.armextab.*)
 *(.gcc_except_table)

.v4_bx          0x0000270c        0x0
 .v4_bx         0x0000270c        0x0 linker stubs

.iplt           0x0000270c        0x0
 .iplt          0x0000270c        0x0 c:/program files (x86)/cypress/psoc creator/4.2/psoc creator/import/gnu/arm/5.4.1/bin/../lib/gcc/arm-none-eabi/5.4.1/armv7-m/crtbegin.o

.eh_frame_hdr
 *(.eh_frame_hdr)

.eh_frame       0x0000270c        0x4
 *(.eh_frame)
 .eh_frame      0x0000270c        0x0 c:/program files (x86)/cypress/psoc creator/4.2/psoc creator/import/gnu/arm/5.4.1/bin/../lib/gcc/arm-none-eabi/5.4.1/armv7-m/crtbegin.o
 .eh_frame      0x0000270c        0x4 c:/program files (x86)/cypress/psoc creator/4.2/psoc creator/import/gnu/arm/5.4.1/bin/../lib/gcc/arm-none-eabi/5.4.1/armv7-m/crtend.o
                [!provide]                PROVIDE (__exidx_start, .)

.ARM.exidx
 *(.ARM.exidx* .gnu.linkonce.armexidx.*)
                0x00002710                __exidx_end = .

.rodata         0x00002710       0x90
 *(.rodata .rodata.* .gnu.linkonce.r.*)
 .rodata.str1.4
                0x00002710       0x24 .\CortexM3\ARM_GCC_541\Debug\main.o
                                 0x22 (size before relaxing)
 .rodata        0x00002734       0x36 .\CortexM3\ARM_GCC_541\Debug\cyfitter_cfg.o
 .rodata.str1.1
                0x0000276a        0x2 c:/program files (x86)/cypress/psoc creator/4.2/psoc creator/import/gnu/arm/5.4.1/bin/../lib/gcc/arm-none-eabi/5.4.1/../../../../arm-none-eabi/lib/armv7-m\libg_nano.a(lib_a-impure.o)
                0x0000276c                . = ALIGN (0x4)
 *(.init)
 .init          0x0000276c        0x4 c:/program files (x86)/cypress/psoc creator/4.2/psoc creator/import/gnu/arm/5.4.1/bin/../lib/gcc/arm-none-eabi/5.4.1/armv7-m/crti.o
                0x0000276c                _init
 .init          0x00002770        0x8 c:/program files (x86)/cypress/psoc creator/4.2/psoc creator/import/gnu/arm/5.4.1/bin/../lib/gcc/arm-none-eabi/5.4.1/armv7-m/crtn.o
                0x00002778                . = ALIGN (0x4)
                0x00002778                __preinit_array_start = .
 *(.preinit_array)
                0x00002778                __preinit_array_end = .
                0x00002778                . = ALIGN (0x4)
                0x00002778                __init_array_start = .
 *(SORT(.init_array.*))
 *(.init_array)
 .init_array    0x00002778        0x4 c:/program files (x86)/cypress/psoc creator/4.2/psoc creator/import/gnu/arm/5.4.1/bin/../lib/gcc/arm-none-eabi/5.4.1/armv7-m/crtbegin.o
 .init_array    0x0000277c        0x4 .\CortexM3\ARM_GCC_541\Debug\Cm3Start.o
                0x00002780                __init_array_end = .
                0x00002780                . = ALIGN (0x4)
 *(.fini)
 .fini          0x00002780        0x4 c:/program files (x86)/cypress/psoc creator/4.2/psoc creator/import/gnu/arm/5.4.1/bin/../lib/gcc/arm-none-eabi/5.4.1/armv7-m/crti.o
                0x00002780                _fini
 .fini          0x00002784        0x8 c:/program files (x86)/cypress/psoc creator/4.2/psoc creator/import/gnu/arm/5.4.1/bin/../lib/gcc/arm-none-eabi/5.4.1/armv7-m/crtn.o
                0x0000278c                . = ALIGN (0x4)
                0x0000278c                __fini_array_start = .
 *(.fini_array)
 .fini_array    0x0000278c        0x4 c:/program files (x86)/cypress/psoc creator/4.2/psoc creator/import/gnu/arm/5.4.1/bin/../lib/gcc/arm-none-eabi/5.4.1/armv7-m/crtbegin.o
 *(SORT(.fini_array.*))
                0x00002790                __fini_array_end = .
                0x00002790                . = ALIGN (0x4)
 *crtbegin.o(.ctors)
 *(EXCLUDE_FILE(*crtend.o) .ctors)
 *(SORT(.ctors.*))
 *crtend.o(.ctors)
                0x00002790                . = ALIGN (0x4)
 *crtbegin.o(.dtors)
 *(EXCLUDE_FILE(*crtend.o) .dtors)
 *(SORT(.dtors.*))
 *crtend.o(.dtors)
                0x00002790                . = ALIGN (0x4)
                0x00002790                __cy_regions = .
                0x00002790        0x4 LONG 0x27a0 __cy_region_init_ram
                0x00002794        0x4 LONG 0x1fff80c8 __cy_region_start_data
                0x00002798        0x4 LONG 0x78 __cy_region_init_size_ram
                0x0000279c        0x4 LONG 0x98 __cy_region_zero_size_ram
                0x000027a0                __cy_regions_end = .
                0x000027a0                . = ALIGN (0x8)
                0x000027a0                _etext = .

.cy_checksum_exclude
                0x000027a0        0x0
 *(.cy_checksum_exclude)

.ramvectors     0x1fff8000       0xc0
                0x1fff8000                __cy_region_start_ram = .
 *(.ramvectors)
 .ramvectors    0x1fff8000       0xc0 .\CortexM3\ARM_GCC_541\Debug\Cm3Start.o
                0x1fff8000                CyRamVectors

.noinit         0x1fff80c0        0x1
 *(.noinit)
 .noinit        0x1fff80c0        0x1 .\CortexM3\ARM_GCC_541\Debug\Proy3_1.a(CyLib.o)
                0x1fff80c0                CyResetStatus

.data           0x1fff80c8       0x78 load address 0x000027a0
                0x1fff80c8                __cy_region_start_data = .
 *(.jcr)
 .jcr           0x1fff80c8        0x0 c:/program files (x86)/cypress/psoc creator/4.2/psoc creator/import/gnu/arm/5.4.1/bin/../lib/gcc/arm-none-eabi/5.4.1/armv7-m/crtbegin.o
 .jcr           0x1fff80c8        0x4 c:/program files (x86)/cypress/psoc creator/4.2/psoc creator/import/gnu/arm/5.4.1/bin/../lib/gcc/arm-none-eabi/5.4.1/armv7-m/crtend.o
 *(.got.plt)
 *(.got)
 *(.shdata)
 *(.data .data.* .gnu.linkonce.d.*)
 .data          0x1fff80cc       0x10 .\CortexM3\ARM_GCC_541\Debug\Proy3_1.a(CyLib.o)
                0x1fff80cc                cydelay_32k_ms
                0x1fff80d0                cydelay_freq_khz
                0x1fff80d4                cydelay_freq_mhz
                0x1fff80d8                cydelay_freq_hz
 .data.impure_data
                0x1fff80dc       0x60 c:/program files (x86)/cypress/psoc creator/4.2/psoc creator/import/gnu/arm/5.4.1/bin/../lib/gcc/arm-none-eabi/5.4.1/../../../../arm-none-eabi/lib/armv7-m\libg_nano.a(lib_a-impure.o)
 .data._impure_ptr
                0x1fff813c        0x4 c:/program files (x86)/cypress/psoc creator/4.2/psoc creator/import/gnu/arm/5.4.1/bin/../lib/gcc/arm-none-eabi/5.4.1/../../../../arm-none-eabi/lib/armv7-m\libg_nano.a(lib_a-impure.o)
                0x1fff813c                _impure_ptr
                0x1fff8140                . = ALIGN (0x8)
 *(.ram)
                0x1fff8140                _edata = .

.igot.plt       0x1fff8140        0x0 load address 0x00002818
 .igot.plt      0x1fff8140        0x0 c:/program files (x86)/cypress/psoc creator/4.2/psoc creator/import/gnu/arm/5.4.1/bin/../lib/gcc/arm-none-eabi/5.4.1/armv7-m/crtbegin.o

.bss            0x1fff8140       0x98 load address 0x00002818
                0x1fff8140                PROVIDE (__bss_start__, .)
 *(.shbss)
 *(.bss .bss.* .gnu.linkonce.b.*)
 .bss           0x1fff8140       0x1c c:/program files (x86)/cypress/psoc creator/4.2/psoc creator/import/gnu/arm/5.4.1/bin/../lib/gcc/arm-none-eabi/5.4.1/armv7-m/crtbegin.o
 .bss           0x1fff815c        0x1 .\CortexM3\ARM_GCC_541\Debug\main.o
                0x1fff815c                cont
 .bss           0x1fff815d        0x1 .\CortexM3\ARM_GCC_541\Debug\Proy3_1.a(ADC.o)
                0x1fff815d                ADC_initVar
 .bss           0x1fff815e        0x1 .\CortexM3\ARM_GCC_541\Debug\Proy3_1.a(DAC.o)
                0x1fff815e                DAC_initVar
 .bss           0x1fff815f        0x2 .\CortexM3\ARM_GCC_541\Debug\Proy3_1.a(LCD.o)
                0x1fff815f                LCD_enableState
                0x1fff8160                LCD_initVar
 .bss           0x1fff8161        0x1 .\CortexM3\ARM_GCC_541\Debug\Proy3_1.a(Timer.o)
                0x1fff8161                Timer_initVar
 .bss           0x1fff8162        0x1 .\CortexM3\ARM_GCC_541\Debug\Proy3_1.a(PWM_1.o)
                0x1fff8162                PWM_1_initVar
 .bss           0x1fff8163        0x1 .\CortexM3\ARM_GCC_541\Debug\Proy3_1.a(VD.o)
                0x1fff8163                VD_initVar
 *(COMMON)
 COMMON         0x1fff8164       0x66 .\CortexM3\ARM_GCC_541\Debug\main.o
                0x1fff8164                x
 *fill*         0x1fff81ca        0x2 
 COMMON         0x1fff81cc        0xa .\CortexM3\ARM_GCC_541\Debug\Proy3_1.a(ADC.o)
                0x1fff81cc                ADC_countsPer10Volt
                0x1fff81d0                ADC_shift
                0x1fff81d2                ADC_countsPerVolt
                0x1fff81d4                ADC_offset
                0x1fff81d8                . = ALIGN (0x8)
 *fill*         0x1fff81d6        0x2 
 *(.ram.b)
                0x1fff81d8                _end = .
                0x1fff81d8                __end = .
                0x1fff81d8                PROVIDE (end, .)
                0x1fff81d8                PROVIDE (__bss_end__, .)
                0x000027a0                __cy_region_init_ram = LOADADDR (.data)
                0x00000078                __cy_region_init_size_ram = (_edata - ADDR (.data))
                0x00000098                __cy_region_zero_size_ram = (_end - _edata)

.heap           0x1fff81d8       0x80 load address 0x00002818
                0x1fff81d8                . = _end
                0x1fff8258                . = (. + 0x80)
 *fill*         0x1fff81d8       0x80 
                0x1fff8258                __cy_heap_limit = .

.stack          0x20007800      0x800
                0x20007800                __cy_stack_limit = .
                0x20008000                . = (. + 0x800)
 *fill*         0x20007800      0x800 
                0x00000001                ASSERT ((__cy_stack_limit >= __cy_heap_limit), region RAM overflowed with stack)
                0x00000000                cy_checksum_exclude_size = (CY_APPL_LOADABLE == 0x1)?SIZEOF (.cy_checksum_exclude):0x0
                0x00000001                ASSERT ((cy_checksum_exclude_size <= CY_CHECKSUM_EXCLUDE_SIZE), CY_BOOT: Section .cy_checksum_exclude size exceedes specified limit.)

.cyloadermeta
 *(.cyloadermeta)

.cyloadablemeta
 *(.cyloadablemeta)

.cyconfigecc    0x80000000      0x150
 *(.cyconfigecc)
 .cyconfigecc   0x80000000      0x150 .\CortexM3\ARM_GCC_541\Debug\cymetadata.o
                0x80000000                cy_meta_configecc

.cycustnvl      0x90000000        0x4
 *(.cycustnvl)
 .cycustnvl     0x90000000        0x4 .\CortexM3\ARM_GCC_541\Debug\cymetadata.o
                0x90000000                cy_meta_custnvl

.cywolatch      0x90100000        0x4
 *(.cywolatch)
 .cywolatch     0x90100000        0x4 .\CortexM3\ARM_GCC_541\Debug\cymetadata.o
                0x90100000                cy_meta_wonvl

.cyeeprom       0x90200000        0x0
 *(.cyeeprom)
                0x00000001                ASSERT ((. <= ((0x90200000 + ee_offset) + ee_size)), .cyeeprom data will not fit in EEPROM)

.cyflashprotect
                0x90400000      0x100
 *(.cyflashprotect)
 .cyflashprotect
                0x90400000      0x100 .\CortexM3\ARM_GCC_541\Debug\cymetadata.o
                0x90400000                cy_meta_flashprotect

.cymeta         0x90500000        0xc
 *(.cymeta)
 .cymeta        0x90500000        0xc .\CortexM3\ARM_GCC_541\Debug\cymetadata.o
                0x90500000                cy_metadata

.rel.dyn        0x00002818        0x0 load address 0x9050000c
 .rel.iplt      0x00002818        0x0 c:/program files (x86)/cypress/psoc creator/4.2/psoc creator/import/gnu/arm/5.4.1/bin/../lib/gcc/arm-none-eabi/5.4.1/armv7-m/crtbegin.o

.stab
 *(.stab)

.stabstr
 *(.stabstr)

.debug
 *(.debug)

.line
 *(.line)

.debug_srcinfo
 *(.debug_srcinfo)

.debug_sfnames
 *(.debug_sfnames)

.debug_aranges  0x00000000      0xa70
 *(.debug_aranges)
 .debug_aranges
                0x00000000       0x30 .\CortexM3\ARM_GCC_541\Debug\main.o
 .debug_aranges
                0x00000030       0x50 .\CortexM3\ARM_GCC_541\Debug\cyfitter_cfg.o
 .debug_aranges
                0x00000080       0x18 .\CortexM3\ARM_GCC_541\Debug\cymetadata.o
 .debug_aranges
                0x00000098       0x48 .\CortexM3\ARM_GCC_541\Debug\Cm3Start.o
 .debug_aranges
                0x000000e0       0xa8 .\CortexM3\ARM_GCC_541\Debug\Proy3_1.a(ADC.o)
 .debug_aranges
                0x00000188       0x20 .\CortexM3\ARM_GCC_541\Debug\Proy3_1.a(ADC_INT.o)
 .debug_aranges
                0x000001a8       0x58 .\CortexM3\ARM_GCC_541\Debug\Proy3_1.a(DAC.o)
 .debug_aranges
                0x00000200       0x98 .\CortexM3\ARM_GCC_541\Debug\Proy3_1.a(LCD.o)
 .debug_aranges
                0x00000298       0x80 .\CortexM3\ARM_GCC_541\Debug\Proy3_1.a(ADC_theACLK.o)
 .debug_aranges
                0x00000318      0x2a0 .\CortexM3\ARM_GCC_541\Debug\Proy3_1.a(CyLib.o)
 .debug_aranges
                0x000005b8       0x98 .\CortexM3\ARM_GCC_541\Debug\Proy3_1.a(cyPm.o)
 .debug_aranges
                0x00000650       0x38 .\CortexM3\ARM_GCC_541\Debug\Proy3_1.a(LEDS.o)
 .debug_aranges
                0x00000688       0x80 .\CortexM3\ARM_GCC_541\Debug\Proy3_1.a(ISR.o)
 .debug_aranges
                0x00000708       0x88 .\CortexM3\ARM_GCC_541\Debug\Proy3_1.a(Timer.o)
 .debug_aranges
                0x00000790       0x48 .\CortexM3\ARM_GCC_541\Debug\Proy3_1.a(SW.o)
 .debug_aranges
                0x000007d8       0x80 .\CortexM3\ARM_GCC_541\Debug\Proy3_1.a(ISR_1.o)
 .debug_aranges
                0x00000858       0x98 .\CortexM3\ARM_GCC_541\Debug\Proy3_1.a(PWM_1.o)
 .debug_aranges
                0x000008f0       0x58 .\CortexM3\ARM_GCC_541\Debug\Proy3_1.a(VD.o)
 .debug_aranges
                0x00000948       0x20 .\CortexM3\ARM_GCC_541\Debug\Proy3_1.a(CyBootAsmGnu.o)
 .debug_aranges
                0x00000968       0x88 .\CortexM3\ARM_GCC_541\Debug\Proy3_1.a(CyFlash.o)
 .debug_aranges
                0x000009f0       0x80 .\CortexM3\ARM_GCC_541\Debug\Proy3_1.a(CySpc.o)

.debug_pubnames
 *(.debug_pubnames)

.debug_info     0x00000000     0x5a4d
 *(.debug_info .gnu.linkonce.wi.*)
 .debug_info    0x00000000      0x4c3 .\CortexM3\ARM_GCC_541\Debug\main.o
 .debug_info    0x000004c3      0x4d9 .\CortexM3\ARM_GCC_541\Debug\cyfitter_cfg.o
 .debug_info    0x0000099c      0x135 .\CortexM3\ARM_GCC_541\Debug\cymetadata.o
 .debug_info    0x00000ad1      0x3bb .\CortexM3\ARM_GCC_541\Debug\Cm3Start.o
 .debug_info    0x00000e8c      0x5c0 .\CortexM3\ARM_GCC_541\Debug\Proy3_1.a(ADC.o)
 .debug_info    0x0000144c       0x92 .\CortexM3\ARM_GCC_541\Debug\Proy3_1.a(ADC_INT.o)
 .debug_info    0x000014de      0x1de .\CortexM3\ARM_GCC_541\Debug\Proy3_1.a(DAC.o)
 .debug_info    0x000016bc      0x715 .\CortexM3\ARM_GCC_541\Debug\Proy3_1.a(LCD.o)
 .debug_info    0x00001dd1      0x2c4 .\CortexM3\ARM_GCC_541\Debug\Proy3_1.a(ADC_theACLK.o)
 .debug_info    0x00002095     0x1374 .\CortexM3\ARM_GCC_541\Debug\Proy3_1.a(CyLib.o)
 .debug_info    0x00003409      0xa2a .\CortexM3\ARM_GCC_541\Debug\Proy3_1.a(cyPm.o)
 .debug_info    0x00003e33      0x11f .\CortexM3\ARM_GCC_541\Debug\Proy3_1.a(LEDS.o)
 .debug_info    0x00003f52      0x2d2 .\CortexM3\ARM_GCC_541\Debug\Proy3_1.a(ISR.o)
 .debug_info    0x00004224      0x293 .\CortexM3\ARM_GCC_541\Debug\Proy3_1.a(Timer.o)
 .debug_info    0x000044b7      0x174 .\CortexM3\ARM_GCC_541\Debug\Proy3_1.a(SW.o)
 .debug_info    0x0000462b      0x2d2 .\CortexM3\ARM_GCC_541\Debug\Proy3_1.a(ISR_1.o)
 .debug_info    0x000048fd      0x334 .\CortexM3\ARM_GCC_541\Debug\Proy3_1.a(PWM_1.o)
 .debug_info    0x00004c31      0x1df .\CortexM3\ARM_GCC_541\Debug\Proy3_1.a(VD.o)
 .debug_info    0x00004e10       0xa0 .\CortexM3\ARM_GCC_541\Debug\Proy3_1.a(CyBootAsmGnu.o)
 .debug_info    0x00004eb0      0x64d .\CortexM3\ARM_GCC_541\Debug\Proy3_1.a(CyFlash.o)
 .debug_info    0x000054fd      0x550 .\CortexM3\ARM_GCC_541\Debug\Proy3_1.a(CySpc.o)

.debug_abbrev   0x00000000     0x195f
 *(.debug_abbrev)
 .debug_abbrev  0x00000000      0x139 .\CortexM3\ARM_GCC_541\Debug\main.o
 .debug_abbrev  0x00000139      0x1e3 .\CortexM3\ARM_GCC_541\Debug\cyfitter_cfg.o
 .debug_abbrev  0x0000031c       0x66 .\CortexM3\ARM_GCC_541\Debug\cymetadata.o
 .debug_abbrev  0x00000382      0x1e8 .\CortexM3\ARM_GCC_541\Debug\Cm3Start.o
 .debug_abbrev  0x0000056a      0x1ac .\CortexM3\ARM_GCC_541\Debug\Proy3_1.a(ADC.o)
 .debug_abbrev  0x00000716       0x42 .\CortexM3\ARM_GCC_541\Debug\Proy3_1.a(ADC_INT.o)
 .debug_abbrev  0x00000758       0xf7 .\CortexM3\ARM_GCC_541\Debug\Proy3_1.a(DAC.o)
 .debug_abbrev  0x0000084f      0x157 .\CortexM3\ARM_GCC_541\Debug\Proy3_1.a(LCD.o)
 .debug_abbrev  0x000009a6      0x121 .\CortexM3\ARM_GCC_541\Debug\Proy3_1.a(ADC_theACLK.o)
 .debug_abbrev  0x00000ac7      0x254 .\CortexM3\ARM_GCC_541\Debug\Proy3_1.a(CyLib.o)
 .debug_abbrev  0x00000d1b      0x1ab .\CortexM3\ARM_GCC_541\Debug\Proy3_1.a(cyPm.o)
 .debug_abbrev  0x00000ec6       0x90 .\CortexM3\ARM_GCC_541\Debug\Proy3_1.a(LEDS.o)
 .debug_abbrev  0x00000f56      0x173 .\CortexM3\ARM_GCC_541\Debug\Proy3_1.a(ISR.o)
 .debug_abbrev  0x000010c9      0x11a .\CortexM3\ARM_GCC_541\Debug\Proy3_1.a(Timer.o)
 .debug_abbrev  0x000011e3       0x90 .\CortexM3\ARM_GCC_541\Debug\Proy3_1.a(SW.o)
 .debug_abbrev  0x00001273      0x173 .\CortexM3\ARM_GCC_541\Debug\Proy3_1.a(ISR_1.o)
 .debug_abbrev  0x000013e6      0x133 .\CortexM3\ARM_GCC_541\Debug\Proy3_1.a(PWM_1.o)
 .debug_abbrev  0x00001519       0xf7 .\CortexM3\ARM_GCC_541\Debug\Proy3_1.a(VD.o)
 .debug_abbrev  0x00001610       0x14 .\CortexM3\ARM_GCC_541\Debug\Proy3_1.a(CyBootAsmGnu.o)
 .debug_abbrev  0x00001624      0x1a7 .\CortexM3\ARM_GCC_541\Debug\Proy3_1.a(CyFlash.o)
 .debug_abbrev  0x000017cb      0x194 .\CortexM3\ARM_GCC_541\Debug\Proy3_1.a(CySpc.o)

.debug_line     0x00000000     0x265e
 *(.debug_line)
 .debug_line    0x00000000      0x2b6 .\CortexM3\ARM_GCC_541\Debug\main.o
 .debug_line    0x000002b6      0x1ba .\CortexM3\ARM_GCC_541\Debug\cyfitter_cfg.o
 .debug_line    0x00000470      0x141 .\CortexM3\ARM_GCC_541\Debug\cymetadata.o
 .debug_line    0x000005b1      0x234 .\CortexM3\ARM_GCC_541\Debug\Cm3Start.o
 .debug_line    0x000007e5      0x216 .\CortexM3\ARM_GCC_541\Debug\Proy3_1.a(ADC.o)
 .debug_line    0x000009fb       0x50 .\CortexM3\ARM_GCC_541\Debug\Proy3_1.a(ADC_INT.o)
 .debug_line    0x00000a4b       0xe0 .\CortexM3\ARM_GCC_541\Debug\Proy3_1.a(DAC.o)
 .debug_line    0x00000b2b      0x1dc .\CortexM3\ARM_GCC_541\Debug\Proy3_1.a(LCD.o)
 .debug_line    0x00000d07      0x19d .\CortexM3\ARM_GCC_541\Debug\Proy3_1.a(ADC_theACLK.o)
 .debug_line    0x00000ea4      0x816 .\CortexM3\ARM_GCC_541\Debug\Proy3_1.a(CyLib.o)
 .debug_line    0x000016ba      0x367 .\CortexM3\ARM_GCC_541\Debug\Proy3_1.a(cyPm.o)
 .debug_line    0x00001a21       0x91 .\CortexM3\ARM_GCC_541\Debug\Proy3_1.a(LEDS.o)
 .debug_line    0x00001ab2      0x130 .\CortexM3\ARM_GCC_541\Debug\Proy3_1.a(ISR.o)
 .debug_line    0x00001be2      0x153 .\CortexM3\ARM_GCC_541\Debug\Proy3_1.a(Timer.o)
 .debug_line    0x00001d35       0xb3 .\CortexM3\ARM_GCC_541\Debug\Proy3_1.a(SW.o)
 .debug_line    0x00001de8      0x132 .\CortexM3\ARM_GCC_541\Debug\Proy3_1.a(ISR_1.o)
 .debug_line    0x00001f1a      0x185 .\CortexM3\ARM_GCC_541\Debug\Proy3_1.a(PWM_1.o)
 .debug_line    0x0000209f       0xdf .\CortexM3\ARM_GCC_541\Debug\Proy3_1.a(VD.o)
 .debug_line    0x0000217e       0x66 .\CortexM3\ARM_GCC_541\Debug\Proy3_1.a(CyBootAsmGnu.o)
 .debug_line    0x000021e4      0x21a .\CortexM3\ARM_GCC_541\Debug\Proy3_1.a(CyFlash.o)
 .debug_line    0x000023fe      0x260 .\CortexM3\ARM_GCC_541\Debug\Proy3_1.a(CySpc.o)

.debug_frame    0x00000000     0x1aac
 *(.debug_frame)
 .debug_frame   0x00000000       0x68 .\CortexM3\ARM_GCC_541\Debug\main.o
 .debug_frame   0x00000068       0xe8 .\CortexM3\ARM_GCC_541\Debug\cyfitter_cfg.o
 .debug_frame   0x00000150       0xb8 .\CortexM3\ARM_GCC_541\Debug\Cm3Start.o
 .debug_frame   0x00000208      0x1b4 .\CortexM3\ARM_GCC_541\Debug\Proy3_1.a(ADC.o)
 .debug_frame   0x000003bc       0x20 .\CortexM3\ARM_GCC_541\Debug\Proy3_1.a(ADC_INT.o)
 .debug_frame   0x000003dc       0xb4 .\CortexM3\ARM_GCC_541\Debug\Proy3_1.a(DAC.o)
 .debug_frame   0x00000490      0x1e8 .\CortexM3\ARM_GCC_541\Debug\Proy3_1.a(LCD.o)
 .debug_frame   0x00000678      0x100 .\CortexM3\ARM_GCC_541\Debug\Proy3_1.a(ADC_theACLK.o)
 .debug_frame   0x00000778      0x738 .\CortexM3\ARM_GCC_541\Debug\Proy3_1.a(CyLib.o)
 .debug_frame   0x00000eb0      0x1f8 .\CortexM3\ARM_GCC_541\Debug\Proy3_1.a(cyPm.o)
 .debug_frame   0x000010a8       0x50 .\CortexM3\ARM_GCC_541\Debug\Proy3_1.a(LEDS.o)
 .debug_frame   0x000010f8      0x104 .\CortexM3\ARM_GCC_541\Debug\Proy3_1.a(ISR.o)
 .debug_frame   0x000011fc      0x108 .\CortexM3\ARM_GCC_541\Debug\Proy3_1.a(Timer.o)
 .debug_frame   0x00001304       0x70 .\CortexM3\ARM_GCC_541\Debug\Proy3_1.a(SW.o)
 .debug_frame   0x00001374      0x104 .\CortexM3\ARM_GCC_541\Debug\Proy3_1.a(ISR_1.o)
 .debug_frame   0x00001478      0x134 .\CortexM3\ARM_GCC_541\Debug\Proy3_1.a(PWM_1.o)
 .debug_frame   0x000015ac       0xb4 .\CortexM3\ARM_GCC_541\Debug\Proy3_1.a(VD.o)
 .debug_frame   0x00001660      0x194 .\CortexM3\ARM_GCC_541\Debug\Proy3_1.a(CyFlash.o)
 .debug_frame   0x000017f4      0x180 .\CortexM3\ARM_GCC_541\Debug\Proy3_1.a(CySpc.o)
 .debug_frame   0x00001974       0x44 c:/program files (x86)/cypress/psoc creator/4.2/psoc creator/import/gnu/arm/5.4.1/bin/../lib/gcc/arm-none-eabi/5.4.1/armv7-m\libgcc.a(_aeabi_ldivmod.o)
 .debug_frame   0x000019b8       0x38 c:/program files (x86)/cypress/psoc creator/4.2/psoc creator/import/gnu/arm/5.4.1/bin/../lib/gcc/arm-none-eabi/5.4.1/armv7-m\libgcc.a(_udivmoddi4.o)
 .debug_frame   0x000019f0       0x20 c:/program files (x86)/cypress/psoc creator/4.2/psoc creator/import/gnu/arm/5.4.1/bin/../lib/gcc/arm-none-eabi/5.4.1/../../../../arm-none-eabi/lib/armv7-m\libg_nano.a(lib_a-errno.o)
 .debug_frame   0x00001a10       0x28 c:/program files (x86)/cypress/psoc creator/4.2/psoc creator/import/gnu/arm/5.4.1/bin/../lib/gcc/arm-none-eabi/5.4.1/../../../../arm-none-eabi/lib/armv7-m\libg_nano.a(lib_a-exit.o)
 .debug_frame   0x00001a38       0x2c c:/program files (x86)/cypress/psoc creator/4.2/psoc creator/import/gnu/arm/5.4.1/bin/../lib/gcc/arm-none-eabi/5.4.1/../../../../arm-none-eabi/lib/armv7-m\libg_nano.a(lib_a-init.o)
 .debug_frame   0x00001a64       0x28 c:/program files (x86)/cypress/psoc creator/4.2/psoc creator/import/gnu/arm/5.4.1/bin/../lib/gcc/arm-none-eabi/5.4.1/../../../../arm-none-eabi/lib/armv7-m\libg_nano.a(lib_a-memcpy-stub.o)
 .debug_frame   0x00001a8c       0x20 c:/program files (x86)/cypress/psoc creator/4.2/psoc creator/import/gnu/arm/5.4.1/bin/../lib/gcc/arm-none-eabi/5.4.1/../../../../arm-none-eabi/lib/armv7-m\libg_nano.a(lib_a-memset.o)

.debug_str      0x00000000     0x1e54
 *(.debug_str)
 .debug_str     0x00000000      0x29d .\CortexM3\ARM_GCC_541\Debug\main.o
                                0x2e5 (size before relaxing)
 .debug_str     0x0000029d      0x147 .\CortexM3\ARM_GCC_541\Debug\cyfitter_cfg.o
                                0x2ed (size before relaxing)
 .debug_str     0x000003e4       0x7f .\CortexM3\ARM_GCC_541\Debug\cymetadata.o
                                0x1f4 (size before relaxing)
 .debug_str     0x00000463      0x144 .\CortexM3\ARM_GCC_541\Debug\Cm3Start.o
                                0x31a (size before relaxing)
 .debug_str     0x000005a7      0x1fa .\CortexM3\ARM_GCC_541\Debug\Proy3_1.a(ADC.o)
                                0x437 (size before relaxing)
 .debug_str     0x000007a1       0x29 .\CortexM3\ARM_GCC_541\Debug\Proy3_1.a(ADC_INT.o)
                                0x19f (size before relaxing)
 .debug_str     0x000007ca       0x7d .\CortexM3\ARM_GCC_541\Debug\Proy3_1.a(DAC.o)
                                0x21b (size before relaxing)
 .debug_str     0x00000847      0x149 .\CortexM3\ARM_GCC_541\Debug\Proy3_1.a(LCD.o)
                                0x33b (size before relaxing)
 .debug_str     0x00000990      0x1bf .\CortexM3\ARM_GCC_541\Debug\Proy3_1.a(ADC_theACLK.o)
                                0x371 (size before relaxing)
 .debug_str     0x00000b4f      0x7da .\CortexM3\ARM_GCC_541\Debug\Proy3_1.a(CyLib.o)
                                0xa57 (size before relaxing)
 .debug_str     0x00001329      0x365 .\CortexM3\ARM_GCC_541\Debug\Proy3_1.a(cyPm.o)
                                0x743 (size before relaxing)
 .debug_str     0x0000168e       0x4c .\CortexM3\ARM_GCC_541\Debug\Proy3_1.a(LEDS.o)
                                0x1ed (size before relaxing)
 .debug_str     0x000016da       0xbe .\CortexM3\ARM_GCC_541\Debug\Proy3_1.a(ISR.o)
                                0x29a (size before relaxing)
 .debug_str     0x00001798      0x156 .\CortexM3\ARM_GCC_541\Debug\Proy3_1.a(Timer.o)
                                0x305 (size before relaxing)
 .debug_str     0x000018ee       0x69 .\CortexM3\ARM_GCC_541\Debug\Proy3_1.a(SW.o)
                                0x219 (size before relaxing)
 .debug_str     0x00001957       0xd8 .\CortexM3\ARM_GCC_541\Debug\Proy3_1.a(ISR_1.o)
                                0x2b6 (size before relaxing)
 .debug_str     0x00001a2f      0x15a .\CortexM3\ARM_GCC_541\Debug\Proy3_1.a(PWM_1.o)
                                0x361 (size before relaxing)
 .debug_str     0x00001b89       0x64 .\CortexM3\ARM_GCC_541\Debug\Proy3_1.a(VD.o)
                                0x211 (size before relaxing)
 .debug_str     0x00001bed      0x1bb .\CortexM3\ARM_GCC_541\Debug\Proy3_1.a(CyFlash.o)
                                0x3d0 (size before relaxing)
 .debug_str     0x00001da8       0xac .\CortexM3\ARM_GCC_541\Debug\Proy3_1.a(CySpc.o)
                                0x348 (size before relaxing)

.debug_loc      0x00000000     0x243a
 *(.debug_loc)
 .debug_loc     0x00000000       0x64 .\CortexM3\ARM_GCC_541\Debug\main.o
 .debug_loc     0x00000064      0x1b4 .\CortexM3\ARM_GCC_541\Debug\cyfitter_cfg.o
 .debug_loc     0x00000218      0x144 .\CortexM3\ARM_GCC_541\Debug\Cm3Start.o
 .debug_loc     0x0000035c      0x295 .\CortexM3\ARM_GCC_541\Debug\Proy3_1.a(ADC.o)
 .debug_loc     0x000005f1       0x79 .\CortexM3\ARM_GCC_541\Debug\Proy3_1.a(DAC.o)
 .debug_loc     0x0000066a      0x3c6 .\CortexM3\ARM_GCC_541\Debug\Proy3_1.a(LCD.o)
 .debug_loc     0x00000a30      0x14d .\CortexM3\ARM_GCC_541\Debug\Proy3_1.a(ADC_theACLK.o)
 .debug_loc     0x00000b7d      0xa11 .\CortexM3\ARM_GCC_541\Debug\Proy3_1.a(CyLib.o)
 .debug_loc     0x0000158e      0x1e4 .\CortexM3\ARM_GCC_541\Debug\Proy3_1.a(cyPm.o)
 .debug_loc     0x00001772       0x42 .\CortexM3\ARM_GCC_541\Debug\Proy3_1.a(LEDS.o)
 .debug_loc     0x000017b4       0x56 .\CortexM3\ARM_GCC_541\Debug\Proy3_1.a(ISR.o)
 .debug_loc     0x0000180a       0x84 .\CortexM3\ARM_GCC_541\Debug\Proy3_1.a(SW.o)
 .debug_loc     0x0000188e       0x56 .\CortexM3\ARM_GCC_541\Debug\Proy3_1.a(ISR_1.o)
 .debug_loc     0x000018e4       0x26 .\CortexM3\ARM_GCC_541\Debug\Proy3_1.a(PWM_1.o)
 .debug_loc     0x0000190a       0x79 .\CortexM3\ARM_GCC_541\Debug\Proy3_1.a(VD.o)
 .debug_loc     0x00001983      0x3b2 .\CortexM3\ARM_GCC_541\Debug\Proy3_1.a(CyFlash.o)
 .debug_loc     0x00001d35      0x705 .\CortexM3\ARM_GCC_541\Debug\Proy3_1.a(CySpc.o)

.debug_macinfo
 *(.debug_macinfo)

.debug_ranges   0x00000000      0x908
 *(.debug_ranges)
 .debug_ranges  0x00000000       0x20 .\CortexM3\ARM_GCC_541\Debug\main.o
 .debug_ranges  0x00000020       0x40 .\CortexM3\ARM_GCC_541\Debug\cyfitter_cfg.o
 .debug_ranges  0x00000060       0x38 .\CortexM3\ARM_GCC_541\Debug\Cm3Start.o
 .debug_ranges  0x00000098       0x98 .\CortexM3\ARM_GCC_541\Debug\Proy3_1.a(ADC.o)
 .debug_ranges  0x00000130       0x10 .\CortexM3\ARM_GCC_541\Debug\Proy3_1.a(ADC_INT.o)
 .debug_ranges  0x00000140       0x48 .\CortexM3\ARM_GCC_541\Debug\Proy3_1.a(DAC.o)
 .debug_ranges  0x00000188       0x88 .\CortexM3\ARM_GCC_541\Debug\Proy3_1.a(LCD.o)
 .debug_ranges  0x00000210       0x70 .\CortexM3\ARM_GCC_541\Debug\Proy3_1.a(ADC_theACLK.o)
 .debug_ranges  0x00000280      0x290 .\CortexM3\ARM_GCC_541\Debug\Proy3_1.a(CyLib.o)
 .debug_ranges  0x00000510       0x88 .\CortexM3\ARM_GCC_541\Debug\Proy3_1.a(cyPm.o)
 .debug_ranges  0x00000598       0x28 .\CortexM3\ARM_GCC_541\Debug\Proy3_1.a(LEDS.o)
 .debug_ranges  0x000005c0       0x70 .\CortexM3\ARM_GCC_541\Debug\Proy3_1.a(ISR.o)
 .debug_ranges  0x00000630       0x78 .\CortexM3\ARM_GCC_541\Debug\Proy3_1.a(Timer.o)
 .debug_ranges  0x000006a8       0x38 .\CortexM3\ARM_GCC_541\Debug\Proy3_1.a(SW.o)
 .debug_ranges  0x000006e0       0x70 .\CortexM3\ARM_GCC_541\Debug\Proy3_1.a(ISR_1.o)
 .debug_ranges  0x00000750       0x88 .\CortexM3\ARM_GCC_541\Debug\Proy3_1.a(PWM_1.o)
 .debug_ranges  0x000007d8       0x48 .\CortexM3\ARM_GCC_541\Debug\Proy3_1.a(VD.o)
 .debug_ranges  0x00000820       0x78 .\CortexM3\ARM_GCC_541\Debug\Proy3_1.a(CyFlash.o)
 .debug_ranges  0x00000898       0x70 .\CortexM3\ARM_GCC_541\Debug\Proy3_1.a(CySpc.o)

.comment        0x00000000       0x6e
 .comment       0x00000000       0x6e .\CortexM3\ARM_GCC_541\Debug\main.o
                                 0x6f (size before relaxing)
 .comment       0x0000006e       0x6f .\CortexM3\ARM_GCC_541\Debug\cyfitter_cfg.o
 .comment       0x0000006e       0x6f .\CortexM3\ARM_GCC_541\Debug\cymetadata.o
 .comment       0x0000006e       0x6f .\CortexM3\ARM_GCC_541\Debug\Cm3Start.o
 .comment       0x0000006e       0x6f .\CortexM3\ARM_GCC_541\Debug\Proy3_1.a(ADC.o)
 .comment       0x0000006e       0x6f .\CortexM3\ARM_GCC_541\Debug\Proy3_1.a(ADC_INT.o)
 .comment       0x0000006e       0x6f .\CortexM3\ARM_GCC_541\Debug\Proy3_1.a(DAC.o)
 .comment       0x0000006e       0x6f .\CortexM3\ARM_GCC_541\Debug\Proy3_1.a(LCD.o)
 .comment       0x0000006e       0x6f .\CortexM3\ARM_GCC_541\Debug\Proy3_1.a(ADC_theACLK.o)
 .comment       0x0000006e       0x6f .\CortexM3\ARM_GCC_541\Debug\Proy3_1.a(CyLib.o)
 .comment       0x0000006e       0x6f .\CortexM3\ARM_GCC_541\Debug\Proy3_1.a(cyPm.o)
 .comment       0x0000006e       0x6f .\CortexM3\ARM_GCC_541\Debug\Proy3_1.a(LEDS.o)
 .comment       0x0000006e       0x6f .\CortexM3\ARM_GCC_541\Debug\Proy3_1.a(ISR.o)
 .comment       0x0000006e       0x6f .\CortexM3\ARM_GCC_541\Debug\Proy3_1.a(Timer.o)
 .comment       0x0000006e       0x6f .\CortexM3\ARM_GCC_541\Debug\Proy3_1.a(SW.o)
 .comment       0x0000006e       0x6f .\CortexM3\ARM_GCC_541\Debug\Proy3_1.a(ISR_1.o)
 .comment       0x0000006e       0x6f .\CortexM3\ARM_GCC_541\Debug\Proy3_1.a(PWM_1.o)
 .comment       0x0000006e       0x6f .\CortexM3\ARM_GCC_541\Debug\Proy3_1.a(VD.o)
 .comment       0x0000006e       0x6f .\CortexM3\ARM_GCC_541\Debug\Proy3_1.a(CyFlash.o)
 .comment       0x0000006e       0x6f .\CortexM3\ARM_GCC_541\Debug\Proy3_1.a(CySpc.o)

.debug_weaknames
 *(.debug_weaknames)

.debug_funcnames
 *(.debug_funcnames)

.debug_typenames
 *(.debug_typenames)

.debug_varnames
 *(.debug_varnames)

.note.gnu.arm.ident
 *(.note.gnu.arm.ident)

.ARM.attributes
                0x00000000       0x29
 *(.ARM.attributes)
 .ARM.attributes
                0x00000000       0x1d c:/program files (x86)/cypress/psoc creator/4.2/psoc creator/import/gnu/arm/5.4.1/bin/../lib/gcc/arm-none-eabi/5.4.1/armv7-m/crti.o
 .ARM.attributes
                0x0000001d       0x2d c:/program files (x86)/cypress/psoc creator/4.2/psoc creator/import/gnu/arm/5.4.1/bin/../lib/gcc/arm-none-eabi/5.4.1/armv7-m/crtbegin.o
 .ARM.attributes
                0x0000004a       0x1b c:/program files (x86)/cypress/psoc creator/4.2/psoc creator/import/gnu/arm/5.4.1/bin/../lib/gcc/arm-none-eabi/5.4.1/../../../../arm-none-eabi/lib/armv7-m/crt0.o
 .ARM.attributes
                0x00000065       0x33 .\CortexM3\ARM_GCC_541\Debug\main.o
 .ARM.attributes
                0x00000098       0x33 .\CortexM3\ARM_GCC_541\Debug\cyfitter_cfg.o
 .ARM.attributes
                0x000000cb       0x33 .\CortexM3\ARM_GCC_541\Debug\cymetadata.o
 .ARM.attributes
                0x000000fe       0x33 .\CortexM3\ARM_GCC_541\Debug\Cm3Start.o
 .ARM.attributes
                0x00000131       0x33 .\CortexM3\ARM_GCC_541\Debug\Proy3_1.a(ADC.o)
 .ARM.attributes
                0x00000164       0x33 .\CortexM3\ARM_GCC_541\Debug\Proy3_1.a(ADC_INT.o)
 .ARM.attributes
                0x00000197       0x33 .\CortexM3\ARM_GCC_541\Debug\Proy3_1.a(DAC.o)
 .ARM.attributes
                0x000001ca       0x33 .\CortexM3\ARM_GCC_541\Debug\Proy3_1.a(LCD.o)
 .ARM.attributes
                0x000001fd       0x33 .\CortexM3\ARM_GCC_541\Debug\Proy3_1.a(ADC_theACLK.o)
 .ARM.attributes
                0x00000230       0x33 .\CortexM3\ARM_GCC_541\Debug\Proy3_1.a(CyLib.o)
 .ARM.attributes
                0x00000263       0x33 .\CortexM3\ARM_GCC_541\Debug\Proy3_1.a(cyPm.o)
 .ARM.attributes
                0x00000296       0x33 .\CortexM3\ARM_GCC_541\Debug\Proy3_1.a(LEDS.o)
 .ARM.attributes
                0x000002c9       0x33 .\CortexM3\ARM_GCC_541\Debug\Proy3_1.a(ISR.o)
 .ARM.attributes
                0x000002fc       0x33 .\CortexM3\ARM_GCC_541\Debug\Proy3_1.a(Timer.o)
 .ARM.attributes
                0x0000032f       0x33 .\CortexM3\ARM_GCC_541\Debug\Proy3_1.a(SW.o)
 .ARM.attributes
                0x00000362       0x33 .\CortexM3\ARM_GCC_541\Debug\Proy3_1.a(ISR_1.o)
 .ARM.attributes
                0x00000395       0x33 .\CortexM3\ARM_GCC_541\Debug\Proy3_1.a(PWM_1.o)
 .ARM.attributes
                0x000003c8       0x33 .\CortexM3\ARM_GCC_541\Debug\Proy3_1.a(VD.o)
 .ARM.attributes
                0x000003fb       0x21 .\CortexM3\ARM_GCC_541\Debug\Proy3_1.a(CyBootAsmGnu.o)
 .ARM.attributes
                0x0000041c       0x33 .\CortexM3\ARM_GCC_541\Debug\Proy3_1.a(CyFlash.o)
 .ARM.attributes
                0x0000044f       0x33 .\CortexM3\ARM_GCC_541\Debug\Proy3_1.a(CySpc.o)
 .ARM.attributes
                0x00000482       0x1d c:/program files (x86)/cypress/psoc creator/4.2/psoc creator/import/gnu/arm/5.4.1/bin/../lib/gcc/arm-none-eabi/5.4.1/armv7-m\libgcc.a(_arm_addsubsf3.o)
 .ARM.attributes
                0x0000049f       0x1d c:/program files (x86)/cypress/psoc creator/4.2/psoc creator/import/gnu/arm/5.4.1/bin/../lib/gcc/arm-none-eabi/5.4.1/armv7-m\libgcc.a(_arm_muldivsf3.o)
 .ARM.attributes
                0x000004bc       0x1d c:/program files (x86)/cypress/psoc creator/4.2/psoc creator/import/gnu/arm/5.4.1/bin/../lib/gcc/arm-none-eabi/5.4.1/armv7-m\libgcc.a(_arm_fixunssfsi.o)
 .ARM.attributes
                0x000004d9       0x1d c:/program files (x86)/cypress/psoc creator/4.2/psoc creator/import/gnu/arm/5.4.1/bin/../lib/gcc/arm-none-eabi/5.4.1/armv7-m\libgcc.a(_aeabi_ldivmod.o)
 .ARM.attributes
                0x000004f6       0x2d c:/program files (x86)/cypress/psoc creator/4.2/psoc creator/import/gnu/arm/5.4.1/bin/../lib/gcc/arm-none-eabi/5.4.1/armv7-m\libgcc.a(_udivmoddi4.o)
 .ARM.attributes
                0x00000523       0x1d c:/program files (x86)/cypress/psoc creator/4.2/psoc creator/import/gnu/arm/5.4.1/bin/../lib/gcc/arm-none-eabi/5.4.1/armv7-m\libgcc.a(_dvmd_tls.o)
 .ARM.attributes
                0x00000540       0x2d c:/program files (x86)/cypress/psoc creator/4.2/psoc creator/import/gnu/arm/5.4.1/bin/../lib/gcc/arm-none-eabi/5.4.1/../../../../arm-none-eabi/lib/armv7-m\libg_nano.a(lib_a-errno.o)
 .ARM.attributes
                0x0000056d       0x2d c:/program files (x86)/cypress/psoc creator/4.2/psoc creator/import/gnu/arm/5.4.1/bin/../lib/gcc/arm-none-eabi/5.4.1/../../../../arm-none-eabi/lib/armv7-m\libg_nano.a(lib_a-exit.o)
 .ARM.attributes
                0x0000059a       0x2d c:/program files (x86)/cypress/psoc creator/4.2/psoc creator/import/gnu/arm/5.4.1/bin/../lib/gcc/arm-none-eabi/5.4.1/../../../../arm-none-eabi/lib/armv7-m\libg_nano.a(lib_a-impure.o)
 .ARM.attributes
                0x000005c7       0x2d c:/program files (x86)/cypress/psoc creator/4.2/psoc creator/import/gnu/arm/5.4.1/bin/../lib/gcc/arm-none-eabi/5.4.1/../../../../arm-none-eabi/lib/armv7-m\libg_nano.a(lib_a-init.o)
 .ARM.attributes
                0x000005f4       0x2d c:/program files (x86)/cypress/psoc creator/4.2/psoc creator/import/gnu/arm/5.4.1/bin/../lib/gcc/arm-none-eabi/5.4.1/../../../../arm-none-eabi/lib/armv7-m\libg_nano.a(lib_a-memcpy-stub.o)
 .ARM.attributes
                0x00000621       0x2d c:/program files (x86)/cypress/psoc creator/4.2/psoc creator/import/gnu/arm/5.4.1/bin/../lib/gcc/arm-none-eabi/5.4.1/../../../../arm-none-eabi/lib/armv7-m\libg_nano.a(lib_a-memset.o)
 .ARM.attributes
                0x0000064e       0x2d c:/program files (x86)/cypress/psoc creator/4.2/psoc creator/import/gnu/arm/5.4.1/bin/../lib/gcc/arm-none-eabi/5.4.1/armv7-m/crtend.o
 .ARM.attributes
                0x0000067b       0x1d c:/program files (x86)/cypress/psoc creator/4.2/psoc creator/import/gnu/arm/5.4.1/bin/../lib/gcc/arm-none-eabi/5.4.1/armv7-m/crtn.o

/DISCARD/
 *(.note.GNU-stack)
OUTPUT(C:\Users\LASER_2\Documents\PSoC Creator\FiltroFIRDigitalProgramable\Proy3_1.cydsn\CortexM3\ARM_GCC_541\Debug\Proy3_1.elf elf32-littlearm)
