Archive member included to satisfy reference by file (symbol)

.\CortexM3\ARM_GCC_541\Debug\Proy3_1.a(ADC.o)
                              .\CortexM3\ARM_GCC_541\Debug\main.o (ADC_Start)
.\CortexM3\ARM_GCC_541\Debug\Proy3_1.a(ADC_INT.o)
                              .\CortexM3\ARM_GCC_541\Debug\Proy3_1.a(ADC.o) (ADC_ISR)
.\CortexM3\ARM_GCC_541\Debug\Proy3_1.a(DAC.o)
                              .\CortexM3\ARM_GCC_541\Debug\main.o (DAC_SetValue)
.\CortexM3\ARM_GCC_541\Debug\Proy3_1.a(LCD.o)
                              .\CortexM3\ARM_GCC_541\Debug\main.o (LCD_PrintString)
.\CortexM3\ARM_GCC_541\Debug\Proy3_1.a(ADC_theACLK.o)
                              .\CortexM3\ARM_GCC_541\Debug\Proy3_1.a(ADC.o) (ADC_theACLK_SetModeRegister)
.\CortexM3\ARM_GCC_541\Debug\Proy3_1.a(CyLib.o)
                              .\CortexM3\ARM_GCC_541\Debug\Cm3Start.o (CyHalt)
.\CortexM3\ARM_GCC_541\Debug\Proy3_1.a(cyPm.o)
                              .\CortexM3\ARM_GCC_541\Debug\Proy3_1.a(CyLib.o) (CyPmReadStatus)
.\CortexM3\ARM_GCC_541\Debug\Proy3_1.a(LEDS.o)
                              .\CortexM3\ARM_GCC_541\Debug\main.o (LEDS_Write)
.\CortexM3\ARM_GCC_541\Debug\Proy3_1.a(ISR.o)
                              .\CortexM3\ARM_GCC_541\Debug\main.o (ISR_StartEx)
.\CortexM3\ARM_GCC_541\Debug\Proy3_1.a(Timer.o)
                              .\CortexM3\ARM_GCC_541\Debug\main.o (Timer_Start)
.\CortexM3\ARM_GCC_541\Debug\Proy3_1.a(SW.o)
                              .\CortexM3\ARM_GCC_541\Debug\main.o (SW_ClearInterrupt)
.\CortexM3\ARM_GCC_541\Debug\Proy3_1.a(ISR_1.o)
                              .\CortexM3\ARM_GCC_541\Debug\main.o (ISR_1_StartEx)
.\CortexM3\ARM_GCC_541\Debug\Proy3_1.a(CyBootAsmGnu.o)
                              .\CortexM3\ARM_GCC_541\Debug\Proy3_1.a(CyLib.o) (CyDelayCycles)
.\CortexM3\ARM_GCC_541\Debug\Proy3_1.a(CyFlash.o)
                              .\CortexM3\ARM_GCC_541\Debug\Proy3_1.a(cyPm.o) (CyFlash_SetWaitCycles)
.\CortexM3\ARM_GCC_541\Debug\Proy3_1.a(CySpc.o)
                              .\CortexM3\ARM_GCC_541\Debug\Proy3_1.a(CyFlash.o) (CySpcStart)
c:/program files (x86)/cypress/psoc creator/4.2/psoc creator/import/gnu/arm/5.4.1/bin/../lib/gcc/arm-none-eabi/5.4.1/armv7-m\libgcc.a(_arm_addsubsf3.o)
                              .\CortexM3\ARM_GCC_541\Debug\main.o (__aeabi_fadd)
c:/program files (x86)/cypress/psoc creator/4.2/psoc creator/import/gnu/arm/5.4.1/bin/../lib/gcc/arm-none-eabi/5.4.1/armv7-m\libgcc.a(_arm_muldivsf3.o)
                              .\CortexM3\ARM_GCC_541\Debug\main.o (__aeabi_fmul)
c:/program files (x86)/cypress/psoc creator/4.2/psoc creator/import/gnu/arm/5.4.1/bin/../lib/gcc/arm-none-eabi/5.4.1/armv7-m\libgcc.a(_arm_fixunssfsi.o)
                              .\CortexM3\ARM_GCC_541\Debug\main.o (__aeabi_f2uiz)
c:/program files (x86)/cypress/psoc creator/4.2/psoc creator/import/gnu/arm/5.4.1/bin/../lib/gcc/arm-none-eabi/5.4.1/armv7-m\libgcc.a(_aeabi_ldivmod.o)
                              .\CortexM3\ARM_GCC_541\Debug\Proy3_1.a(ADC.o) (__aeabi_ldivmod)
c:/program files (x86)/cypress/psoc creator/4.2/psoc creator/import/gnu/arm/5.4.1/bin/../lib/gcc/arm-none-eabi/5.4.1/armv7-m\libgcc.a(_udivmoddi4.o)
                              c:/program files (x86)/cypress/psoc creator/4.2/psoc creator/import/gnu/arm/5.4.1/bin/../lib/gcc/arm-none-eabi/5.4.1/armv7-m\libgcc.a(_aeabi_ldivmod.o) (__udivmoddi4)
c:/program files (x86)/cypress/psoc creator/4.2/psoc creator/import/gnu/arm/5.4.1/bin/../lib/gcc/arm-none-eabi/5.4.1/armv7-m\libgcc.a(_dvmd_tls.o)
                              c:/program files (x86)/cypress/psoc creator/4.2/psoc creator/import/gnu/arm/5.4.1/bin/../lib/gcc/arm-none-eabi/5.4.1/armv7-m\libgcc.a(_aeabi_ldivmod.o) (__aeabi_ldiv0)
c:/program files (x86)/cypress/psoc creator/4.2/psoc creator/import/gnu/arm/5.4.1/bin/../lib/gcc/arm-none-eabi/5.4.1/../../../../arm-none-eabi/lib/armv7-m\libg_nano.a(lib_a-errno.o)
                              .\CortexM3\ARM_GCC_541\Debug\Cm3Start.o (__errno)
c:/program files (x86)/cypress/psoc creator/4.2/psoc creator/import/gnu/arm/5.4.1/bin/../lib/gcc/arm-none-eabi/5.4.1/../../../../arm-none-eabi/lib/armv7-m\libg_nano.a(lib_a-exit.o)
                              c:/program files (x86)/cypress/psoc creator/4.2/psoc creator/import/gnu/arm/5.4.1/bin/../lib/gcc/arm-none-eabi/5.4.1/../../../../arm-none-eabi/lib/armv7-m/crt0.o (exit)
c:/program files (x86)/cypress/psoc creator/4.2/psoc creator/import/gnu/arm/5.4.1/bin/../lib/gcc/arm-none-eabi/5.4.1/../../../../arm-none-eabi/lib/armv7-m\libg_nano.a(lib_a-impure.o)
                              c:/program files (x86)/cypress/psoc creator/4.2/psoc creator/import/gnu/arm/5.4.1/bin/../lib/gcc/arm-none-eabi/5.4.1/../../../../arm-none-eabi/lib/armv7-m\libg_nano.a(lib_a-exit.o) (_global_impure_ptr)
c:/program files (x86)/cypress/psoc creator/4.2/psoc creator/import/gnu/arm/5.4.1/bin/../lib/gcc/arm-none-eabi/5.4.1/../../../../arm-none-eabi/lib/armv7-m\libg_nano.a(lib_a-init.o)
                              c:/program files (x86)/cypress/psoc creator/4.2/psoc creator/import/gnu/arm/5.4.1/bin/../lib/gcc/arm-none-eabi/5.4.1/../../../../arm-none-eabi/lib/armv7-m/crt0.o (__libc_init_array)
c:/program files (x86)/cypress/psoc creator/4.2/psoc creator/import/gnu/arm/5.4.1/bin/../lib/gcc/arm-none-eabi/5.4.1/../../../../arm-none-eabi/lib/armv7-m\libg_nano.a(lib_a-memcpy-stub.o)
                              .\CortexM3\ARM_GCC_541\Debug\cyfitter_cfg.o (memcpy)
c:/program files (x86)/cypress/psoc creator/4.2/psoc creator/import/gnu/arm/5.4.1/bin/../lib/gcc/arm-none-eabi/5.4.1/../../../../arm-none-eabi/lib/armv7-m\libg_nano.a(lib_a-memset.o)
                              c:/program files (x86)/cypress/psoc creator/4.2/psoc creator/import/gnu/arm/5.4.1/bin/../lib/gcc/arm-none-eabi/5.4.1/../../../../arm-none-eabi/lib/armv7-m/crt0.o (memset)

Allocating common symbols
Common symbol       size              file

x                   0x66              .\CortexM3\ARM_GCC_541\Debug\main.o
ADC_countsPer10Volt
                    0x4               .\CortexM3\ARM_GCC_541\Debug\Proy3_1.a(ADC.o)
ADC_shift           0x2               .\CortexM3\ARM_GCC_541\Debug\Proy3_1.a(ADC.o)
ADC_countsPerVolt   0x2               .\CortexM3\ARM_GCC_541\Debug\Proy3_1.a(ADC.o)
ADC_offset          0x2               .\CortexM3\ARM_GCC_541\Debug\Proy3_1.a(ADC.o)
dieTemperature      0x2               .\CortexM3\ARM_GCC_541\Debug\Proy3_1.a(CyFlash.o)

Discarded input sections

 .text          0x00000000        0x0 c:/program files (x86)/cypress/psoc creator/4.2/psoc creator/import/gnu/arm/5.4.1/bin/../lib/gcc/arm-none-eabi/5.4.1/armv7-m/crti.o
 .data          0x00000000        0x0 c:/program files (x86)/cypress/psoc creator/4.2/psoc creator/import/gnu/arm/5.4.1/bin/../lib/gcc/arm-none-eabi/5.4.1/armv7-m/crti.o
 .bss           0x00000000        0x0 c:/program files (x86)/cypress/psoc creator/4.2/psoc creator/import/gnu/arm/5.4.1/bin/../lib/gcc/arm-none-eabi/5.4.1/armv7-m/crti.o
 .data          0x00000000        0x4 c:/program files (x86)/cypress/psoc creator/4.2/psoc creator/import/gnu/arm/5.4.1/bin/../lib/gcc/arm-none-eabi/5.4.1/armv7-m/crtbegin.o
 .text          0x00000000       0x74 c:/program files (x86)/cypress/psoc creator/4.2/psoc creator/import/gnu/arm/5.4.1/bin/../lib/gcc/arm-none-eabi/5.4.1/../../../../arm-none-eabi/lib/armv7-m/crt0.o
 .data          0x00000000        0x0 c:/program files (x86)/cypress/psoc creator/4.2/psoc creator/import/gnu/arm/5.4.1/bin/../lib/gcc/arm-none-eabi/5.4.1/../../../../arm-none-eabi/lib/armv7-m/crt0.o
 .bss           0x00000000        0x0 c:/program files (x86)/cypress/psoc creator/4.2/psoc creator/import/gnu/arm/5.4.1/bin/../lib/gcc/arm-none-eabi/5.4.1/../../../../arm-none-eabi/lib/armv7-m/crt0.o
 .ARM.extab     0x00000000        0x0 c:/program files (x86)/cypress/psoc creator/4.2/psoc creator/import/gnu/arm/5.4.1/bin/../lib/gcc/arm-none-eabi/5.4.1/../../../../arm-none-eabi/lib/armv7-m/crt0.o
 .ARM.exidx     0x00000000        0x8 c:/program files (x86)/cypress/psoc creator/4.2/psoc creator/import/gnu/arm/5.4.1/bin/../lib/gcc/arm-none-eabi/5.4.1/../../../../arm-none-eabi/lib/armv7-m/crt0.o
 .text          0x00000000        0x0 .\CortexM3\ARM_GCC_541\Debug\main.o
 .data          0x00000000        0x0 .\CortexM3\ARM_GCC_541\Debug\main.o
 .rodata        0x00000000      0x264 .\CortexM3\ARM_GCC_541\Debug\main.o
 .text          0x00000000        0x0 .\CortexM3\ARM_GCC_541\Debug\cyfitter_cfg.o
 .data          0x00000000        0x0 .\CortexM3\ARM_GCC_541\Debug\cyfitter_cfg.o
 .bss           0x00000000        0x0 .\CortexM3\ARM_GCC_541\Debug\cyfitter_cfg.o
 .text.SetAnalogRoutingPumps
                0x00000000       0x1c .\CortexM3\ARM_GCC_541\Debug\cyfitter_cfg.o
 .text          0x00000000        0x0 .\CortexM3\ARM_GCC_541\Debug\cymetadata.o
 .data          0x00000000        0x0 .\CortexM3\ARM_GCC_541\Debug\cymetadata.o
 .bss           0x00000000        0x0 .\CortexM3\ARM_GCC_541\Debug\cymetadata.o
 .text          0x00000000        0x0 .\CortexM3\ARM_GCC_541\Debug\Cm3Start.o
 .data          0x00000000        0x4 .\CortexM3\ARM_GCC_541\Debug\Cm3Start.o
 .bss           0x00000000        0x0 .\CortexM3\ARM_GCC_541\Debug\Cm3Start.o
 .text._exit    0x00000000        0xc .\CortexM3\ARM_GCC_541\Debug\Cm3Start.o
 .text._sbrk    0x00000000       0x30 .\CortexM3\ARM_GCC_541\Debug\Cm3Start.o
 .text          0x00000000        0x0 .\CortexM3\ARM_GCC_541\Debug\Proy3_1.a(ADC.o)
 .data          0x00000000        0x0 .\CortexM3\ARM_GCC_541\Debug\Proy3_1.a(ADC.o)
 .text.ADC_Stop
                0x00000000       0x48 .\CortexM3\ARM_GCC_541\Debug\Proy3_1.a(ADC.o)
 .text.ADC_SetPower
                0x00000000       0x18 .\CortexM3\ARM_GCC_541\Debug\Proy3_1.a(ADC.o)
 .text.ADC_StopConvert
                0x00000000       0x18 .\CortexM3\ARM_GCC_541\Debug\Proy3_1.a(ADC.o)
 .text.ADC_GetResult8
                0x00000000       0x18 .\CortexM3\ARM_GCC_541\Debug\Proy3_1.a(ADC.o)
 .text.ADC_SetOffset
                0x00000000        0xc .\CortexM3\ARM_GCC_541\Debug\Proy3_1.a(ADC.o)
 .text.ADC_SetGain
                0x00000000       0x10 .\CortexM3\ARM_GCC_541\Debug\Proy3_1.a(ADC.o)
 .text.ADC_SetScaledGain
                0x00000000        0xc .\CortexM3\ARM_GCC_541\Debug\Proy3_1.a(ADC.o)
 .text.ADC_CountsTo_mVolts
                0x00000000       0x58 .\CortexM3\ARM_GCC_541\Debug\Proy3_1.a(ADC.o)
 .text.ADC_CountsTo_uVolts
                0x00000000       0x48 .\CortexM3\ARM_GCC_541\Debug\Proy3_1.a(ADC.o)
 .text.ADC_CountsTo_Volts
                0x00000000       0x50 .\CortexM3\ARM_GCC_541\Debug\Proy3_1.a(ADC.o)
 .text          0x00000000        0x0 .\CortexM3\ARM_GCC_541\Debug\Proy3_1.a(ADC_INT.o)
 .data          0x00000000        0x0 .\CortexM3\ARM_GCC_541\Debug\Proy3_1.a(ADC_INT.o)
 .bss           0x00000000        0x0 .\CortexM3\ARM_GCC_541\Debug\Proy3_1.a(ADC_INT.o)
 .text          0x00000000        0x0 .\CortexM3\ARM_GCC_541\Debug\Proy3_1.a(DAC.o)
 .data          0x00000000        0x0 .\CortexM3\ARM_GCC_541\Debug\Proy3_1.a(DAC.o)
 .text.DAC_Stop
                0x00000000       0x1c .\CortexM3\ARM_GCC_541\Debug\Proy3_1.a(DAC.o)
 .text          0x00000000        0x0 .\CortexM3\ARM_GCC_541\Debug\Proy3_1.a(LCD.o)
 .data          0x00000000        0x0 .\CortexM3\ARM_GCC_541\Debug\Proy3_1.a(LCD.o)
 .text.LCD_PutChar
                0x00000000        0x8 .\CortexM3\ARM_GCC_541\Debug\Proy3_1.a(LCD.o)
 .text.LCD_Stop
                0x00000000       0x14 .\CortexM3\ARM_GCC_541\Debug\Proy3_1.a(LCD.o)
 .text.LCD_PrintInt8
                0x00000000       0x20 .\CortexM3\ARM_GCC_541\Debug\Proy3_1.a(LCD.o)
 .text.LCD_PrintInt16
                0x00000000       0x14 .\CortexM3\ARM_GCC_541\Debug\Proy3_1.a(LCD.o)
 .text.LCD_PrintInt32
                0x00000000       0x1c .\CortexM3\ARM_GCC_541\Debug\Proy3_1.a(LCD.o)
 .text.LCD_PrintU32Number
                0x00000000       0x64 .\CortexM3\ARM_GCC_541\Debug\Proy3_1.a(LCD.o)
 .rodata        0x00000000       0x10 .\CortexM3\ARM_GCC_541\Debug\Proy3_1.a(LCD.o)
 .text          0x00000000        0x0 .\CortexM3\ARM_GCC_541\Debug\Proy3_1.a(ADC_theACLK.o)
 .data          0x00000000        0x0 .\CortexM3\ARM_GCC_541\Debug\Proy3_1.a(ADC_theACLK.o)
 .bss           0x00000000        0x0 .\CortexM3\ARM_GCC_541\Debug\Proy3_1.a(ADC_theACLK.o)
 .text.ADC_theACLK_Start
                0x00000000       0x1c .\CortexM3\ARM_GCC_541\Debug\Proy3_1.a(ADC_theACLK.o)
 .text.ADC_theACLK_Stop
                0x00000000       0x1c .\CortexM3\ARM_GCC_541\Debug\Proy3_1.a(ADC_theACLK.o)
 .text.ADC_theACLK_StopBlock
                0x00000000       0x6c .\CortexM3\ARM_GCC_541\Debug\Proy3_1.a(ADC_theACLK.o)
 .text.ADC_theACLK_StandbyPower
                0x00000000       0x20 .\CortexM3\ARM_GCC_541\Debug\Proy3_1.a(ADC_theACLK.o)
 .text.ADC_theACLK_GetDividerRegister
                0x00000000        0xc .\CortexM3\ARM_GCC_541\Debug\Proy3_1.a(ADC_theACLK.o)
 .text.ADC_theACLK_ClearModeRegister
                0x00000000       0x18 .\CortexM3\ARM_GCC_541\Debug\Proy3_1.a(ADC_theACLK.o)
 .text.ADC_theACLK_GetModeRegister
                0x00000000       0x10 .\CortexM3\ARM_GCC_541\Debug\Proy3_1.a(ADC_theACLK.o)
 .text.ADC_theACLK_GetSourceRegister
                0x00000000       0x10 .\CortexM3\ARM_GCC_541\Debug\Proy3_1.a(ADC_theACLK.o)
 .text.ADC_theACLK_SetDividerRegister
                0x00000000       0xd8 .\CortexM3\ARM_GCC_541\Debug\Proy3_1.a(ADC_theACLK.o)
 .text.ADC_theACLK_SetSourceRegister
                0x00000000       0x5c .\CortexM3\ARM_GCC_541\Debug\Proy3_1.a(ADC_theACLK.o)
 .text.ADC_theACLK_SetPhaseRegister
                0x00000000       0x10 .\CortexM3\ARM_GCC_541\Debug\Proy3_1.a(ADC_theACLK.o)
 .text.ADC_theACLK_GetPhaseRegister
                0x00000000       0x10 .\CortexM3\ARM_GCC_541\Debug\Proy3_1.a(ADC_theACLK.o)
 .text          0x00000000        0x0 .\CortexM3\ARM_GCC_541\Debug\Proy3_1.a(CyLib.o)
 .bss           0x00000000       0x1c .\CortexM3\ARM_GCC_541\Debug\Proy3_1.a(CyLib.o)
 .text.CyUSB_PowerOnCheck
                0x00000000       0x48 .\CortexM3\ARM_GCC_541\Debug\Proy3_1.a(CyLib.o)
 .text.CyBusClk_Internal_SetDivider
                0x00000000       0x48 .\CortexM3\ARM_GCC_541\Debug\Proy3_1.a(CyLib.o)
 .text.CyPLL_OUT_Stop
                0x00000000       0x10 .\CortexM3\ARM_GCC_541\Debug\Proy3_1.a(CyLib.o)
 .text.CyIMO_Stop
                0x00000000       0x1c .\CortexM3\ARM_GCC_541\Debug\Proy3_1.a(CyLib.o)
 .text.CyIMO_EnableDoubler
                0x00000000       0x10 .\CortexM3\ARM_GCC_541\Debug\Proy3_1.a(CyLib.o)
 .text.CyIMO_DisableDoubler
                0x00000000       0x10 .\CortexM3\ARM_GCC_541\Debug\Proy3_1.a(CyLib.o)
 .text.CyMasterClk_SetSource
                0x00000000       0x18 .\CortexM3\ARM_GCC_541\Debug\Proy3_1.a(CyLib.o)
 .text.CyMasterClk_SetDivider
                0x00000000        0xc .\CortexM3\ARM_GCC_541\Debug\Proy3_1.a(CyLib.o)
 .text.CyBusClk_SetDivider
                0x00000000       0x70 .\CortexM3\ARM_GCC_541\Debug\Proy3_1.a(CyLib.o)
 .text.CyUsbClk_SetSource
                0x00000000       0x18 .\CortexM3\ARM_GCC_541\Debug\Proy3_1.a(CyLib.o)
 .text.CyILO_Start1K
                0x00000000       0x10 .\CortexM3\ARM_GCC_541\Debug\Proy3_1.a(CyLib.o)
 .text.CyILO_Stop1K
                0x00000000       0x10 .\CortexM3\ARM_GCC_541\Debug\Proy3_1.a(CyLib.o)
 .text.CyILO_Start100K
                0x00000000       0x10 .\CortexM3\ARM_GCC_541\Debug\Proy3_1.a(CyLib.o)
 .text.CyILO_Stop100K
                0x00000000       0x10 .\CortexM3\ARM_GCC_541\Debug\Proy3_1.a(CyLib.o)
 .text.CyPLL_OUT_Start
                0x00000000       0x78 .\CortexM3\ARM_GCC_541\Debug\Proy3_1.a(CyLib.o)
 .text.CyIMO_Start
                0x00000000       0x60 .\CortexM3\ARM_GCC_541\Debug\Proy3_1.a(CyLib.o)
 .text.CyILO_Enable33K
                0x00000000       0x10 .\CortexM3\ARM_GCC_541\Debug\Proy3_1.a(CyLib.o)
 .text.CyILO_Disable33K
                0x00000000       0x10 .\CortexM3\ARM_GCC_541\Debug\Proy3_1.a(CyLib.o)
 .text.CyILO_SetSource
                0x00000000       0x18 .\CortexM3\ARM_GCC_541\Debug\Proy3_1.a(CyLib.o)
 .text.CyILO_SetPowerMode
                0x00000000       0x24 .\CortexM3\ARM_GCC_541\Debug\Proy3_1.a(CyLib.o)
 .text.CyXTAL_32KHZ_Stop
                0x00000000       0x30 .\CortexM3\ARM_GCC_541\Debug\Proy3_1.a(CyLib.o)
 .text.CyXTAL_32KHZ_ReadStatus
                0x00000000       0x10 .\CortexM3\ARM_GCC_541\Debug\Proy3_1.a(CyLib.o)
 .text.CyXTAL_Start
                0x00000000       0xac .\CortexM3\ARM_GCC_541\Debug\Proy3_1.a(CyLib.o)
 .text.CyXTAL_Stop
                0x00000000       0x10 .\CortexM3\ARM_GCC_541\Debug\Proy3_1.a(CyLib.o)
 .text.CyXTAL_EnableErrStatus
                0x00000000       0x10 .\CortexM3\ARM_GCC_541\Debug\Proy3_1.a(CyLib.o)
 .text.CyXTAL_DisableErrStatus
                0x00000000       0x10 .\CortexM3\ARM_GCC_541\Debug\Proy3_1.a(CyLib.o)
 .text.CyXTAL_ReadStatus
                0x00000000       0x18 .\CortexM3\ARM_GCC_541\Debug\Proy3_1.a(CyLib.o)
 .text.CyXTAL_EnableFaultRecovery
                0x00000000       0x10 .\CortexM3\ARM_GCC_541\Debug\Proy3_1.a(CyLib.o)
 .text.CyXTAL_DisableFaultRecovery
                0x00000000       0x10 .\CortexM3\ARM_GCC_541\Debug\Proy3_1.a(CyLib.o)
 .text.CyXTAL_SetStartup
                0x00000000       0x18 .\CortexM3\ARM_GCC_541\Debug\Proy3_1.a(CyLib.o)
 .text.CyXTAL_SetFbVoltage
                0x00000000       0x18 .\CortexM3\ARM_GCC_541\Debug\Proy3_1.a(CyLib.o)
 .text.CyXTAL_SetWdVoltage
                0x00000000       0x18 .\CortexM3\ARM_GCC_541\Debug\Proy3_1.a(CyLib.o)
 .text.CyPLL_OUT_SetPQ
                0x00000000       0x60 .\CortexM3\ARM_GCC_541\Debug\Proy3_1.a(CyLib.o)
 .text.CyPLL_OUT_SetSource
                0x00000000       0x34 .\CortexM3\ARM_GCC_541\Debug\Proy3_1.a(CyLib.o)
 .text.CyIMO_SetTrimValue
                0x00000000       0xcc .\CortexM3\ARM_GCC_541\Debug\Proy3_1.a(CyLib.o)
 .text.CyIMO_SetFreq
                0x00000000       0xf4 .\CortexM3\ARM_GCC_541\Debug\Proy3_1.a(CyLib.o)
 .text.CyIMO_SetSource
                0x00000000       0x58 .\CortexM3\ARM_GCC_541\Debug\Proy3_1.a(CyLib.o)
 .text.CySoftwareReset
                0x00000000       0x10 .\CortexM3\ARM_GCC_541\Debug\Proy3_1.a(CyLib.o)
 .text.CyXTAL_32KHZ_SetPowerMode
                0x00000000       0x84 .\CortexM3\ARM_GCC_541\Debug\Proy3_1.a(CyLib.o)
 .text.CyXTAL_32KHZ_Start
                0x00000000       0x74 .\CortexM3\ARM_GCC_541\Debug\Proy3_1.a(CyLib.o)
 .text.CyDelayFreq
                0x00000000       0x4c .\CortexM3\ARM_GCC_541\Debug\Proy3_1.a(CyLib.o)
 .text.CyWdtStart
                0x00000000       0x40 .\CortexM3\ARM_GCC_541\Debug\Proy3_1.a(CyLib.o)
 .text.CyWdtClear
                0x00000000        0xc .\CortexM3\ARM_GCC_541\Debug\Proy3_1.a(CyLib.o)
 .text.CyVdStickyStatus
                0x00000000       0x2c .\CortexM3\ARM_GCC_541\Debug\Proy3_1.a(CyLib.o)
 .text.CyVdLvDigitEnable
                0x00000000       0x84 .\CortexM3\ARM_GCC_541\Debug\Proy3_1.a(CyLib.o)
 .text.CyVdLvAnalogEnable
                0x00000000       0x80 .\CortexM3\ARM_GCC_541\Debug\Proy3_1.a(CyLib.o)
 .text.CyVdLvDigitDisable
                0x00000000       0x30 .\CortexM3\ARM_GCC_541\Debug\Proy3_1.a(CyLib.o)
 .text.CyVdLvAnalogDisable
                0x00000000       0x28 .\CortexM3\ARM_GCC_541\Debug\Proy3_1.a(CyLib.o)
 .text.CyVdHvAnalogEnable
                0x00000000       0x54 .\CortexM3\ARM_GCC_541\Debug\Proy3_1.a(CyLib.o)
 .text.CyVdHvAnalogDisable
                0x00000000       0x20 .\CortexM3\ARM_GCC_541\Debug\Proy3_1.a(CyLib.o)
 .text.CyVdRealTimeStatus
                0x00000000       0x1c .\CortexM3\ARM_GCC_541\Debug\Proy3_1.a(CyLib.o)
 .text.CyDisableInts
                0x00000000       0x1c .\CortexM3\ARM_GCC_541\Debug\Proy3_1.a(CyLib.o)
 .text.CyEnableInts
                0x00000000       0x18 .\CortexM3\ARM_GCC_541\Debug\Proy3_1.a(CyLib.o)
 .text.CyFlushCache
                0x00000000       0x44 .\CortexM3\ARM_GCC_541\Debug\Proy3_1.a(CyLib.o)
 .text.CyIntSetSysVector
                0x00000000       0x28 .\CortexM3\ARM_GCC_541\Debug\Proy3_1.a(CyLib.o)
 .text.CyIntGetSysVector
                0x00000000       0x20 .\CortexM3\ARM_GCC_541\Debug\Proy3_1.a(CyLib.o)
 .text.CyIntGetVector
                0x00000000       0x24 .\CortexM3\ARM_GCC_541\Debug\Proy3_1.a(CyLib.o)
 .text.CyIntGetPriority
                0x00000000       0x20 .\CortexM3\ARM_GCC_541\Debug\Proy3_1.a(CyLib.o)
 .text.CyIntGetState
                0x00000000       0x24 .\CortexM3\ARM_GCC_541\Debug\Proy3_1.a(CyLib.o)
 .text.CySysTickStop
                0x00000000       0x10 .\CortexM3\ARM_GCC_541\Debug\Proy3_1.a(CyLib.o)
 .text.CySysTickEnableInterrupt
                0x00000000       0x10 .\CortexM3\ARM_GCC_541\Debug\Proy3_1.a(CyLib.o)
 .text.CySysTickEnable
                0x00000000       0x18 .\CortexM3\ARM_GCC_541\Debug\Proy3_1.a(CyLib.o)
 .text.CySysTickDisableInterrupt
                0x00000000       0x10 .\CortexM3\ARM_GCC_541\Debug\Proy3_1.a(CyLib.o)
 .text.CySysTickSetReload
                0x00000000       0x10 .\CortexM3\ARM_GCC_541\Debug\Proy3_1.a(CyLib.o)
 .text.CySysTickGetReload
                0x00000000       0x10 .\CortexM3\ARM_GCC_541\Debug\Proy3_1.a(CyLib.o)
 .text.CySysTickGetValue
                0x00000000       0x10 .\CortexM3\ARM_GCC_541\Debug\Proy3_1.a(CyLib.o)
 .text.CySysTickSetClockSource
                0x00000000       0x20 .\CortexM3\ARM_GCC_541\Debug\Proy3_1.a(CyLib.o)
 .text.CySysTickGetClockSource
                0x00000000       0x10 .\CortexM3\ARM_GCC_541\Debug\Proy3_1.a(CyLib.o)
 .text.CySysTickGetCountFlag
                0x00000000       0x10 .\CortexM3\ARM_GCC_541\Debug\Proy3_1.a(CyLib.o)
 .text.CySysTickServiceCallbacks
                0x00000000       0x28 .\CortexM3\ARM_GCC_541\Debug\Proy3_1.a(CyLib.o)
 .text.CySysTickClear
                0x00000000        0xc .\CortexM3\ARM_GCC_541\Debug\Proy3_1.a(CyLib.o)
 .text.CySysTickInit
                0x00000000       0x58 .\CortexM3\ARM_GCC_541\Debug\Proy3_1.a(CyLib.o)
 .text.CySysTickStart
                0x00000000       0x1c .\CortexM3\ARM_GCC_541\Debug\Proy3_1.a(CyLib.o)
 .text.CySysTickSetCallback
                0x00000000       0x10 .\CortexM3\ARM_GCC_541\Debug\Proy3_1.a(CyLib.o)
 .text.CySysTickGetCallback
                0x00000000       0x10 .\CortexM3\ARM_GCC_541\Debug\Proy3_1.a(CyLib.o)
 .text.CyGetUniqueId
                0x00000000       0x70 .\CortexM3\ARM_GCC_541\Debug\Proy3_1.a(CyLib.o)
 .text          0x00000000        0x0 .\CortexM3\ARM_GCC_541\Debug\Proy3_1.a(cyPm.o)
 .data          0x00000000        0x0 .\CortexM3\ARM_GCC_541\Debug\Proy3_1.a(cyPm.o)
 .bss           0x00000000       0x43 .\CortexM3\ARM_GCC_541\Debug\Proy3_1.a(cyPm.o)
 .text.CyPmHibSlpSaveSet
                0x00000000      0x1dc .\CortexM3\ARM_GCC_541\Debug\Proy3_1.a(cyPm.o)
 .text.CyPmHibSlpRestore
                0x00000000       0xd8 .\CortexM3\ARM_GCC_541\Debug\Proy3_1.a(cyPm.o)
 .text.CyPmHviLviSaveDisable
                0x00000000       0xa0 .\CortexM3\ARM_GCC_541\Debug\Proy3_1.a(cyPm.o)
 .text.CyPmHibSaveSet
                0x00000000       0x98 .\CortexM3\ARM_GCC_541\Debug\Proy3_1.a(cyPm.o)
 .text.CyPmHviLviRestore
                0x00000000       0x48 .\CortexM3\ARM_GCC_541\Debug\Proy3_1.a(cyPm.o)
 .text.CyPmHibRestore
                0x00000000       0x60 .\CortexM3\ARM_GCC_541\Debug\Proy3_1.a(cyPm.o)
 .text.CyPmSaveClocks
                0x00000000      0x218 .\CortexM3\ARM_GCC_541\Debug\Proy3_1.a(cyPm.o)
 .text.CyPmRestoreClocks
                0x00000000      0x24c .\CortexM3\ARM_GCC_541\Debug\Proy3_1.a(cyPm.o)
 .text.CyPmAltAct
                0x00000000       0x6c .\CortexM3\ARM_GCC_541\Debug\Proy3_1.a(cyPm.o)
 .text.CyPmSleep
                0x00000000       0xf4 .\CortexM3\ARM_GCC_541\Debug\Proy3_1.a(cyPm.o)
 .text.CyPmHibernateEx
                0x00000000       0xf4 .\CortexM3\ARM_GCC_541\Debug\Proy3_1.a(cyPm.o)
 .text.CyPmHibernate
                0x00000000        0xc .\CortexM3\ARM_GCC_541\Debug\Proy3_1.a(cyPm.o)
 .text.CyPmReadStatus
                0x00000000       0x30 .\CortexM3\ARM_GCC_541\Debug\Proy3_1.a(cyPm.o)
 .text.CyPmCtwSetInterval
                0x00000000       0x5c .\CortexM3\ARM_GCC_541\Debug\Proy3_1.a(cyPm.o)
 .text.CyPmOppsSet
                0x00000000       0x2c .\CortexM3\ARM_GCC_541\Debug\Proy3_1.a(cyPm.o)
 .text.CyPmFtwSetInterval
                0x00000000       0x5c .\CortexM3\ARM_GCC_541\Debug\Proy3_1.a(cyPm.o)
 .rodata        0x00000000        0xf .\CortexM3\ARM_GCC_541\Debug\Proy3_1.a(cyPm.o)
 .text          0x00000000        0x0 .\CortexM3\ARM_GCC_541\Debug\Proy3_1.a(LEDS.o)
 .data          0x00000000        0x0 .\CortexM3\ARM_GCC_541\Debug\Proy3_1.a(LEDS.o)
 .bss           0x00000000        0x0 .\CortexM3\ARM_GCC_541\Debug\Proy3_1.a(LEDS.o)
 .text.LEDS_SetDriveMode
                0x00000000       0x18 .\CortexM3\ARM_GCC_541\Debug\Proy3_1.a(LEDS.o)
 .text.LEDS_Read
                0x00000000       0x10 .\CortexM3\ARM_GCC_541\Debug\Proy3_1.a(LEDS.o)
 .text.LEDS_ReadDataReg
                0x00000000       0x10 .\CortexM3\ARM_GCC_541\Debug\Proy3_1.a(LEDS.o)
 .text          0x00000000        0x0 .\CortexM3\ARM_GCC_541\Debug\Proy3_1.a(ISR.o)
 .data          0x00000000        0x0 .\CortexM3\ARM_GCC_541\Debug\Proy3_1.a(ISR.o)
 .bss           0x00000000        0x0 .\CortexM3\ARM_GCC_541\Debug\Proy3_1.a(ISR.o)
 .text.ISR_Interrupt
                0x00000000        0x4 .\CortexM3\ARM_GCC_541\Debug\Proy3_1.a(ISR.o)
 .text.ISR_GetVector
                0x00000000        0xc .\CortexM3\ARM_GCC_541\Debug\Proy3_1.a(ISR.o)
 .text.ISR_GetPriority
                0x00000000        0xc .\CortexM3\ARM_GCC_541\Debug\Proy3_1.a(ISR.o)
 .text.ISR_GetState
                0x00000000       0x10 .\CortexM3\ARM_GCC_541\Debug\Proy3_1.a(ISR.o)
 .text.ISR_Start
                0x00000000       0x1c .\CortexM3\ARM_GCC_541\Debug\Proy3_1.a(ISR.o)
 .text.ISR_Stop
                0x00000000       0x14 .\CortexM3\ARM_GCC_541\Debug\Proy3_1.a(ISR.o)
 .text.ISR_SetPending
                0x00000000        0xc .\CortexM3\ARM_GCC_541\Debug\Proy3_1.a(ISR.o)
 .text.ISR_ClearPending
                0x00000000        0xc .\CortexM3\ARM_GCC_541\Debug\Proy3_1.a(ISR.o)
 .text          0x00000000        0x0 .\CortexM3\ARM_GCC_541\Debug\Proy3_1.a(Timer.o)
 .data          0x00000000        0x0 .\CortexM3\ARM_GCC_541\Debug\Proy3_1.a(Timer.o)
 .text.Timer_Stop
                0x00000000       0x28 .\CortexM3\ARM_GCC_541\Debug\Proy3_1.a(Timer.o)
 .text.Timer_SoftwareCapture
                0x00000000        0xc .\CortexM3\ARM_GCC_541\Debug\Proy3_1.a(Timer.o)
 .text.Timer_ReadStatusRegister
                0x00000000        0xc .\CortexM3\ARM_GCC_541\Debug\Proy3_1.a(Timer.o)
 .text.Timer_ReadControlRegister
                0x00000000        0xc .\CortexM3\ARM_GCC_541\Debug\Proy3_1.a(Timer.o)
 .text.Timer_WriteControlRegister
                0x00000000        0xc .\CortexM3\ARM_GCC_541\Debug\Proy3_1.a(Timer.o)
 .text.Timer_ReadPeriod
                0x00000000        0xc .\CortexM3\ARM_GCC_541\Debug\Proy3_1.a(Timer.o)
 .text.Timer_ReadCapture
                0x00000000        0xc .\CortexM3\ARM_GCC_541\Debug\Proy3_1.a(Timer.o)
 .text.Timer_ReadCounter
                0x00000000       0x14 .\CortexM3\ARM_GCC_541\Debug\Proy3_1.a(Timer.o)
 .text          0x00000000        0x0 .\CortexM3\ARM_GCC_541\Debug\Proy3_1.a(SW.o)
 .data          0x00000000        0x0 .\CortexM3\ARM_GCC_541\Debug\Proy3_1.a(SW.o)
 .bss           0x00000000        0x0 .\CortexM3\ARM_GCC_541\Debug\Proy3_1.a(SW.o)
 .text.SW_Write
                0x00000000       0x18 .\CortexM3\ARM_GCC_541\Debug\Proy3_1.a(SW.o)
 .text.SW_SetDriveMode
                0x00000000       0x18 .\CortexM3\ARM_GCC_541\Debug\Proy3_1.a(SW.o)
 .text.SW_Read  0x00000000       0x10 .\CortexM3\ARM_GCC_541\Debug\Proy3_1.a(SW.o)
 .text.SW_ReadDataReg
                0x00000000       0x10 .\CortexM3\ARM_GCC_541\Debug\Proy3_1.a(SW.o)
 .text.SW_SetInterruptMode
                0x00000000       0x14 .\CortexM3\ARM_GCC_541\Debug\Proy3_1.a(SW.o)
 .text          0x00000000        0x0 .\CortexM3\ARM_GCC_541\Debug\Proy3_1.a(ISR_1.o)
 .data          0x00000000        0x0 .\CortexM3\ARM_GCC_541\Debug\Proy3_1.a(ISR_1.o)
 .bss           0x00000000        0x0 .\CortexM3\ARM_GCC_541\Debug\Proy3_1.a(ISR_1.o)
 .text.ISR_1_Interrupt
                0x00000000        0x4 .\CortexM3\ARM_GCC_541\Debug\Proy3_1.a(ISR_1.o)
 .text.ISR_1_GetVector
                0x00000000        0xc .\CortexM3\ARM_GCC_541\Debug\Proy3_1.a(ISR_1.o)
 .text.ISR_1_GetPriority
                0x00000000        0xc .\CortexM3\ARM_GCC_541\Debug\Proy3_1.a(ISR_1.o)
 .text.ISR_1_GetState
                0x00000000       0x18 .\CortexM3\ARM_GCC_541\Debug\Proy3_1.a(ISR_1.o)
 .text.ISR_1_Start
                0x00000000       0x1c .\CortexM3\ARM_GCC_541\Debug\Proy3_1.a(ISR_1.o)
 .text.ISR_1_Stop
                0x00000000       0x14 .\CortexM3\ARM_GCC_541\Debug\Proy3_1.a(ISR_1.o)
 .text.ISR_1_SetPending
                0x00000000        0xc .\CortexM3\ARM_GCC_541\Debug\Proy3_1.a(ISR_1.o)
 .text.ISR_1_ClearPending
                0x00000000        0xc .\CortexM3\ARM_GCC_541\Debug\Proy3_1.a(ISR_1.o)
 .data          0x00000000        0x0 .\CortexM3\ARM_GCC_541\Debug\Proy3_1.a(CyBootAsmGnu.o)
 .bss           0x00000000        0x0 .\CortexM3\ARM_GCC_541\Debug\Proy3_1.a(CyBootAsmGnu.o)
 .text          0x00000000        0x0 .\CortexM3\ARM_GCC_541\Debug\Proy3_1.a(CyFlash.o)
 .data          0x00000000        0x0 .\CortexM3\ARM_GCC_541\Debug\Proy3_1.a(CyFlash.o)
 .bss           0x00000000        0x0 .\CortexM3\ARM_GCC_541\Debug\Proy3_1.a(CyFlash.o)
 .text.CySetTempInt
                0x00000000       0x60 .\CortexM3\ARM_GCC_541\Debug\Proy3_1.a(CyFlash.o)
 .text.CyFlash_Start
                0x00000000       0x54 .\CortexM3\ARM_GCC_541\Debug\Proy3_1.a(CyFlash.o)
 .text.CyFlash_Stop
                0x00000000       0x24 .\CortexM3\ARM_GCC_541\Debug\Proy3_1.a(CyFlash.o)
 .text.CyFlash_EraseRow
                0x00000000       0x78 .\CortexM3\ARM_GCC_541\Debug\Proy3_1.a(CyFlash.o)
 .text.CyFlashGetSpcAlgorithm
                0x00000000       0x4c .\CortexM3\ARM_GCC_541\Debug\Proy3_1.a(CyFlash.o)
 .text.CySetTemp
                0x00000000       0x14 .\CortexM3\ARM_GCC_541\Debug\Proy3_1.a(CyFlash.o)
 .text.CySetFlashEEBuffer
                0x00000000       0x20 .\CortexM3\ARM_GCC_541\Debug\Proy3_1.a(CyFlash.o)
 .text.CyWriteRowFull
                0x00000000       0xf8 .\CortexM3\ARM_GCC_541\Debug\Proy3_1.a(CyFlash.o)
 .text.CyWriteRowData
                0x00000000       0x14 .\CortexM3\ARM_GCC_541\Debug\Proy3_1.a(CyFlash.o)
 .text.CyFlash_SetWaitCycles
                0x00000000       0x7c .\CortexM3\ARM_GCC_541\Debug\Proy3_1.a(CyFlash.o)
 .text.CyEEPROM_Start
                0x00000000       0x54 .\CortexM3\ARM_GCC_541\Debug\Proy3_1.a(CyFlash.o)
 .text.CyEEPROM_Stop
                0x00000000       0x24 .\CortexM3\ARM_GCC_541\Debug\Proy3_1.a(CyFlash.o)
 .text.CyEEPROM_ReadReserve
                0x00000000       0x1c .\CortexM3\ARM_GCC_541\Debug\Proy3_1.a(CyFlash.o)
 .text.CyEEPROM_ReadRelease
                0x00000000       0x10 .\CortexM3\ARM_GCC_541\Debug\Proy3_1.a(CyFlash.o)
 COMMON         0x00000000        0x2 .\CortexM3\ARM_GCC_541\Debug\Proy3_1.a(CyFlash.o)
 .text          0x00000000        0x0 .\CortexM3\ARM_GCC_541\Debug\Proy3_1.a(CySpc.o)
 .data          0x00000000        0x0 .\CortexM3\ARM_GCC_541\Debug\Proy3_1.a(CySpc.o)
 .bss           0x00000000        0x8 .\CortexM3\ARM_GCC_541\Debug\Proy3_1.a(CySpc.o)
 .text.CySpcStart
                0x00000000       0x24 .\CortexM3\ARM_GCC_541\Debug\Proy3_1.a(CySpc.o)
 .text.CySpcStop
                0x00000000       0x24 .\CortexM3\ARM_GCC_541\Debug\Proy3_1.a(CySpc.o)
 .text.CySpcReadData
                0x00000000       0x34 .\CortexM3\ARM_GCC_541\Debug\Proy3_1.a(CySpc.o)
 .text.CySpcLoadMultiByte
                0x00000000       0x78 .\CortexM3\ARM_GCC_541\Debug\Proy3_1.a(CySpc.o)
 .text.CySpcLoadRow
                0x00000000       0x50 .\CortexM3\ARM_GCC_541\Debug\Proy3_1.a(CySpc.o)
 .text.CySpcLoadRowFull
                0x00000000       0x80 .\CortexM3\ARM_GCC_541\Debug\Proy3_1.a(CySpc.o)
 .text.CySpcWriteRow
                0x00000000       0x4c .\CortexM3\ARM_GCC_541\Debug\Proy3_1.a(CySpc.o)
 .text.CySpcEraseSector
                0x00000000       0x3c .\CortexM3\ARM_GCC_541\Debug\Proy3_1.a(CySpc.o)
 .text.CySpcEraseRow
                0x00000000       0x4c .\CortexM3\ARM_GCC_541\Debug\Proy3_1.a(CySpc.o)
 .text.CySpcGetTemp
                0x00000000       0x3c .\CortexM3\ARM_GCC_541\Debug\Proy3_1.a(CySpc.o)
 .text.CySpcLock
                0x00000000       0x4c .\CortexM3\ARM_GCC_541\Debug\Proy3_1.a(CySpc.o)
 .text.CySpcUnlock
                0x00000000       0x38 .\CortexM3\ARM_GCC_541\Debug\Proy3_1.a(CySpc.o)
 .text.CySpcGetAlgorithm
                0x00000000       0x28 .\CortexM3\ARM_GCC_541\Debug\Proy3_1.a(CySpc.o)
 .data          0x00000000        0x0 c:/program files (x86)/cypress/psoc creator/4.2/psoc creator/import/gnu/arm/5.4.1/bin/../lib/gcc/arm-none-eabi/5.4.1/armv7-m\libgcc.a(_arm_addsubsf3.o)
 .bss           0x00000000        0x0 c:/program files (x86)/cypress/psoc creator/4.2/psoc creator/import/gnu/arm/5.4.1/bin/../lib/gcc/arm-none-eabi/5.4.1/armv7-m\libgcc.a(_arm_addsubsf3.o)
 .data          0x00000000        0x0 c:/program files (x86)/cypress/psoc creator/4.2/psoc creator/import/gnu/arm/5.4.1/bin/../lib/gcc/arm-none-eabi/5.4.1/armv7-m\libgcc.a(_arm_muldivsf3.o)
 .bss           0x00000000        0x0 c:/program files (x86)/cypress/psoc creator/4.2/psoc creator/import/gnu/arm/5.4.1/bin/../lib/gcc/arm-none-eabi/5.4.1/armv7-m\libgcc.a(_arm_muldivsf3.o)
 .data          0x00000000        0x0 c:/program files (x86)/cypress/psoc creator/4.2/psoc creator/import/gnu/arm/5.4.1/bin/../lib/gcc/arm-none-eabi/5.4.1/armv7-m\libgcc.a(_arm_fixunssfsi.o)
 .bss           0x00000000        0x0 c:/program files (x86)/cypress/psoc creator/4.2/psoc creator/import/gnu/arm/5.4.1/bin/../lib/gcc/arm-none-eabi/5.4.1/armv7-m\libgcc.a(_arm_fixunssfsi.o)
 .text          0x00000000       0xa0 c:/program files (x86)/cypress/psoc creator/4.2/psoc creator/import/gnu/arm/5.4.1/bin/../lib/gcc/arm-none-eabi/5.4.1/armv7-m\libgcc.a(_aeabi_ldivmod.o)
 .data          0x00000000        0x0 c:/program files (x86)/cypress/psoc creator/4.2/psoc creator/import/gnu/arm/5.4.1/bin/../lib/gcc/arm-none-eabi/5.4.1/armv7-m\libgcc.a(_aeabi_ldivmod.o)
 .bss           0x00000000        0x0 c:/program files (x86)/cypress/psoc creator/4.2/psoc creator/import/gnu/arm/5.4.1/bin/../lib/gcc/arm-none-eabi/5.4.1/armv7-m\libgcc.a(_aeabi_ldivmod.o)
 .text          0x00000000      0x2ec c:/program files (x86)/cypress/psoc creator/4.2/psoc creator/import/gnu/arm/5.4.1/bin/../lib/gcc/arm-none-eabi/5.4.1/armv7-m\libgcc.a(_udivmoddi4.o)
 .data          0x00000000        0x0 c:/program files (x86)/cypress/psoc creator/4.2/psoc creator/import/gnu/arm/5.4.1/bin/../lib/gcc/arm-none-eabi/5.4.1/armv7-m\libgcc.a(_udivmoddi4.o)
 .bss           0x00000000        0x0 c:/program files (x86)/cypress/psoc creator/4.2/psoc creator/import/gnu/arm/5.4.1/bin/../lib/gcc/arm-none-eabi/5.4.1/armv7-m\libgcc.a(_udivmoddi4.o)
 .ARM.extab     0x00000000        0x0 c:/program files (x86)/cypress/psoc creator/4.2/psoc creator/import/gnu/arm/5.4.1/bin/../lib/gcc/arm-none-eabi/5.4.1/armv7-m\libgcc.a(_udivmoddi4.o)
 .ARM.exidx     0x00000000        0x8 c:/program files (x86)/cypress/psoc creator/4.2/psoc creator/import/gnu/arm/5.4.1/bin/../lib/gcc/arm-none-eabi/5.4.1/armv7-m\libgcc.a(_udivmoddi4.o)
 .text          0x00000000        0x4 c:/program files (x86)/cypress/psoc creator/4.2/psoc creator/import/gnu/arm/5.4.1/bin/../lib/gcc/arm-none-eabi/5.4.1/armv7-m\libgcc.a(_dvmd_tls.o)
 .data          0x00000000        0x0 c:/program files (x86)/cypress/psoc creator/4.2/psoc creator/import/gnu/arm/5.4.1/bin/../lib/gcc/arm-none-eabi/5.4.1/armv7-m\libgcc.a(_dvmd_tls.o)
 .bss           0x00000000        0x0 c:/program files (x86)/cypress/psoc creator/4.2/psoc creator/import/gnu/arm/5.4.1/bin/../lib/gcc/arm-none-eabi/5.4.1/armv7-m\libgcc.a(_dvmd_tls.o)
 .text          0x00000000        0x0 c:/program files (x86)/cypress/psoc creator/4.2/psoc creator/import/gnu/arm/5.4.1/bin/../lib/gcc/arm-none-eabi/5.4.1/../../../../arm-none-eabi/lib/armv7-m\libg_nano.a(lib_a-errno.o)
 .data          0x00000000        0x0 c:/program files (x86)/cypress/psoc creator/4.2/psoc creator/import/gnu/arm/5.4.1/bin/../lib/gcc/arm-none-eabi/5.4.1/../../../../arm-none-eabi/lib/armv7-m\libg_nano.a(lib_a-errno.o)
 .bss           0x00000000        0x0 c:/program files (x86)/cypress/psoc creator/4.2/psoc creator/import/gnu/arm/5.4.1/bin/../lib/gcc/arm-none-eabi/5.4.1/../../../../arm-none-eabi/lib/armv7-m\libg_nano.a(lib_a-errno.o)
 .text          0x00000000        0x0 c:/program files (x86)/cypress/psoc creator/4.2/psoc creator/import/gnu/arm/5.4.1/bin/../lib/gcc/arm-none-eabi/5.4.1/../../../../arm-none-eabi/lib/armv7-m\libg_nano.a(lib_a-exit.o)
 .data          0x00000000        0x0 c:/program files (x86)/cypress/psoc creator/4.2/psoc creator/import/gnu/arm/5.4.1/bin/../lib/gcc/arm-none-eabi/5.4.1/../../../../arm-none-eabi/lib/armv7-m\libg_nano.a(lib_a-exit.o)
 .bss           0x00000000        0x0 c:/program files (x86)/cypress/psoc creator/4.2/psoc creator/import/gnu/arm/5.4.1/bin/../lib/gcc/arm-none-eabi/5.4.1/../../../../arm-none-eabi/lib/armv7-m\libg_nano.a(lib_a-exit.o)
 .text.exit     0x00000000       0x28 c:/program files (x86)/cypress/psoc creator/4.2/psoc creator/import/gnu/arm/5.4.1/bin/../lib/gcc/arm-none-eabi/5.4.1/../../../../arm-none-eabi/lib/armv7-m\libg_nano.a(lib_a-exit.o)
 .text          0x00000000        0x0 c:/program files (x86)/cypress/psoc creator/4.2/psoc creator/import/gnu/arm/5.4.1/bin/../lib/gcc/arm-none-eabi/5.4.1/../../../../arm-none-eabi/lib/armv7-m\libg_nano.a(lib_a-impure.o)
 .data          0x00000000        0x0 c:/program files (x86)/cypress/psoc creator/4.2/psoc creator/import/gnu/arm/5.4.1/bin/../lib/gcc/arm-none-eabi/5.4.1/../../../../arm-none-eabi/lib/armv7-m\libg_nano.a(lib_a-impure.o)
 .bss           0x00000000        0x0 c:/program files (x86)/cypress/psoc creator/4.2/psoc creator/import/gnu/arm/5.4.1/bin/../lib/gcc/arm-none-eabi/5.4.1/../../../../arm-none-eabi/lib/armv7-m\libg_nano.a(lib_a-impure.o)
 .rodata._global_impure_ptr
                0x00000000        0x4 c:/program files (x86)/cypress/psoc creator/4.2/psoc creator/import/gnu/arm/5.4.1/bin/../lib/gcc/arm-none-eabi/5.4.1/../../../../arm-none-eabi/lib/armv7-m\libg_nano.a(lib_a-impure.o)
 .text          0x00000000        0x0 c:/program files (x86)/cypress/psoc creator/4.2/psoc creator/import/gnu/arm/5.4.1/bin/../lib/gcc/arm-none-eabi/5.4.1/../../../../arm-none-eabi/lib/armv7-m\libg_nano.a(lib_a-init.o)
 .data          0x00000000        0x0 c:/program files (x86)/cypress/psoc creator/4.2/psoc creator/import/gnu/arm/5.4.1/bin/../lib/gcc/arm-none-eabi/5.4.1/../../../../arm-none-eabi/lib/armv7-m\libg_nano.a(lib_a-init.o)
 .bss           0x00000000        0x0 c:/program files (x86)/cypress/psoc creator/4.2/psoc creator/import/gnu/arm/5.4.1/bin/../lib/gcc/arm-none-eabi/5.4.1/../../../../arm-none-eabi/lib/armv7-m\libg_nano.a(lib_a-init.o)
 .text          0x00000000        0x0 c:/program files (x86)/cypress/psoc creator/4.2/psoc creator/import/gnu/arm/5.4.1/bin/../lib/gcc/arm-none-eabi/5.4.1/../../../../arm-none-eabi/lib/armv7-m\libg_nano.a(lib_a-memcpy-stub.o)
 .data          0x00000000        0x0 c:/program files (x86)/cypress/psoc creator/4.2/psoc creator/import/gnu/arm/5.4.1/bin/../lib/gcc/arm-none-eabi/5.4.1/../../../../arm-none-eabi/lib/armv7-m\libg_nano.a(lib_a-memcpy-stub.o)
 .bss           0x00000000        0x0 c:/program files (x86)/cypress/psoc creator/4.2/psoc creator/import/gnu/arm/5.4.1/bin/../lib/gcc/arm-none-eabi/5.4.1/../../../../arm-none-eabi/lib/armv7-m\libg_nano.a(lib_a-memcpy-stub.o)
 .text          0x00000000        0x0 c:/program files (x86)/cypress/psoc creator/4.2/psoc creator/import/gnu/arm/5.4.1/bin/../lib/gcc/arm-none-eabi/5.4.1/../../../../arm-none-eabi/lib/armv7-m\libg_nano.a(lib_a-memset.o)
 .data          0x00000000        0x0 c:/program files (x86)/cypress/psoc creator/4.2/psoc creator/import/gnu/arm/5.4.1/bin/../lib/gcc/arm-none-eabi/5.4.1/../../../../arm-none-eabi/lib/armv7-m\libg_nano.a(lib_a-memset.o)
 .bss           0x00000000        0x0 c:/program files (x86)/cypress/psoc creator/4.2/psoc creator/import/gnu/arm/5.4.1/bin/../lib/gcc/arm-none-eabi/5.4.1/../../../../arm-none-eabi/lib/armv7-m\libg_nano.a(lib_a-memset.o)
 .text          0x00000000        0x0 c:/program files (x86)/cypress/psoc creator/4.2/psoc creator/import/gnu/arm/5.4.1/bin/../lib/gcc/arm-none-eabi/5.4.1/armv7-m/crtend.o
 .data          0x00000000        0x0 c:/program files (x86)/cypress/psoc creator/4.2/psoc creator/import/gnu/arm/5.4.1/bin/../lib/gcc/arm-none-eabi/5.4.1/armv7-m/crtend.o
 .bss           0x00000000        0x0 c:/program files (x86)/cypress/psoc creator/4.2/psoc creator/import/gnu/arm/5.4.1/bin/../lib/gcc/arm-none-eabi/5.4.1/armv7-m/crtend.o
 .text          0x00000000        0x0 c:/program files (x86)/cypress/psoc creator/4.2/psoc creator/import/gnu/arm/5.4.1/bin/../lib/gcc/arm-none-eabi/5.4.1/armv7-m/crtn.o
 .data          0x00000000        0x0 c:/program files (x86)/cypress/psoc creator/4.2/psoc creator/import/gnu/arm/5.4.1/bin/../lib/gcc/arm-none-eabi/5.4.1/armv7-m/crtn.o
 .bss           0x00000000        0x0 c:/program files (x86)/cypress/psoc creator/4.2/psoc creator/import/gnu/arm/5.4.1/bin/../lib/gcc/arm-none-eabi/5.4.1/armv7-m/crtn.o

Memory Configuration

Name             Origin             Length             Attributes
rom              0x00000000         0x00040000         xr
ram              0x1fff8000         0x00010000         xrw
*default*        0x00000000         0xffffffff

Linker script and memory map

LOAD c:/program files (x86)/cypress/psoc creator/4.2/psoc creator/import/gnu/arm/5.4.1/bin/../lib/gcc/arm-none-eabi/5.4.1/armv7-m/crti.o
LOAD c:/program files (x86)/cypress/psoc creator/4.2/psoc creator/import/gnu/arm/5.4.1/bin/../lib/gcc/arm-none-eabi/5.4.1/armv7-m/crtbegin.o
LOAD c:/program files (x86)/cypress/psoc creator/4.2/psoc creator/import/gnu/arm/5.4.1/bin/../lib/gcc/arm-none-eabi/5.4.1/../../../../arm-none-eabi/lib/armv7-m/crt0.o
START GROUP
LOAD .\CortexM3\ARM_GCC_541\Debug\main.o
LOAD .\CortexM3\ARM_GCC_541\Debug\cyfitter_cfg.o
LOAD .\CortexM3\ARM_GCC_541\Debug\cymetadata.o
LOAD .\CortexM3\ARM_GCC_541\Debug\Cm3Start.o
LOAD .\CortexM3\ARM_GCC_541\Debug\Proy3_1.a
LOAD C:\Program Files (x86)\Cypress\PSoC Creator\4.2\PSoC Creator\psoc\content\cycomponentlibrary\CyComponentLibrary.cylib\CortexM3\ARM_GCC_541\Debug\CyComponentLibrary.a
LOAD c:/program files (x86)/cypress/psoc creator/4.2/psoc creator/import/gnu/arm/5.4.1/bin/../lib/gcc/arm-none-eabi/5.4.1/../../../../arm-none-eabi/lib/armv7-m\libm.a
END GROUP
START GROUP
LOAD c:/program files (x86)/cypress/psoc creator/4.2/psoc creator/import/gnu/arm/5.4.1/bin/../lib/gcc/arm-none-eabi/5.4.1/armv7-m\libgcc.a
LOAD c:/program files (x86)/cypress/psoc creator/4.2/psoc creator/import/gnu/arm/5.4.1/bin/../lib/gcc/arm-none-eabi/5.4.1/../../../../arm-none-eabi/lib/armv7-m\libg_nano.a
LOAD c:/program files (x86)/cypress/psoc creator/4.2/psoc creator/import/gnu/arm/5.4.1/bin/../lib/gcc/arm-none-eabi/5.4.1/../../../../arm-none-eabi/lib/armv7-m\libc_nano.a
END GROUP
START GROUP
LOAD c:/program files (x86)/cypress/psoc creator/4.2/psoc creator/import/gnu/arm/5.4.1/bin/../lib/gcc/arm-none-eabi/5.4.1/armv7-m\libgcc.a
LOAD c:/program files (x86)/cypress/psoc creator/4.2/psoc creator/import/gnu/arm/5.4.1/bin/../lib/gcc/arm-none-eabi/5.4.1/../../../../arm-none-eabi/lib/armv7-m\libc_nano.a
END GROUP
LOAD c:/program files (x86)/cypress/psoc creator/4.2/psoc creator/import/gnu/arm/5.4.1/bin/../lib/gcc/arm-none-eabi/5.4.1/armv7-m/crtend.o
LOAD c:/program files (x86)/cypress/psoc creator/4.2/psoc creator/import/gnu/arm/5.4.1/bin/../lib/gcc/arm-none-eabi/5.4.1/armv7-m/crtn.o
START GROUP
LOAD c:/program files (x86)/cypress/psoc creator/4.2/psoc creator/import/gnu/arm/5.4.1/bin/../lib/gcc/arm-none-eabi/5.4.1/armv7-m\libgcc.a
LOAD c:/program files (x86)/cypress/psoc creator/4.2/psoc creator/import/gnu/arm/5.4.1/bin/../lib/gcc/arm-none-eabi/5.4.1/../../../../arm-none-eabi/lib/armv7-m\libc.a
LOAD c:/program files (x86)/cypress/psoc creator/4.2/psoc creator/import/gnu/arm/5.4.1/bin/../lib/gcc/arm-none-eabi/5.4.1/../../../../arm-none-eabi/lib/armv7-m\libnosys.a
END GROUP
                0x00000000                CY_APPL_ORIGIN = 0x0
                0x00000100                CY_FLASH_ROW_SIZE = 0x100
                0x00000020                CY_ECC_ROW_SIZE = 0x20
                0x00000000                CY_EE_IN_BTLDR = 0x0
                0x00000000                CY_APPL_LOADABLE = 0x0
                0x00000800                CY_EE_SIZE = 0x800
                0x00000001                CY_APPL_NUM = 0x1
                0x00000001                CY_APPL_MAX = 0x1
                0x00000040                CY_METADATA_SIZE = 0x40
                0x00000000                CY_APPL_LOADABLE = 0x0
                0x00000000                CY_CHECKSUM_EXCLUDE_SIZE = ALIGN (0x0, CY_FLASH_ROW_SIZE)
                [!provide]                PROVIDE (__cy_heap_start, _end)
                0x00000001                PROVIDE (__cy_region_num, ((__cy_regions_end - __cy_regions) / 0x10))
                0x20008000                PROVIDE (__cy_stack, (ORIGIN (ram) + LENGTH (ram)))
                [!provide]                PROVIDE (__cy_heap_end, (__cy_stack - 0x800))

.cybootloader   0x00000000        0x0
 *(.cybootloader)
                0x00000000                appl1_start = CY_APPL_ORIGIN?CY_APPL_ORIGIN:ALIGN (CY_FLASH_ROW_SIZE)
                0x0001ff00                appl2_start = (appl1_start + ALIGN ((((LENGTH (rom) - appl1_start) - (0x2 * CY_FLASH_ROW_SIZE)) / 0x2), CY_FLASH_ROW_SIZE))
                0x00000000                appl_start = (CY_APPL_NUM == 0x1)?appl1_start:appl2_start
                0x00000000                ecc_offset = ((appl_start / CY_FLASH_ROW_SIZE) * CY_ECC_ROW_SIZE)
                0x00000000                ee_offset = (CY_APPL_LOADABLE && ! (CY_EE_IN_BTLDR))?((CY_EE_SIZE / CY_APPL_MAX) * (CY_APPL_NUM - 0x1)):0x0
                0x00000800                ee_size = (CY_APPL_LOADABLE && ! (CY_EE_IN_BTLDR))?(CY_EE_SIZE / CY_APPL_MAX):CY_EE_SIZE
                [!provide]                PROVIDE (CY_ECC_OFFSET, ecc_offset)

.text           0x00000000     0x250a
 CREATE_OBJECT_SYMBOLS
                0x00000000                PROVIDE (__cy_interrupt_vector, RomVectors)
 *(.romvectors)
 .romvectors    0x00000000       0x10 .\CortexM3\ARM_GCC_541\Debug\Cm3Start.o
                0x00000000                RomVectors
                0x00000001                ASSERT ((. != __cy_interrupt_vector), No interrupt vector)
                0x00000001                ASSERT (CY_APPL_ORIGIN?(SIZEOF (.cybootloader) <= CY_APPL_ORIGIN):0x1, Wrong image location)
                0x00000010                PROVIDE (__cy_reset, Reset)
 *(.text.Reset)
 .text.Reset    0x00000010       0x18 .\CortexM3\ARM_GCC_541\Debug\Cm3Start.o
                0x00000010                Reset
                0x00000001                ASSERT ((. != __cy_reset), No reset code)
 *(.dma_init)
                0x00000001                ASSERT ((((appl_start + .) <= 0x10000) || 0x1), DMA Init must be within the first 64k of flash)
 *(.text .text.* .gnu.linkonce.t.*)
 .text          0x00000028       0x5c c:/program files (x86)/cypress/psoc creator/4.2/psoc creator/import/gnu/arm/5.4.1/bin/../lib/gcc/arm-none-eabi/5.4.1/armv7-m/crtbegin.o
 .text.INT_SW   0x00000084       0x80 .\CortexM3\ARM_GCC_541\Debug\main.o
                0x00000084                INT_SW
 .text.llegaMuestra
                0x00000104     0x1394 .\CortexM3\ARM_GCC_541\Debug\main.o
                0x00000104                llegaMuestra
 .text.main     0x00001498       0x44 .\CortexM3\ARM_GCC_541\Debug\main.o
                0x00001498                main
 .text.cfg_write_bytes32
                0x000014dc       0x34 .\CortexM3\ARM_GCC_541\Debug\cyfitter_cfg.o
 .text.CYMEMZERO
                0x00001510        0xc .\CortexM3\ARM_GCC_541\Debug\cyfitter_cfg.o
 .text.AnalogSetDefault
                0x0000151c       0x84 .\CortexM3\ARM_GCC_541\Debug\cyfitter_cfg.o
 .text.CYCONFIGCPY
                0x000015a0        0x8 .\CortexM3\ARM_GCC_541\Debug\cyfitter_cfg.o
 .text.ClockSetup
                0x000015a8       0xa0 .\CortexM3\ARM_GCC_541\Debug\cyfitter_cfg.o
 .text.cyfitter_cfg
                0x00001648       0xf4 .\CortexM3\ARM_GCC_541\Debug\cyfitter_cfg.o
                0x00001648                cyfitter_cfg
 .text.IntDefaultHandler
                0x0000173c       0x10 .\CortexM3\ARM_GCC_541\Debug\Cm3Start.o
                0x0000173c                IntDefaultHandler
 .text.Start_c  0x0000174c       0x4c .\CortexM3\ARM_GCC_541\Debug\Cm3Start.o
                0x0000174c                Start_c
 .text.initialize_psoc
                0x00001798       0x68 .\CortexM3\ARM_GCC_541\Debug\Cm3Start.o
                0x00001798                initialize_psoc
 .text.ADC_CalcGain
                0x00001800       0x64 .\CortexM3\ARM_GCC_541\Debug\Proy3_1.a(ADC.o)
 .text.ADC_Enable
                0x00001864       0x94 .\CortexM3\ARM_GCC_541\Debug\Proy3_1.a(ADC.o)
                0x00001864                ADC_Enable
 .text.ADC_SetResolution
                0x000018f8       0x38 .\CortexM3\ARM_GCC_541\Debug\Proy3_1.a(ADC.o)
                0x000018f8                ADC_SetResolution
 .text.ADC_Init
                0x00001930       0x3c .\CortexM3\ARM_GCC_541\Debug\Proy3_1.a(ADC.o)
                0x00001930                ADC_Init
 .text.ADC_Start
                0x0000196c       0x1c .\CortexM3\ARM_GCC_541\Debug\Proy3_1.a(ADC.o)
                0x0000196c                ADC_Start
 .text.ADC_StartConvert
                0x00001988       0x18 .\CortexM3\ARM_GCC_541\Debug\Proy3_1.a(ADC.o)
                0x00001988                ADC_StartConvert
 .text.ADC_IsEndConversion
                0x000019a0       0x24 .\CortexM3\ARM_GCC_541\Debug\Proy3_1.a(ADC.o)
                0x000019a0                ADC_IsEndConversion
 .text.ADC_GetResult16
                0x000019c4       0x18 .\CortexM3\ARM_GCC_541\Debug\Proy3_1.a(ADC.o)
                0x000019c4                ADC_GetResult16
 .text.ADC_ISR  0x000019dc        0x4 .\CortexM3\ARM_GCC_541\Debug\Proy3_1.a(ADC_INT.o)
                0x000019dc                ADC_ISR
 .text.DAC_Enable
                0x000019e0       0x1c .\CortexM3\ARM_GCC_541\Debug\Proy3_1.a(DAC.o)
                0x000019e0                DAC_Enable
 .text.DAC_SetSpeed
                0x000019fc       0x1c .\CortexM3\ARM_GCC_541\Debug\Proy3_1.a(DAC.o)
                0x000019fc                DAC_SetSpeed
 .text.DAC_SetValue
                0x00001a18        0xc .\CortexM3\ARM_GCC_541\Debug\Proy3_1.a(DAC.o)
                0x00001a18                DAC_SetValue
 .text.DAC_DacTrim
                0x00001a24       0x24 .\CortexM3\ARM_GCC_541\Debug\Proy3_1.a(DAC.o)
                0x00001a24                DAC_DacTrim
 .text.DAC_SetRange
                0x00001a48       0x20 .\CortexM3\ARM_GCC_541\Debug\Proy3_1.a(DAC.o)
                0x00001a48                DAC_SetRange
 .text.DAC_Init
                0x00001a68       0x20 .\CortexM3\ARM_GCC_541\Debug\Proy3_1.a(DAC.o)
                0x00001a68                DAC_Init
 .text.DAC_Start
                0x00001a88       0x24 .\CortexM3\ARM_GCC_541\Debug\Proy3_1.a(DAC.o)
                0x00001a88                DAC_Start
 .text.LCD_WrCntrlNib
                0x00001aac       0x34 .\CortexM3\ARM_GCC_541\Debug\Proy3_1.a(LCD.o)
 .text.LCD_WrDatNib
                0x00001ae0       0x44 .\CortexM3\ARM_GCC_541\Debug\Proy3_1.a(LCD.o)
 .text.LCD_IsReady
                0x00001b24       0xe4 .\CortexM3\ARM_GCC_541\Debug\Proy3_1.a(LCD.o)
                0x00001b24                LCD_IsReady
 .text.LCD_WriteData
                0x00001c08       0x18 .\CortexM3\ARM_GCC_541\Debug\Proy3_1.a(LCD.o)
                0x00001c08                LCD_WriteData
 .text.LCD_PrintString
                0x00001c20       0x1c .\CortexM3\ARM_GCC_541\Debug\Proy3_1.a(LCD.o)
                0x00001c20                LCD_PrintString
 .text.LCD_WriteControl
                0x00001c3c       0x18 .\CortexM3\ARM_GCC_541\Debug\Proy3_1.a(LCD.o)
                0x00001c3c                LCD_WriteControl
 .text.LCD_Init
                0x00001c54       0x6c .\CortexM3\ARM_GCC_541\Debug\Proy3_1.a(LCD.o)
                0x00001c54                LCD_Init
 .text.LCD_Enable
                0x00001cc0       0x14 .\CortexM3\ARM_GCC_541\Debug\Proy3_1.a(LCD.o)
                0x00001cc0                LCD_Enable
 .text.LCD_Start
                0x00001cd4       0x1c .\CortexM3\ARM_GCC_541\Debug\Proy3_1.a(LCD.o)
                0x00001cd4                LCD_Start
 .text.LCD_Position
                0x00001cf0       0x3c .\CortexM3\ARM_GCC_541\Debug\Proy3_1.a(LCD.o)
                0x00001cf0                LCD_Position
 .text.ADC_theACLK_SetModeRegister
                0x00001d2c       0x14 .\CortexM3\ARM_GCC_541\Debug\Proy3_1.a(ADC_theACLK.o)
                0x00001d2c                ADC_theACLK_SetModeRegister
 .text.CyHalt   0x00001d40        0x4 .\CortexM3\ARM_GCC_541\Debug\Proy3_1.a(CyLib.o)
                0x00001d40                CyHalt
 .text.CyDelay  0x00001d44       0x2c .\CortexM3\ARM_GCC_541\Debug\Proy3_1.a(CyLib.o)
                0x00001d44                CyDelay
 .text.CyDelayUs
                0x00001d70       0x14 .\CortexM3\ARM_GCC_541\Debug\Proy3_1.a(CyLib.o)
                0x00001d70                CyDelayUs
 .text.CyIntSetVector
                0x00001d84       0x28 .\CortexM3\ARM_GCC_541\Debug\Proy3_1.a(CyLib.o)
                0x00001d84                CyIntSetVector
 .text.CyIntSetPriority
                0x00001dac       0x30 .\CortexM3\ARM_GCC_541\Debug\Proy3_1.a(CyLib.o)
                0x00001dac                CyIntSetPriority
 .text.LEDS_Write
                0x00001ddc       0x18 .\CortexM3\ARM_GCC_541\Debug\Proy3_1.a(LEDS.o)
                0x00001ddc                LEDS_Write
 .text.ISR_SetVector
                0x00001df4        0xc .\CortexM3\ARM_GCC_541\Debug\Proy3_1.a(ISR.o)
                0x00001df4                ISR_SetVector
 .text.ISR_SetPriority
                0x00001e00       0x10 .\CortexM3\ARM_GCC_541\Debug\Proy3_1.a(ISR.o)
                0x00001e00                ISR_SetPriority
 .text.ISR_Enable
                0x00001e10        0xc .\CortexM3\ARM_GCC_541\Debug\Proy3_1.a(ISR.o)
                0x00001e10                ISR_Enable
 .text.ISR_Disable
                0x00001e1c        0xc .\CortexM3\ARM_GCC_541\Debug\Proy3_1.a(ISR.o)
                0x00001e1c                ISR_Disable
 .text.ISR_StartEx
                0x00001e28       0x1c .\CortexM3\ARM_GCC_541\Debug\Proy3_1.a(ISR.o)
                0x00001e28                ISR_StartEx
 .text.Timer_Enable
                0x00001e44       0x28 .\CortexM3\ARM_GCC_541\Debug\Proy3_1.a(Timer.o)
                0x00001e44                Timer_Enable
 .text.Timer_SetInterruptMode
                0x00001e6c        0xc .\CortexM3\ARM_GCC_541\Debug\Proy3_1.a(Timer.o)
                0x00001e6c                Timer_SetInterruptMode
 .text.Timer_WritePeriod
                0x00001e78        0xc .\CortexM3\ARM_GCC_541\Debug\Proy3_1.a(Timer.o)
                0x00001e78                Timer_WritePeriod
 .text.Timer_WriteCounter
                0x00001e84        0xc .\CortexM3\ARM_GCC_541\Debug\Proy3_1.a(Timer.o)
                0x00001e84                Timer_WriteCounter
 .text.Timer_Init
                0x00001e90       0x64 .\CortexM3\ARM_GCC_541\Debug\Proy3_1.a(Timer.o)
                0x00001e90                Timer_Init
 .text.Timer_Start
                0x00001ef4       0x1c .\CortexM3\ARM_GCC_541\Debug\Proy3_1.a(Timer.o)
                0x00001ef4                Timer_Start
 .text.SW_ClearInterrupt
                0x00001f10       0x10 .\CortexM3\ARM_GCC_541\Debug\Proy3_1.a(SW.o)
                0x00001f10                SW_ClearInterrupt
 .text.ISR_1_SetVector
                0x00001f20        0xc .\CortexM3\ARM_GCC_541\Debug\Proy3_1.a(ISR_1.o)
                0x00001f20                ISR_1_SetVector
 .text.ISR_1_SetPriority
                0x00001f2c       0x10 .\CortexM3\ARM_GCC_541\Debug\Proy3_1.a(ISR_1.o)
                0x00001f2c                ISR_1_SetPriority
 .text.ISR_1_Enable
                0x00001f3c        0xc .\CortexM3\ARM_GCC_541\Debug\Proy3_1.a(ISR_1.o)
                0x00001f3c                ISR_1_Enable
 .text.ISR_1_Disable
                0x00001f48        0xc .\CortexM3\ARM_GCC_541\Debug\Proy3_1.a(ISR_1.o)
                0x00001f48                ISR_1_Disable
 .text.ISR_1_StartEx
                0x00001f54       0x1c .\CortexM3\ARM_GCC_541\Debug\Proy3_1.a(ISR_1.o)
                0x00001f54                ISR_1_StartEx
 .text          0x00001f70       0x20 .\CortexM3\ARM_GCC_541\Debug\Proy3_1.a(CyBootAsmGnu.o)
                0x00001f70                CyDelayCycles
                0x00001f80                CyEnterCriticalSection
                0x00001f88                CyExitCriticalSection
 .text          0x00001f90      0x21c c:/program files (x86)/cypress/psoc creator/4.2/psoc creator/import/gnu/arm/5.4.1/bin/../lib/gcc/arm-none-eabi/5.4.1/armv7-m\libgcc.a(_arm_addsubsf3.o)
                0x00001f90                __aeabi_frsub
                0x00001f98                __subsf3
                0x00001f98                __aeabi_fsub
                0x00001f9c                __aeabi_fadd
                0x00001f9c                __addsf3
                0x000020fc                __aeabi_ui2f
                0x000020fc                __floatunsisf
                0x00002104                __aeabi_i2f
                0x00002104                __floatsisf
                0x00002120                __aeabi_ul2f
                0x00002120                __floatundisf
                0x00002130                __aeabi_l2f
                0x00002130                __floatdisf
 .text          0x000021ac      0x2a0 c:/program files (x86)/cypress/psoc creator/4.2/psoc creator/import/gnu/arm/5.4.1/bin/../lib/gcc/arm-none-eabi/5.4.1/armv7-m\libgcc.a(_arm_muldivsf3.o)
                0x000021ac                __mulsf3
                0x000021ac                __aeabi_fmul
                0x00002314                __aeabi_fdiv
                0x00002314                __divsf3
 .text          0x0000244c       0x40 c:/program files (x86)/cypress/psoc creator/4.2/psoc creator/import/gnu/arm/5.4.1/bin/../lib/gcc/arm-none-eabi/5.4.1/armv7-m\libgcc.a(_arm_fixunssfsi.o)
                0x0000244c                __fixunssfsi
                0x0000244c                __aeabi_f2uiz
 .text.__errno  0x0000248c        0xc c:/program files (x86)/cypress/psoc creator/4.2/psoc creator/import/gnu/arm/5.4.1/bin/../lib/gcc/arm-none-eabi/5.4.1/../../../../arm-none-eabi/lib/armv7-m\libg_nano.a(lib_a-errno.o)
                0x0000248c                __errno
 .text.__libc_init_array
                0x00002498       0x4c c:/program files (x86)/cypress/psoc creator/4.2/psoc creator/import/gnu/arm/5.4.1/bin/../lib/gcc/arm-none-eabi/5.4.1/../../../../arm-none-eabi/lib/armv7-m\libg_nano.a(lib_a-init.o)
                0x00002498                __libc_init_array
 .text.memcpy   0x000024e4       0x16 c:/program files (x86)/cypress/psoc creator/4.2/psoc creator/import/gnu/arm/5.4.1/bin/../lib/gcc/arm-none-eabi/5.4.1/../../../../arm-none-eabi/lib/armv7-m\libg_nano.a(lib_a-memcpy-stub.o)
                0x000024e4                memcpy
 .text.memset   0x000024fa       0x10 c:/program files (x86)/cypress/psoc creator/4.2/psoc creator/import/gnu/arm/5.4.1/bin/../lib/gcc/arm-none-eabi/5.4.1/../../../../arm-none-eabi/lib/armv7-m\libg_nano.a(lib_a-memset.o)
                0x000024fa                memset
 *(.plt)
 *(.gnu.warning)
 *(.glue_7t)
 .glue_7t       0x0000250a        0x0 linker stubs
 *(.glue_7)
 .glue_7        0x0000250a        0x0 linker stubs
 *(.vfp11_veneer)
 .vfp11_veneer  0x0000250a        0x0 linker stubs
 *(.bootloader)
 *(.ARM.extab* .gnu.linkonce.armextab.*)
 *(.gcc_except_table)

.v4_bx          0x0000250c        0x0
 .v4_bx         0x0000250c        0x0 linker stubs

.iplt           0x0000250c        0x0
 .iplt          0x0000250c        0x0 c:/program files (x86)/cypress/psoc creator/4.2/psoc creator/import/gnu/arm/5.4.1/bin/../lib/gcc/arm-none-eabi/5.4.1/armv7-m/crtbegin.o

.eh_frame_hdr
 *(.eh_frame_hdr)

.eh_frame       0x0000250c        0x4
 *(.eh_frame)
 .eh_frame      0x0000250c        0x0 c:/program files (x86)/cypress/psoc creator/4.2/psoc creator/import/gnu/arm/5.4.1/bin/../lib/gcc/arm-none-eabi/5.4.1/armv7-m/crtbegin.o
 .eh_frame      0x0000250c        0x4 c:/program files (x86)/cypress/psoc creator/4.2/psoc creator/import/gnu/arm/5.4.1/bin/../lib/gcc/arm-none-eabi/5.4.1/armv7-m/crtend.o
                [!provide]                PROVIDE (__exidx_start, .)

.ARM.exidx
 *(.ARM.exidx* .gnu.linkonce.armexidx.*)
                0x00002510                __exidx_end = .

.rodata         0x00002510       0x90
 *(.rodata .rodata.* .gnu.linkonce.r.*)
 .rodata.str1.4
                0x00002510       0x24 .\CortexM3\ARM_GCC_541\Debug\main.o
                                 0x22 (size before relaxing)
 .rodata        0x00002534       0x36 .\CortexM3\ARM_GCC_541\Debug\cyfitter_cfg.o
 .rodata.str1.1
                0x0000256a        0x2 c:/program files (x86)/cypress/psoc creator/4.2/psoc creator/import/gnu/arm/5.4.1/bin/../lib/gcc/arm-none-eabi/5.4.1/../../../../arm-none-eabi/lib/armv7-m\libg_nano.a(lib_a-impure.o)
                0x0000256c                . = ALIGN (0x4)
 *(.init)
 .init          0x0000256c        0x4 c:/program files (x86)/cypress/psoc creator/4.2/psoc creator/import/gnu/arm/5.4.1/bin/../lib/gcc/arm-none-eabi/5.4.1/armv7-m/crti.o
                0x0000256c                _init
 .init          0x00002570        0x8 c:/program files (x86)/cypress/psoc creator/4.2/psoc creator/import/gnu/arm/5.4.1/bin/../lib/gcc/arm-none-eabi/5.4.1/armv7-m/crtn.o
                0x00002578                . = ALIGN (0x4)
                0x00002578                __preinit_array_start = .
 *(.preinit_array)
                0x00002578                __preinit_array_end = .
                0x00002578                . = ALIGN (0x4)
                0x00002578                __init_array_start = .
 *(SORT(.init_array.*))
 *(.init_array)
 .init_array    0x00002578        0x4 c:/program files (x86)/cypress/psoc creator/4.2/psoc creator/import/gnu/arm/5.4.1/bin/../lib/gcc/arm-none-eabi/5.4.1/armv7-m/crtbegin.o
 .init_array    0x0000257c        0x4 .\CortexM3\ARM_GCC_541\Debug\Cm3Start.o
                0x00002580                __init_array_end = .
                0x00002580                . = ALIGN (0x4)
 *(.fini)
 .fini          0x00002580        0x4 c:/program files (x86)/cypress/psoc creator/4.2/psoc creator/import/gnu/arm/5.4.1/bin/../lib/gcc/arm-none-eabi/5.4.1/armv7-m/crti.o
                0x00002580                _fini
 .fini          0x00002584        0x8 c:/program files (x86)/cypress/psoc creator/4.2/psoc creator/import/gnu/arm/5.4.1/bin/../lib/gcc/arm-none-eabi/5.4.1/armv7-m/crtn.o
                0x0000258c                . = ALIGN (0x4)
                0x0000258c                __fini_array_start = .
 *(.fini_array)
 .fini_array    0x0000258c        0x4 c:/program files (x86)/cypress/psoc creator/4.2/psoc creator/import/gnu/arm/5.4.1/bin/../lib/gcc/arm-none-eabi/5.4.1/armv7-m/crtbegin.o
 *(SORT(.fini_array.*))
                0x00002590                __fini_array_end = .
                0x00002590                . = ALIGN (0x4)
 *crtbegin.o(.ctors)
 *(EXCLUDE_FILE(*crtend.o) .ctors)
 *(SORT(.ctors.*))
 *crtend.o(.ctors)
                0x00002590                . = ALIGN (0x4)
 *crtbegin.o(.dtors)
 *(EXCLUDE_FILE(*crtend.o) .dtors)
 *(SORT(.dtors.*))
 *crtend.o(.dtors)
                0x00002590                . = ALIGN (0x4)
                0x00002590                __cy_regions = .
                0x00002590        0x4 LONG 0x25a0 __cy_region_init_ram
                0x00002594        0x4 LONG 0x1fff80c8 __cy_region_start_data
                0x00002598        0x4 LONG 0x78 __cy_region_init_size_ram
                0x0000259c        0x4 LONG 0x98 __cy_region_zero_size_ram
                0x000025a0                __cy_regions_end = .
                0x000025a0                . = ALIGN (0x8)
                0x000025a0                _etext = .

.cy_checksum_exclude
                0x000025a0        0x0
 *(.cy_checksum_exclude)

.ramvectors     0x1fff8000       0xc0
                0x1fff8000                __cy_region_start_ram = .
 *(.ramvectors)
 .ramvectors    0x1fff8000       0xc0 .\CortexM3\ARM_GCC_541\Debug\Cm3Start.o
                0x1fff8000                CyRamVectors

.noinit         0x1fff80c0        0x1
 *(.noinit)
 .noinit        0x1fff80c0        0x1 .\CortexM3\ARM_GCC_541\Debug\Proy3_1.a(CyLib.o)
                0x1fff80c0                CyResetStatus

.data           0x1fff80c8       0x78 load address 0x000025a0
                0x1fff80c8                __cy_region_start_data = .
 *(.jcr)
 .jcr           0x1fff80c8        0x0 c:/program files (x86)/cypress/psoc creator/4.2/psoc creator/import/gnu/arm/5.4.1/bin/../lib/gcc/arm-none-eabi/5.4.1/armv7-m/crtbegin.o
 .jcr           0x1fff80c8        0x4 c:/program files (x86)/cypress/psoc creator/4.2/psoc creator/import/gnu/arm/5.4.1/bin/../lib/gcc/arm-none-eabi/5.4.1/armv7-m/crtend.o
 *(.got.plt)
 *(.got)
 *(.shdata)
 *(.data .data.* .gnu.linkonce.d.*)
 .data          0x1fff80cc       0x10 .\CortexM3\ARM_GCC_541\Debug\Proy3_1.a(CyLib.o)
                0x1fff80cc                cydelay_32k_ms
                0x1fff80d0                cydelay_freq_khz
                0x1fff80d4                cydelay_freq_mhz
                0x1fff80d8                cydelay_freq_hz
 .data.impure_data
                0x1fff80dc       0x60 c:/program files (x86)/cypress/psoc creator/4.2/psoc creator/import/gnu/arm/5.4.1/bin/../lib/gcc/arm-none-eabi/5.4.1/../../../../arm-none-eabi/lib/armv7-m\libg_nano.a(lib_a-impure.o)
 .data._impure_ptr
                0x1fff813c        0x4 c:/program files (x86)/cypress/psoc creator/4.2/psoc creator/import/gnu/arm/5.4.1/bin/../lib/gcc/arm-none-eabi/5.4.1/../../../../arm-none-eabi/lib/armv7-m\libg_nano.a(lib_a-impure.o)
                0x1fff813c                _impure_ptr
                0x1fff8140                . = ALIGN (0x8)
 *(.ram)
                0x1fff8140                _edata = .

.igot.plt       0x1fff8140        0x0 load address 0x00002618
 .igot.plt      0x1fff8140        0x0 c:/program files (x86)/cypress/psoc creator/4.2/psoc creator/import/gnu/arm/5.4.1/bin/../lib/gcc/arm-none-eabi/5.4.1/armv7-m/crtbegin.o

.bss            0x1fff8140       0x98 load address 0x00002618
                0x1fff8140                PROVIDE (__bss_start__, .)
 *(.shbss)
 *(.bss .bss.* .gnu.linkonce.b.*)
 .bss           0x1fff8140       0x1c c:/program files (x86)/cypress/psoc creator/4.2/psoc creator/import/gnu/arm/5.4.1/bin/../lib/gcc/arm-none-eabi/5.4.1/armv7-m/crtbegin.o
 .bss           0x1fff815c        0x1 .\CortexM3\ARM_GCC_541\Debug\main.o
                0x1fff815c                cont
 .bss           0x1fff815d        0x1 .\CortexM3\ARM_GCC_541\Debug\Proy3_1.a(ADC.o)
                0x1fff815d                ADC_initVar
 .bss           0x1fff815e        0x1 .\CortexM3\ARM_GCC_541\Debug\Proy3_1.a(DAC.o)
                0x1fff815e                DAC_initVar
 .bss           0x1fff815f        0x2 .\CortexM3\ARM_GCC_541\Debug\Proy3_1.a(LCD.o)
                0x1fff815f                LCD_enableState
                0x1fff8160                LCD_initVar
 .bss           0x1fff8161        0x1 .\CortexM3\ARM_GCC_541\Debug\Proy3_1.a(Timer.o)
                0x1fff8161                Timer_initVar
 *(COMMON)
 *fill*         0x1fff8162        0x2 
 COMMON         0x1fff8164       0x66 .\CortexM3\ARM_GCC_541\Debug\main.o
                0x1fff8164                x
 *fill*         0x1fff81ca        0x2 
 COMMON         0x1fff81cc        0xa .\CortexM3\ARM_GCC_541\Debug\Proy3_1.a(ADC.o)
                0x1fff81cc                ADC_countsPer10Volt
                0x1fff81d0                ADC_shift
                0x1fff81d2                ADC_countsPerVolt
                0x1fff81d4                ADC_offset
                0x1fff81d8                . = ALIGN (0x8)
 *fill*         0x1fff81d6        0x2 
 *(.ram.b)
                0x1fff81d8                _end = .
                0x1fff81d8                __end = .
                0x1fff81d8                PROVIDE (end, .)
                0x1fff81d8                PROVIDE (__bss_end__, .)
                0x000025a0                __cy_region_init_ram = LOADADDR (.data)
                0x00000078                __cy_region_init_size_ram = (_edata - ADDR (.data))
                0x00000098                __cy_region_zero_size_ram = (_end - _edata)

.heap           0x1fff81d8       0x80 load address 0x00002618
                0x1fff81d8                . = _end
                0x1fff8258                . = (. + 0x80)
 *fill*         0x1fff81d8       0x80 
                0x1fff8258                __cy_heap_limit = .

.stack          0x20007800      0x800
                0x20007800                __cy_stack_limit = .
                0x20008000                . = (. + 0x800)
 *fill*         0x20007800      0x800 
                0x00000001                ASSERT ((__cy_stack_limit >= __cy_heap_limit), region RAM overflowed with stack)
                0x00000000                cy_checksum_exclude_size = (CY_APPL_LOADABLE == 0x1)?SIZEOF (.cy_checksum_exclude):0x0
                0x00000001                ASSERT ((cy_checksum_exclude_size <= CY_CHECKSUM_EXCLUDE_SIZE), CY_BOOT: Section .cy_checksum_exclude size exceedes specified limit.)

.cyloadermeta
 *(.cyloadermeta)

.cyloadablemeta
 *(.cyloadablemeta)

.cyconfigecc    0x80000000       0xac
 *(.cyconfigecc)
 .cyconfigecc   0x80000000       0xac .\CortexM3\ARM_GCC_541\Debug\cymetadata.o
                0x80000000                cy_meta_configecc

.cycustnvl      0x90000000        0x4
 *(.cycustnvl)
 .cycustnvl     0x90000000        0x4 .\CortexM3\ARM_GCC_541\Debug\cymetadata.o
                0x90000000                cy_meta_custnvl

.cywolatch      0x90100000        0x4
 *(.cywolatch)
 .cywolatch     0x90100000        0x4 .\CortexM3\ARM_GCC_541\Debug\cymetadata.o
                0x90100000                cy_meta_wonvl

.cyeeprom       0x90200000        0x0
 *(.cyeeprom)
                0x00000001                ASSERT ((. <= ((0x90200000 + ee_offset) + ee_size)), .cyeeprom data will not fit in EEPROM)

.cyflashprotect
                0x90400000      0x100
 *(.cyflashprotect)
 .cyflashprotect
                0x90400000      0x100 .\CortexM3\ARM_GCC_541\Debug\cymetadata.o
                0x90400000                cy_meta_flashprotect

.cymeta         0x90500000        0xc
 *(.cymeta)
 .cymeta        0x90500000        0xc .\CortexM3\ARM_GCC_541\Debug\cymetadata.o
                0x90500000                cy_metadata

.rel.dyn        0x00002618        0x0 load address 0x9050000c
 .rel.iplt      0x00002618        0x0 c:/program files (x86)/cypress/psoc creator/4.2/psoc creator/import/gnu/arm/5.4.1/bin/../lib/gcc/arm-none-eabi/5.4.1/armv7-m/crtbegin.o

.stab
 *(.stab)

.stabstr
 *(.stabstr)

.debug
 *(.debug)

.line
 *(.line)

.debug_srcinfo
 *(.debug_srcinfo)

.debug_sfnames
 *(.debug_sfnames)

.debug_aranges  0x00000000      0x980
 *(.debug_aranges)
 .debug_aranges
                0x00000000       0x30 .\CortexM3\ARM_GCC_541\Debug\main.o
 .debug_aranges
                0x00000030       0x50 .\CortexM3\ARM_GCC_541\Debug\cyfitter_cfg.o
 .debug_aranges
                0x00000080       0x18 .\CortexM3\ARM_GCC_541\Debug\cymetadata.o
 .debug_aranges
                0x00000098       0x48 .\CortexM3\ARM_GCC_541\Debug\Cm3Start.o
 .debug_aranges
                0x000000e0       0xa8 .\CortexM3\ARM_GCC_541\Debug\Proy3_1.a(ADC.o)
 .debug_aranges
                0x00000188       0x20 .\CortexM3\ARM_GCC_541\Debug\Proy3_1.a(ADC_INT.o)
 .debug_aranges
                0x000001a8       0x58 .\CortexM3\ARM_GCC_541\Debug\Proy3_1.a(DAC.o)
 .debug_aranges
                0x00000200       0x98 .\CortexM3\ARM_GCC_541\Debug\Proy3_1.a(LCD.o)
 .debug_aranges
                0x00000298       0x80 .\CortexM3\ARM_GCC_541\Debug\Proy3_1.a(ADC_theACLK.o)
 .debug_aranges
                0x00000318      0x2a0 .\CortexM3\ARM_GCC_541\Debug\Proy3_1.a(CyLib.o)
 .debug_aranges
                0x000005b8       0x98 .\CortexM3\ARM_GCC_541\Debug\Proy3_1.a(cyPm.o)
 .debug_aranges
                0x00000650       0x38 .\CortexM3\ARM_GCC_541\Debug\Proy3_1.a(LEDS.o)
 .debug_aranges
                0x00000688       0x80 .\CortexM3\ARM_GCC_541\Debug\Proy3_1.a(ISR.o)
 .debug_aranges
                0x00000708       0x88 .\CortexM3\ARM_GCC_541\Debug\Proy3_1.a(Timer.o)
 .debug_aranges
                0x00000790       0x48 .\CortexM3\ARM_GCC_541\Debug\Proy3_1.a(SW.o)
 .debug_aranges
                0x000007d8       0x80 .\CortexM3\ARM_GCC_541\Debug\Proy3_1.a(ISR_1.o)
 .debug_aranges
                0x00000858       0x20 .\CortexM3\ARM_GCC_541\Debug\Proy3_1.a(CyBootAsmGnu.o)
 .debug_aranges
                0x00000878       0x88 .\CortexM3\ARM_GCC_541\Debug\Proy3_1.a(CyFlash.o)
 .debug_aranges
                0x00000900       0x80 .\CortexM3\ARM_GCC_541\Debug\Proy3_1.a(CySpc.o)

.debug_pubnames
 *(.debug_pubnames)

.debug_info     0x00000000     0x5492
 *(.debug_info .gnu.linkonce.wi.*)
 .debug_info    0x00000000      0x41e .\CortexM3\ARM_GCC_541\Debug\main.o
 .debug_info    0x0000041e      0x4d9 .\CortexM3\ARM_GCC_541\Debug\cyfitter_cfg.o
 .debug_info    0x000008f7      0x134 .\CortexM3\ARM_GCC_541\Debug\cymetadata.o
 .debug_info    0x00000a2b      0x3bb .\CortexM3\ARM_GCC_541\Debug\Cm3Start.o
 .debug_info    0x00000de6      0x5c0 .\CortexM3\ARM_GCC_541\Debug\Proy3_1.a(ADC.o)
 .debug_info    0x000013a6       0x92 .\CortexM3\ARM_GCC_541\Debug\Proy3_1.a(ADC_INT.o)
 .debug_info    0x00001438      0x1de .\CortexM3\ARM_GCC_541\Debug\Proy3_1.a(DAC.o)
 .debug_info    0x00001616      0x715 .\CortexM3\ARM_GCC_541\Debug\Proy3_1.a(LCD.o)
 .debug_info    0x00001d2b      0x2c4 .\CortexM3\ARM_GCC_541\Debug\Proy3_1.a(ADC_theACLK.o)
 .debug_info    0x00001fef     0x1374 .\CortexM3\ARM_GCC_541\Debug\Proy3_1.a(CyLib.o)
 .debug_info    0x00003363      0xa2a .\CortexM3\ARM_GCC_541\Debug\Proy3_1.a(cyPm.o)
 .debug_info    0x00003d8d      0x11f .\CortexM3\ARM_GCC_541\Debug\Proy3_1.a(LEDS.o)
 .debug_info    0x00003eac      0x2d2 .\CortexM3\ARM_GCC_541\Debug\Proy3_1.a(ISR.o)
 .debug_info    0x0000417e      0x293 .\CortexM3\ARM_GCC_541\Debug\Proy3_1.a(Timer.o)
 .debug_info    0x00004411      0x174 .\CortexM3\ARM_GCC_541\Debug\Proy3_1.a(SW.o)
 .debug_info    0x00004585      0x2d2 .\CortexM3\ARM_GCC_541\Debug\Proy3_1.a(ISR_1.o)
 .debug_info    0x00004857       0x9e .\CortexM3\ARM_GCC_541\Debug\Proy3_1.a(CyBootAsmGnu.o)
 .debug_info    0x000048f5      0x64d .\CortexM3\ARM_GCC_541\Debug\Proy3_1.a(CyFlash.o)
 .debug_info    0x00004f42      0x550 .\CortexM3\ARM_GCC_541\Debug\Proy3_1.a(CySpc.o)

.debug_abbrev   0x00000000     0x172c
 *(.debug_abbrev)
 .debug_abbrev  0x00000000      0x139 .\CortexM3\ARM_GCC_541\Debug\main.o
 .debug_abbrev  0x00000139      0x1e3 .\CortexM3\ARM_GCC_541\Debug\cyfitter_cfg.o
 .debug_abbrev  0x0000031c       0x5d .\CortexM3\ARM_GCC_541\Debug\cymetadata.o
 .debug_abbrev  0x00000379      0x1e8 .\CortexM3\ARM_GCC_541\Debug\Cm3Start.o
 .debug_abbrev  0x00000561      0x1ac .\CortexM3\ARM_GCC_541\Debug\Proy3_1.a(ADC.o)
 .debug_abbrev  0x0000070d       0x42 .\CortexM3\ARM_GCC_541\Debug\Proy3_1.a(ADC_INT.o)
 .debug_abbrev  0x0000074f       0xf7 .\CortexM3\ARM_GCC_541\Debug\Proy3_1.a(DAC.o)
 .debug_abbrev  0x00000846      0x157 .\CortexM3\ARM_GCC_541\Debug\Proy3_1.a(LCD.o)
 .debug_abbrev  0x0000099d      0x121 .\CortexM3\ARM_GCC_541\Debug\Proy3_1.a(ADC_theACLK.o)
 .debug_abbrev  0x00000abe      0x254 .\CortexM3\ARM_GCC_541\Debug\Proy3_1.a(CyLib.o)
 .debug_abbrev  0x00000d12      0x1ab .\CortexM3\ARM_GCC_541\Debug\Proy3_1.a(cyPm.o)
 .debug_abbrev  0x00000ebd       0x90 .\CortexM3\ARM_GCC_541\Debug\Proy3_1.a(LEDS.o)
 .debug_abbrev  0x00000f4d      0x173 .\CortexM3\ARM_GCC_541\Debug\Proy3_1.a(ISR.o)
 .debug_abbrev  0x000010c0      0x11a .\CortexM3\ARM_GCC_541\Debug\Proy3_1.a(Timer.o)
 .debug_abbrev  0x000011da       0x90 .\CortexM3\ARM_GCC_541\Debug\Proy3_1.a(SW.o)
 .debug_abbrev  0x0000126a      0x173 .\CortexM3\ARM_GCC_541\Debug\Proy3_1.a(ISR_1.o)
 .debug_abbrev  0x000013dd       0x14 .\CortexM3\ARM_GCC_541\Debug\Proy3_1.a(CyBootAsmGnu.o)
 .debug_abbrev  0x000013f1      0x1a7 .\CortexM3\ARM_GCC_541\Debug\Proy3_1.a(CyFlash.o)
 .debug_abbrev  0x00001598      0x194 .\CortexM3\ARM_GCC_541\Debug\Proy3_1.a(CySpc.o)

.debug_line     0x00000000     0x23dd
 *(.debug_line)
 .debug_line    0x00000000      0x29c .\CortexM3\ARM_GCC_541\Debug\main.o
 .debug_line    0x0000029c      0x1b7 .\CortexM3\ARM_GCC_541\Debug\cyfitter_cfg.o
 .debug_line    0x00000453      0x141 .\CortexM3\ARM_GCC_541\Debug\cymetadata.o
 .debug_line    0x00000594      0x234 .\CortexM3\ARM_GCC_541\Debug\Cm3Start.o
 .debug_line    0x000007c8      0x216 .\CortexM3\ARM_GCC_541\Debug\Proy3_1.a(ADC.o)
 .debug_line    0x000009de       0x50 .\CortexM3\ARM_GCC_541\Debug\Proy3_1.a(ADC_INT.o)
 .debug_line    0x00000a2e       0xe0 .\CortexM3\ARM_GCC_541\Debug\Proy3_1.a(DAC.o)
 .debug_line    0x00000b0e      0x1dc .\CortexM3\ARM_GCC_541\Debug\Proy3_1.a(LCD.o)
 .debug_line    0x00000cea      0x19d .\CortexM3\ARM_GCC_541\Debug\Proy3_1.a(ADC_theACLK.o)
 .debug_line    0x00000e87      0x816 .\CortexM3\ARM_GCC_541\Debug\Proy3_1.a(CyLib.o)
 .debug_line    0x0000169d      0x367 .\CortexM3\ARM_GCC_541\Debug\Proy3_1.a(cyPm.o)
 .debug_line    0x00001a04       0x91 .\CortexM3\ARM_GCC_541\Debug\Proy3_1.a(LEDS.o)
 .debug_line    0x00001a95      0x130 .\CortexM3\ARM_GCC_541\Debug\Proy3_1.a(ISR.o)
 .debug_line    0x00001bc5      0x153 .\CortexM3\ARM_GCC_541\Debug\Proy3_1.a(Timer.o)
 .debug_line    0x00001d18       0xb3 .\CortexM3\ARM_GCC_541\Debug\Proy3_1.a(SW.o)
 .debug_line    0x00001dcb      0x132 .\CortexM3\ARM_GCC_541\Debug\Proy3_1.a(ISR_1.o)
 .debug_line    0x00001efd       0x66 .\CortexM3\ARM_GCC_541\Debug\Proy3_1.a(CyBootAsmGnu.o)
 .debug_line    0x00001f63      0x21a .\CortexM3\ARM_GCC_541\Debug\Proy3_1.a(CyFlash.o)
 .debug_line    0x0000217d      0x260 .\CortexM3\ARM_GCC_541\Debug\Proy3_1.a(CySpc.o)

.debug_frame    0x00000000     0x18c4
 *(.debug_frame)
 .debug_frame   0x00000000       0x68 .\CortexM3\ARM_GCC_541\Debug\main.o
 .debug_frame   0x00000068       0xe8 .\CortexM3\ARM_GCC_541\Debug\cyfitter_cfg.o
 .debug_frame   0x00000150       0xb8 .\CortexM3\ARM_GCC_541\Debug\Cm3Start.o
 .debug_frame   0x00000208      0x1b4 .\CortexM3\ARM_GCC_541\Debug\Proy3_1.a(ADC.o)
 .debug_frame   0x000003bc       0x20 .\CortexM3\ARM_GCC_541\Debug\Proy3_1.a(ADC_INT.o)
 .debug_frame   0x000003dc       0xb4 .\CortexM3\ARM_GCC_541\Debug\Proy3_1.a(DAC.o)
 .debug_frame   0x00000490      0x1e8 .\CortexM3\ARM_GCC_541\Debug\Proy3_1.a(LCD.o)
 .debug_frame   0x00000678      0x100 .\CortexM3\ARM_GCC_541\Debug\Proy3_1.a(ADC_theACLK.o)
 .debug_frame   0x00000778      0x738 .\CortexM3\ARM_GCC_541\Debug\Proy3_1.a(CyLib.o)
 .debug_frame   0x00000eb0      0x1f8 .\CortexM3\ARM_GCC_541\Debug\Proy3_1.a(cyPm.o)
 .debug_frame   0x000010a8       0x50 .\CortexM3\ARM_GCC_541\Debug\Proy3_1.a(LEDS.o)
 .debug_frame   0x000010f8      0x104 .\CortexM3\ARM_GCC_541\Debug\Proy3_1.a(ISR.o)
 .debug_frame   0x000011fc      0x108 .\CortexM3\ARM_GCC_541\Debug\Proy3_1.a(Timer.o)
 .debug_frame   0x00001304       0x70 .\CortexM3\ARM_GCC_541\Debug\Proy3_1.a(SW.o)
 .debug_frame   0x00001374      0x104 .\CortexM3\ARM_GCC_541\Debug\Proy3_1.a(ISR_1.o)
 .debug_frame   0x00001478      0x194 .\CortexM3\ARM_GCC_541\Debug\Proy3_1.a(CyFlash.o)
 .debug_frame   0x0000160c      0x180 .\CortexM3\ARM_GCC_541\Debug\Proy3_1.a(CySpc.o)
 .debug_frame   0x0000178c       0x44 c:/program files (x86)/cypress/psoc creator/4.2/psoc creator/import/gnu/arm/5.4.1/bin/../lib/gcc/arm-none-eabi/5.4.1/armv7-m\libgcc.a(_aeabi_ldivmod.o)
 .debug_frame   0x000017d0       0x38 c:/program files (x86)/cypress/psoc creator/4.2/psoc creator/import/gnu/arm/5.4.1/bin/../lib/gcc/arm-none-eabi/5.4.1/armv7-m\libgcc.a(_udivmoddi4.o)
 .debug_frame   0x00001808       0x20 c:/program files (x86)/cypress/psoc creator/4.2/psoc creator/import/gnu/arm/5.4.1/bin/../lib/gcc/arm-none-eabi/5.4.1/../../../../arm-none-eabi/lib/armv7-m\libg_nano.a(lib_a-errno.o)
 .debug_frame   0x00001828       0x28 c:/program files (x86)/cypress/psoc creator/4.2/psoc creator/import/gnu/arm/5.4.1/bin/../lib/gcc/arm-none-eabi/5.4.1/../../../../arm-none-eabi/lib/armv7-m\libg_nano.a(lib_a-exit.o)
 .debug_frame   0x00001850       0x2c c:/program files (x86)/cypress/psoc creator/4.2/psoc creator/import/gnu/arm/5.4.1/bin/../lib/gcc/arm-none-eabi/5.4.1/../../../../arm-none-eabi/lib/armv7-m\libg_nano.a(lib_a-init.o)
 .debug_frame   0x0000187c       0x28 c:/program files (x86)/cypress/psoc creator/4.2/psoc creator/import/gnu/arm/5.4.1/bin/../lib/gcc/arm-none-eabi/5.4.1/../../../../arm-none-eabi/lib/armv7-m\libg_nano.a(lib_a-memcpy-stub.o)
 .debug_frame   0x000018a4       0x20 c:/program files (x86)/cypress/psoc creator/4.2/psoc creator/import/gnu/arm/5.4.1/bin/../lib/gcc/arm-none-eabi/5.4.1/../../../../arm-none-eabi/lib/armv7-m\libg_nano.a(lib_a-memset.o)

.debug_str      0x00000000     0x1c6f
 *(.debug_str)
 .debug_str     0x00000000      0x25d .\CortexM3\ARM_GCC_541\Debug\main.o
                                0x2a5 (size before relaxing)
 .debug_str     0x0000025d      0x147 .\CortexM3\ARM_GCC_541\Debug\cyfitter_cfg.o
                                0x2eb (size before relaxing)
 .debug_str     0x000003a4       0x7f .\CortexM3\ARM_GCC_541\Debug\cymetadata.o
                                0x1f2 (size before relaxing)
 .debug_str     0x00000423      0x144 .\CortexM3\ARM_GCC_541\Debug\Cm3Start.o
                                0x318 (size before relaxing)
 .debug_str     0x00000567      0x1fa .\CortexM3\ARM_GCC_541\Debug\Proy3_1.a(ADC.o)
                                0x435 (size before relaxing)
 .debug_str     0x00000761       0x29 .\CortexM3\ARM_GCC_541\Debug\Proy3_1.a(ADC_INT.o)
                                0x19d (size before relaxing)
 .debug_str     0x0000078a       0x7d .\CortexM3\ARM_GCC_541\Debug\Proy3_1.a(DAC.o)
                                0x219 (size before relaxing)
 .debug_str     0x00000807      0x149 .\CortexM3\ARM_GCC_541\Debug\Proy3_1.a(LCD.o)
                                0x339 (size before relaxing)
 .debug_str     0x00000950      0x1bf .\CortexM3\ARM_GCC_541\Debug\Proy3_1.a(ADC_theACLK.o)
                                0x36f (size before relaxing)
 .debug_str     0x00000b0f      0x7e9 .\CortexM3\ARM_GCC_541\Debug\Proy3_1.a(CyLib.o)
                                0xa55 (size before relaxing)
 .debug_str     0x000012f8      0x365 .\CortexM3\ARM_GCC_541\Debug\Proy3_1.a(cyPm.o)
                                0x741 (size before relaxing)
 .debug_str     0x0000165d       0x56 .\CortexM3\ARM_GCC_541\Debug\Proy3_1.a(LEDS.o)
                                0x1eb (size before relaxing)
 .debug_str     0x000016b3       0xbe .\CortexM3\ARM_GCC_541\Debug\Proy3_1.a(ISR.o)
                                0x298 (size before relaxing)
 .debug_str     0x00001771      0x156 .\CortexM3\ARM_GCC_541\Debug\Proy3_1.a(Timer.o)
                                0x303 (size before relaxing)
 .debug_str     0x000018c7       0x69 .\CortexM3\ARM_GCC_541\Debug\Proy3_1.a(SW.o)
                                0x217 (size before relaxing)
 .debug_str     0x00001930       0xd8 .\CortexM3\ARM_GCC_541\Debug\Proy3_1.a(ISR_1.o)
                                0x2b4 (size before relaxing)
 .debug_str     0x00001a08      0x1bb .\CortexM3\ARM_GCC_541\Debug\Proy3_1.a(CyFlash.o)
                                0x3ce (size before relaxing)
 .debug_str     0x00001bc3       0xac .\CortexM3\ARM_GCC_541\Debug\Proy3_1.a(CySpc.o)
                                0x346 (size before relaxing)

.debug_loc      0x00000000     0x239b
 *(.debug_loc)
 .debug_loc     0x00000000       0x64 .\CortexM3\ARM_GCC_541\Debug\main.o
 .debug_loc     0x00000064      0x1b4 .\CortexM3\ARM_GCC_541\Debug\cyfitter_cfg.o
 .debug_loc     0x00000218      0x144 .\CortexM3\ARM_GCC_541\Debug\Cm3Start.o
 .debug_loc     0x0000035c      0x295 .\CortexM3\ARM_GCC_541\Debug\Proy3_1.a(ADC.o)
 .debug_loc     0x000005f1       0x79 .\CortexM3\ARM_GCC_541\Debug\Proy3_1.a(DAC.o)
 .debug_loc     0x0000066a      0x3c6 .\CortexM3\ARM_GCC_541\Debug\Proy3_1.a(LCD.o)
 .debug_loc     0x00000a30      0x14d .\CortexM3\ARM_GCC_541\Debug\Proy3_1.a(ADC_theACLK.o)
 .debug_loc     0x00000b7d      0xa11 .\CortexM3\ARM_GCC_541\Debug\Proy3_1.a(CyLib.o)
 .debug_loc     0x0000158e      0x1e4 .\CortexM3\ARM_GCC_541\Debug\Proy3_1.a(cyPm.o)
 .debug_loc     0x00001772       0x42 .\CortexM3\ARM_GCC_541\Debug\Proy3_1.a(LEDS.o)
 .debug_loc     0x000017b4       0x56 .\CortexM3\ARM_GCC_541\Debug\Proy3_1.a(ISR.o)
 .debug_loc     0x0000180a       0x84 .\CortexM3\ARM_GCC_541\Debug\Proy3_1.a(SW.o)
 .debug_loc     0x0000188e       0x56 .\CortexM3\ARM_GCC_541\Debug\Proy3_1.a(ISR_1.o)
 .debug_loc     0x000018e4      0x3b2 .\CortexM3\ARM_GCC_541\Debug\Proy3_1.a(CyFlash.o)
 .debug_loc     0x00001c96      0x705 .\CortexM3\ARM_GCC_541\Debug\Proy3_1.a(CySpc.o)

.debug_macinfo
 *(.debug_macinfo)

.debug_ranges   0x00000000      0x838
 *(.debug_ranges)
 .debug_ranges  0x00000000       0x20 .\CortexM3\ARM_GCC_541\Debug\main.o
 .debug_ranges  0x00000020       0x40 .\CortexM3\ARM_GCC_541\Debug\cyfitter_cfg.o
 .debug_ranges  0x00000060       0x38 .\CortexM3\ARM_GCC_541\Debug\Cm3Start.o
 .debug_ranges  0x00000098       0x98 .\CortexM3\ARM_GCC_541\Debug\Proy3_1.a(ADC.o)
 .debug_ranges  0x00000130       0x10 .\CortexM3\ARM_GCC_541\Debug\Proy3_1.a(ADC_INT.o)
 .debug_ranges  0x00000140       0x48 .\CortexM3\ARM_GCC_541\Debug\Proy3_1.a(DAC.o)
 .debug_ranges  0x00000188       0x88 .\CortexM3\ARM_GCC_541\Debug\Proy3_1.a(LCD.o)
 .debug_ranges  0x00000210       0x70 .\CortexM3\ARM_GCC_541\Debug\Proy3_1.a(ADC_theACLK.o)
 .debug_ranges  0x00000280      0x290 .\CortexM3\ARM_GCC_541\Debug\Proy3_1.a(CyLib.o)
 .debug_ranges  0x00000510       0x88 .\CortexM3\ARM_GCC_541\Debug\Proy3_1.a(cyPm.o)
 .debug_ranges  0x00000598       0x28 .\CortexM3\ARM_GCC_541\Debug\Proy3_1.a(LEDS.o)
 .debug_ranges  0x000005c0       0x70 .\CortexM3\ARM_GCC_541\Debug\Proy3_1.a(ISR.o)
 .debug_ranges  0x00000630       0x78 .\CortexM3\ARM_GCC_541\Debug\Proy3_1.a(Timer.o)
 .debug_ranges  0x000006a8       0x38 .\CortexM3\ARM_GCC_541\Debug\Proy3_1.a(SW.o)
 .debug_ranges  0x000006e0       0x70 .\CortexM3\ARM_GCC_541\Debug\Proy3_1.a(ISR_1.o)
 .debug_ranges  0x00000750       0x78 .\CortexM3\ARM_GCC_541\Debug\Proy3_1.a(CyFlash.o)
 .debug_ranges  0x000007c8       0x70 .\CortexM3\ARM_GCC_541\Debug\Proy3_1.a(CySpc.o)

.comment        0x00000000       0x6e
 .comment       0x00000000       0x6e .\CortexM3\ARM_GCC_541\Debug\main.o
                                 0x6f (size before relaxing)
 .comment       0x0000006e       0x6f .\CortexM3\ARM_GCC_541\Debug\cyfitter_cfg.o
 .comment       0x0000006e       0x6f .\CortexM3\ARM_GCC_541\Debug\cymetadata.o
 .comment       0x0000006e       0x6f .\CortexM3\ARM_GCC_541\Debug\Cm3Start.o
 .comment       0x0000006e       0x6f .\CortexM3\ARM_GCC_541\Debug\Proy3_1.a(ADC.o)
 .comment       0x0000006e       0x6f .\CortexM3\ARM_GCC_541\Debug\Proy3_1.a(ADC_INT.o)
 .comment       0x0000006e       0x6f .\CortexM3\ARM_GCC_541\Debug\Proy3_1.a(DAC.o)
 .comment       0x0000006e       0x6f .\CortexM3\ARM_GCC_541\Debug\Proy3_1.a(LCD.o)
 .comment       0x0000006e       0x6f .\CortexM3\ARM_GCC_541\Debug\Proy3_1.a(ADC_theACLK.o)
 .comment       0x0000006e       0x6f .\CortexM3\ARM_GCC_541\Debug\Proy3_1.a(CyLib.o)
 .comment       0x0000006e       0x6f .\CortexM3\ARM_GCC_541\Debug\Proy3_1.a(cyPm.o)
 .comment       0x0000006e       0x6f .\CortexM3\ARM_GCC_541\Debug\Proy3_1.a(LEDS.o)
 .comment       0x0000006e       0x6f .\CortexM3\ARM_GCC_541\Debug\Proy3_1.a(ISR.o)
 .comment       0x0000006e       0x6f .\CortexM3\ARM_GCC_541\Debug\Proy3_1.a(Timer.o)
 .comment       0x0000006e       0x6f .\CortexM3\ARM_GCC_541\Debug\Proy3_1.a(SW.o)
 .comment       0x0000006e       0x6f .\CortexM3\ARM_GCC_541\Debug\Proy3_1.a(ISR_1.o)
 .comment       0x0000006e       0x6f .\CortexM3\ARM_GCC_541\Debug\Proy3_1.a(CyFlash.o)
 .comment       0x0000006e       0x6f .\CortexM3\ARM_GCC_541\Debug\Proy3_1.a(CySpc.o)

.debug_weaknames
 *(.debug_weaknames)

.debug_funcnames
 *(.debug_funcnames)

.debug_typenames
 *(.debug_typenames)

.debug_varnames
 *(.debug_varnames)

.note.gnu.arm.ident
 *(.note.gnu.arm.ident)

.ARM.attributes
                0x00000000       0x29
 *(.ARM.attributes)
 .ARM.attributes
                0x00000000       0x1d c:/program files (x86)/cypress/psoc creator/4.2/psoc creator/import/gnu/arm/5.4.1/bin/../lib/gcc/arm-none-eabi/5.4.1/armv7-m/crti.o
 .ARM.attributes
                0x0000001d       0x2d c:/program files (x86)/cypress/psoc creator/4.2/psoc creator/import/gnu/arm/5.4.1/bin/../lib/gcc/arm-none-eabi/5.4.1/armv7-m/crtbegin.o
 .ARM.attributes
                0x0000004a       0x1b c:/program files (x86)/cypress/psoc creator/4.2/psoc creator/import/gnu/arm/5.4.1/bin/../lib/gcc/arm-none-eabi/5.4.1/../../../../arm-none-eabi/lib/armv7-m/crt0.o
 .ARM.attributes
                0x00000065       0x33 .\CortexM3\ARM_GCC_541\Debug\main.o
 .ARM.attributes
                0x00000098       0x33 .\CortexM3\ARM_GCC_541\Debug\cyfitter_cfg.o
 .ARM.attributes
                0x000000cb       0x33 .\CortexM3\ARM_GCC_541\Debug\cymetadata.o
 .ARM.attributes
                0x000000fe       0x33 .\CortexM3\ARM_GCC_541\Debug\Cm3Start.o
 .ARM.attributes
                0x00000131       0x33 .\CortexM3\ARM_GCC_541\Debug\Proy3_1.a(ADC.o)
 .ARM.attributes
                0x00000164       0x33 .\CortexM3\ARM_GCC_541\Debug\Proy3_1.a(ADC_INT.o)
 .ARM.attributes
                0x00000197       0x33 .\CortexM3\ARM_GCC_541\Debug\Proy3_1.a(DAC.o)
 .ARM.attributes
                0x000001ca       0x33 .\CortexM3\ARM_GCC_541\Debug\Proy3_1.a(LCD.o)
 .ARM.attributes
                0x000001fd       0x33 .\CortexM3\ARM_GCC_541\Debug\Proy3_1.a(ADC_theACLK.o)
 .ARM.attributes
                0x00000230       0x33 .\CortexM3\ARM_GCC_541\Debug\Proy3_1.a(CyLib.o)
 .ARM.attributes
                0x00000263       0x33 .\CortexM3\ARM_GCC_541\Debug\Proy3_1.a(cyPm.o)
 .ARM.attributes
                0x00000296       0x33 .\CortexM3\ARM_GCC_541\Debug\Proy3_1.a(LEDS.o)
 .ARM.attributes
                0x000002c9       0x33 .\CortexM3\ARM_GCC_541\Debug\Proy3_1.a(ISR.o)
 .ARM.attributes
                0x000002fc       0x33 .\CortexM3\ARM_GCC_541\Debug\Proy3_1.a(Timer.o)
 .ARM.attributes
                0x0000032f       0x33 .\CortexM3\ARM_GCC_541\Debug\Proy3_1.a(SW.o)
 .ARM.attributes
                0x00000362       0x33 .\CortexM3\ARM_GCC_541\Debug\Proy3_1.a(ISR_1.o)
 .ARM.attributes
                0x00000395       0x21 .\CortexM3\ARM_GCC_541\Debug\Proy3_1.a(CyBootAsmGnu.o)
 .ARM.attributes
                0x000003b6       0x33 .\CortexM3\ARM_GCC_541\Debug\Proy3_1.a(CyFlash.o)
 .ARM.attributes
                0x000003e9       0x33 .\CortexM3\ARM_GCC_541\Debug\Proy3_1.a(CySpc.o)
 .ARM.attributes
                0x0000041c       0x1d c:/program files (x86)/cypress/psoc creator/4.2/psoc creator/import/gnu/arm/5.4.1/bin/../lib/gcc/arm-none-eabi/5.4.1/armv7-m\libgcc.a(_arm_addsubsf3.o)
 .ARM.attributes
                0x00000439       0x1d c:/program files (x86)/cypress/psoc creator/4.2/psoc creator/import/gnu/arm/5.4.1/bin/../lib/gcc/arm-none-eabi/5.4.1/armv7-m\libgcc.a(_arm_muldivsf3.o)
 .ARM.attributes
                0x00000456       0x1d c:/program files (x86)/cypress/psoc creator/4.2/psoc creator/import/gnu/arm/5.4.1/bin/../lib/gcc/arm-none-eabi/5.4.1/armv7-m\libgcc.a(_arm_fixunssfsi.o)
 .ARM.attributes
                0x00000473       0x1d c:/program files (x86)/cypress/psoc creator/4.2/psoc creator/import/gnu/arm/5.4.1/bin/../lib/gcc/arm-none-eabi/5.4.1/armv7-m\libgcc.a(_aeabi_ldivmod.o)
 .ARM.attributes
                0x00000490       0x2d c:/program files (x86)/cypress/psoc creator/4.2/psoc creator/import/gnu/arm/5.4.1/bin/../lib/gcc/arm-none-eabi/5.4.1/armv7-m\libgcc.a(_udivmoddi4.o)
 .ARM.attributes
                0x000004bd       0x1d c:/program files (x86)/cypress/psoc creator/4.2/psoc creator/import/gnu/arm/5.4.1/bin/../lib/gcc/arm-none-eabi/5.4.1/armv7-m\libgcc.a(_dvmd_tls.o)
 .ARM.attributes
                0x000004da       0x2d c:/program files (x86)/cypress/psoc creator/4.2/psoc creator/import/gnu/arm/5.4.1/bin/../lib/gcc/arm-none-eabi/5.4.1/../../../../arm-none-eabi/lib/armv7-m\libg_nano.a(lib_a-errno.o)
 .ARM.attributes
                0x00000507       0x2d c:/program files (x86)/cypress/psoc creator/4.2/psoc creator/import/gnu/arm/5.4.1/bin/../lib/gcc/arm-none-eabi/5.4.1/../../../../arm-none-eabi/lib/armv7-m\libg_nano.a(lib_a-exit.o)
 .ARM.attributes
                0x00000534       0x2d c:/program files (x86)/cypress/psoc creator/4.2/psoc creator/import/gnu/arm/5.4.1/bin/../lib/gcc/arm-none-eabi/5.4.1/../../../../arm-none-eabi/lib/armv7-m\libg_nano.a(lib_a-impure.o)
 .ARM.attributes
                0x00000561       0x2d c:/program files (x86)/cypress/psoc creator/4.2/psoc creator/import/gnu/arm/5.4.1/bin/../lib/gcc/arm-none-eabi/5.4.1/../../../../arm-none-eabi/lib/armv7-m\libg_nano.a(lib_a-init.o)
 .ARM.attributes
                0x0000058e       0x2d c:/program files (x86)/cypress/psoc creator/4.2/psoc creator/import/gnu/arm/5.4.1/bin/../lib/gcc/arm-none-eabi/5.4.1/../../../../arm-none-eabi/lib/armv7-m\libg_nano.a(lib_a-memcpy-stub.o)
 .ARM.attributes
                0x000005bb       0x2d c:/program files (x86)/cypress/psoc creator/4.2/psoc creator/import/gnu/arm/5.4.1/bin/../lib/gcc/arm-none-eabi/5.4.1/../../../../arm-none-eabi/lib/armv7-m\libg_nano.a(lib_a-memset.o)
 .ARM.attributes
                0x000005e8       0x2d c:/program files (x86)/cypress/psoc creator/4.2/psoc creator/import/gnu/arm/5.4.1/bin/../lib/gcc/arm-none-eabi/5.4.1/armv7-m/crtend.o
 .ARM.attributes
                0x00000615       0x1d c:/program files (x86)/cypress/psoc creator/4.2/psoc creator/import/gnu/arm/5.4.1/bin/../lib/gcc/arm-none-eabi/5.4.1/armv7-m/crtn.o

/DISCARD/
 *(.note.GNU-stack)
OUTPUT(C:\Users\nikod\Documents\PSoC Creator\FiltroFIRDigitalProgramable\Proy3_1.cydsn\CortexM3\ARM_GCC_541\Debug\Proy3_1.elf elf32-littlearm)
